
synthesis -f "capclean_impl1_lattice.synproj"
synthesis:  version Diamond (64-bit) 3.14.0.75.2

Copyright (c) 1991-1994 by NeoCAD Inc. All rights reserved.
Copyright (c) 1995 AT&T Corp.   All rights reserved.
Copyright (c) 1995-2001 Lucent Technologies Inc.  All rights reserved.
Copyright (c) 2001 Agere Systems   All rights reserved.
Copyright (c) 2002-2024 Lattice Semiconductor Corporation,  All rights reserved.
Mon May 11 21:13:32 2026


Command Line:  synthesis -f capclean_impl1_lattice.synproj 

INFO - synthesis: Lattice Synthesis Engine Launched.
Synthesis options:
The -a option is ECP5U.
The -s option is 6.
The -t option is CABGA256.
The -d option is LFE5U-25F.
Using package CABGA256.
Using performance grade 6.
                                                          

##########################################################

### Lattice Family : ECP5U

### Device  : LFE5U-25F

### Package : CABGA256

### Speed   : 6

##########################################################

                                                          

INFO - synthesis: User-Selected Strategy Settings
Optimization goal = Timing
Top-level module name = fpga_top.
Target frequency = 200.000000 MHz.
Maximum fanout = 1000.
Timing path count = 3
BRAM utilization = 100.000000 %
DSP usage = true
DSP utilization = 100.000000 %
fsm_encoding_style = auto
resolve_mixed_drivers = 0
fix_gated_clocks = 1

Mux style = Auto
Use Carry Chain = true
carry_chain_length = 0
Loop Limit = 1950.
Use IO Insertion = TRUE
Use IO Reg = AUTO

Resource Sharing = TRUE
Propagate Constants = TRUE
Remove Duplicate Registers = TRUE
force_gsr = auto
ROM style = auto
RAM style = auto
The -comp option is FALSE.
The -syn option is FALSE.
-p C:/Users/kunsh/Desktop/AiCamera/Lattice Diamond/recording/_capture_clean_build (searchpath added)
-p C:/lscc/diamond/3.14/ispfpga/sa5p00/data (searchpath added)
-p C:/Users/kunsh/Desktop/AiCamera/Lattice Diamond/recording/_capture_clean_build/impl1 (searchpath added)
-p C:/Users/kunsh/Desktop/AiCamera/Lattice Diamond/recording/_capture_clean_build (searchpath added)
Verilog design file = C:/Users/kunsh/Desktop/AiCamera/Lattice Diamond/recording/async_fifo_16x1024.v
Verilog design file = C:/Users/kunsh/Desktop/AiCamera/Lattice Diamond/recording/box20_cnn_frame_scanner.v
Verilog design file = C:/Users/kunsh/Desktop/AiCamera/Lattice Diamond/recording/box20_cnn_int8_core.v
Verilog design file = C:/Users/kunsh/Desktop/AiCamera/Lattice Diamond/recording/bmp_sector_streamer.v
Verilog design file = C:/Users/kunsh/Desktop/AiCamera/Lattice Diamond/recording/cam_capture_rgb565.v
Verilog design file = C:/Users/kunsh/Desktop/AiCamera/Lattice Diamond/recording/debug_uart_text.v
Verilog design file = C:/Users/kunsh/Desktop/AiCamera/Lattice Diamond/recording/fpga_cmd_rx.v
Verilog design file = C:/Users/kunsh/Desktop/AiCamera/Lattice Diamond/recording/fpga_top.v
Verilog design file = C:/Users/kunsh/Desktop/AiCamera/Lattice Diamond/recording/framebuffer_capture.v
Verilog design file = C:/Users/kunsh/Desktop/AiCamera/Lattice Diamond/recording/ov5640_sccb_init.v
Verilog design file = C:/Users/kunsh/Desktop/AiCamera/Lattice Diamond/recording/reset_sync.v
Verilog design file = C:/Users/kunsh/Desktop/AiCamera/Lattice Diamond/recording/sd_spi_writer.v
Verilog design file = C:/Users/kunsh/Desktop/AiCamera/Lattice Diamond/recording/uart_rx.v
Verilog design file = C:/Users/kunsh/Desktop/AiCamera/Lattice Diamond/recording/uart_tx.v
Verilog design file = C:/Users/kunsh/Desktop/AiCamera/Lattice Diamond/recording/w9825_sdram_ctrl.v
Verilog design file = C:/Users/kunsh/Desktop/AiCamera/Lattice Diamond/recording/debug_uart_min.v
Verilog design file = C:/Users/kunsh/Desktop/AiCamera/Lattice Diamond/recording/debug_uart_status.v
NGD file = capclean_impl1.ngd
-sdc option: SDC file input not used.
-lpf option: Output file option is ON.
Hardtimer checking is enabled (default). The -dt option is not used.
The -r option is OFF. [ Remove LOC Properties is OFF. ]
Technology check ok...

Analyzing Verilog file C:/lscc/diamond/3.14/ispfpga/userware/NT/SYNTHESIS_HEADERS/ecp5u.v. VERI-1482
Compile design.
Compile Design Begin
Analyzing Verilog file c:/users/kunsh/desktop/aicamera/lattice diamond/recording/async_fifo_16x1024.v. VERI-1482
Analyzing Verilog file c:/users/kunsh/desktop/aicamera/lattice diamond/recording/box20_cnn_frame_scanner.v. VERI-1482
Analyzing Verilog file c:/users/kunsh/desktop/aicamera/lattice diamond/recording/box20_cnn_int8_core.v. VERI-1482
Analyzing Verilog file c:/users/kunsh/desktop/aicamera/lattice diamond/recording/bmp_sector_streamer.v. VERI-1482
Analyzing Verilog file c:/users/kunsh/desktop/aicamera/lattice diamond/recording/cam_capture_rgb565.v. VERI-1482
Analyzing Verilog file c:/users/kunsh/desktop/aicamera/lattice diamond/recording/debug_uart_text.v. VERI-1482
Analyzing Verilog file c:/users/kunsh/desktop/aicamera/lattice diamond/recording/fpga_cmd_rx.v. VERI-1482
Analyzing Verilog file c:/users/kunsh/desktop/aicamera/lattice diamond/recording/fpga_top.v. VERI-1482
INFO - synthesis: c:/users/kunsh/desktop/aicamera/lattice diamond/recording/fpga_top.v(123): analyzing included file c:/users/kunsh/desktop/aicamera/lattice diamond/recording/model_box20_linear_plus_neg300/box20_linear_params.vh. VERI-1328
Analyzing Verilog file c:/users/kunsh/desktop/aicamera/lattice diamond/recording/framebuffer_capture.v. VERI-1482
Analyzing Verilog file c:/users/kunsh/desktop/aicamera/lattice diamond/recording/ov5640_sccb_init.v. VERI-1482
Analyzing Verilog file c:/users/kunsh/desktop/aicamera/lattice diamond/recording/reset_sync.v. VERI-1482
Analyzing Verilog file c:/users/kunsh/desktop/aicamera/lattice diamond/recording/sd_spi_writer.v. VERI-1482
Analyzing Verilog file c:/users/kunsh/desktop/aicamera/lattice diamond/recording/uart_rx.v. VERI-1482
Analyzing Verilog file c:/users/kunsh/desktop/aicamera/lattice diamond/recording/uart_tx.v. VERI-1482
Analyzing Verilog file c:/users/kunsh/desktop/aicamera/lattice diamond/recording/w9825_sdram_ctrl.v. VERI-1482
Analyzing Verilog file c:/users/kunsh/desktop/aicamera/lattice diamond/recording/debug_uart_min.v. VERI-1482
Analyzing Verilog file c:/users/kunsh/desktop/aicamera/lattice diamond/recording/debug_uart_status.v. VERI-1482
Analyzing Verilog file C:/lscc/diamond/3.14/ispfpga/userware/NT/SYNTHESIS_HEADERS/ecp5u.v. VERI-1482
Top module name (Verilog): fpga_top
INFO - synthesis: c:/users/kunsh/desktop/aicamera/lattice diamond/recording/fpga_top.v(1): compiling module fpga_top. VERI-1018
INFO - synthesis: c:/users/kunsh/desktop/aicamera/lattice diamond/recording/reset_sync.v(1): compiling module reset_sync. VERI-1018
INFO - synthesis: c:/users/kunsh/desktop/aicamera/lattice diamond/recording/ov5640_sccb_init.v(1): compiling module ov5640_sccb_init. VERI-1018
WARNING - synthesis: c:/users/kunsh/desktop/aicamera/lattice diamond/recording/ov5640_sccb_init.v(36): net reg_addr does not have a driver. VDB-1002
WARNING - synthesis: c:/users/kunsh/desktop/aicamera/lattice diamond/recording/ov5640_sccb_init.v(37): net reg_data does not have a driver. VDB-1002
INFO - synthesis: c:/users/kunsh/desktop/aicamera/lattice diamond/recording/uart_rx.v(1): compiling module uart_rx. VERI-1018
INFO - synthesis: c:/users/kunsh/desktop/aicamera/lattice diamond/recording/fpga_cmd_rx.v(1): compiling module fpga_cmd_rx. VERI-1018
INFO - synthesis: c:/users/kunsh/desktop/aicamera/lattice diamond/recording/w9825_sdram_ctrl.v(1): compiling module w9825_sdram_ctrl. VERI-1018
WARNING - synthesis: c:/users/kunsh/desktop/aicamera/lattice diamond/recording/w9825_sdram_ctrl.v(97): expression size 32 truncated to fit in target size 6. VERI-1209
INFO - synthesis: c:/users/kunsh/desktop/aicamera/lattice diamond/recording/async_fifo_16x1024.v(1): compiling module async_fifo_16x1024. VERI-1018
INFO - synthesis: c:/users/kunsh/desktop/aicamera/lattice diamond/recording/async_fifo_16x1024.v(1): compiling module async_fifo_16x1024(AW=15). VERI-1018
INFO - synthesis: c:/users/kunsh/desktop/aicamera/lattice diamond/recording/framebuffer_capture.v(1): compiling module framebuffer_capture. VERI-1018
INFO - synthesis: c:/users/kunsh/desktop/aicamera/lattice diamond/recording/box20_cnn_frame_scanner.v(6): compiling module box20_cnn_frame_scanner. VERI-1018
INFO - synthesis: c:/users/kunsh/desktop/aicamera/lattice diamond/recording/box20_cnn_int8_core.v(11): compiling module box20_cnn_int8_core. VERI-1018
WARNING - synthesis: c:/users/kunsh/desktop/aicamera/lattice diamond/recording/box20_cnn_int8_core.v(160): using initial value of fcb_mem since it is never assigned. VERI-1220
WARNING - synthesis: c:/users/kunsh/desktop/aicamera/lattice diamond/recording/box20_cnn_int8_core.v(145): expression size 20 truncated to fit in target size 16. VERI-1209
WARNING - synthesis: c:/users/kunsh/desktop/aicamera/lattice diamond/recording/box20_cnn_int8_core.v(150): net w1 does not have a driver. VDB-1002
WARNING - synthesis: c:/users/kunsh/desktop/aicamera/lattice diamond/recording/box20_cnn_int8_core.v(151): net b1 does not have a driver. VDB-1002
WARNING - synthesis: c:/users/kunsh/desktop/aicamera/lattice diamond/recording/box20_cnn_int8_core.v(152): net fcw does not have a driver. VDB-1002
WARNING - synthesis: c:/users/kunsh/desktop/aicamera/lattice diamond/recording/fpga_top.v(1191): expression size 13 truncated to fit in target size 8. VERI-1209
WARNING - synthesis: c:/users/kunsh/desktop/aicamera/lattice diamond/recording/fpga_top.v(1227): expression size 10 truncated to fit in target size 8. VERI-1209
WARNING - synthesis: c:/users/kunsh/desktop/aicamera/lattice diamond/recording/fpga_top.v(1228): expression size 10 truncated to fit in target size 8. VERI-1209
WARNING - synthesis: c:/users/kunsh/desktop/aicamera/lattice diamond/recording/fpga_top.v(1229): expression size 10 truncated to fit in target size 8. VERI-1209
WARNING - synthesis: c:/users/kunsh/desktop/aicamera/lattice diamond/recording/fpga_top.v(1259): expression size 8 truncated to fit in target size 5. VERI-1209
WARNING - synthesis: c:/users/kunsh/desktop/aicamera/lattice diamond/recording/fpga_top.v(1260): expression size 9 truncated to fit in target size 6. VERI-1209
WARNING - synthesis: c:/users/kunsh/desktop/aicamera/lattice diamond/recording/fpga_top.v(1261): expression size 8 truncated to fit in target size 5. VERI-1209
Constant propagated thru Write Port :clk_write_port_1179.

Constant propagated thru Write Port :clk_write_port_1180.

Constant propagated thru Write Port :clk_write_port_1181.

WARNING - synthesis: c:/users/kunsh/desktop/aicamera/lattice diamond/recording/fpga_top.v(2157): Register qvga_avg_pending_pclk_3881 is stuck at Zero. VDB-5013
Last elaborated design is fpga_top()
Loading NGL library 'C:/lscc/diamond/3.14/ispfpga/sa5p00/data/sa5plib.ngl'...
Loading NGL library 'C:/lscc/diamond/3.14/ispfpga/xo2c00/data/xo2clib.ngl'...
Loading NGL library 'C:/lscc/diamond/3.14/ispfpga/mg5g00/data/mg5glib.ngl'...
Loading NGL library 'C:/lscc/diamond/3.14/ispfpga/or5g00/data/orc5glib.ngl'...
Loading device for application map from file 'sa5p25.nph' in environment: C:/lscc/diamond/3.14/ispfpga.
Package Status:                     Final          Version 1.44.
Top-level module name = fpga_top.
WARNING - synthesis: c:/users/kunsh/desktop/aicamera/lattice diamond/recording/ov5640_sccb_init.v(36): ram reg_addr_original_ramnet has no write-port on it. VDB-1038
WARNING - synthesis: c:/users/kunsh/desktop/aicamera/lattice diamond/recording/ov5640_sccb_init.v(37): ram reg_data_original_ramnet has no write-port on it. VDB-1038
WARNING - synthesis: c:/users/kunsh/desktop/aicamera/lattice diamond/recording/box20_cnn_int8_core.v(150): ram w1_original_ramnet has no write-port on it. VDB-1038
WARNING - synthesis: c:/users/kunsh/desktop/aicamera/lattice diamond/recording/box20_cnn_int8_core.v(151): ram b1_original_ramnet has no write-port on it. VDB-1038
WARNING - synthesis: c:/users/kunsh/desktop/aicamera/lattice diamond/recording/box20_cnn_int8_core.v(152): ram fcw_original_ramnet has no write-port on it. VDB-1038
WARNING - synthesis: Bit 7 of Register qvga_cur_y_pclk is stuck at Zero
WARNING - synthesis: Bit 6 of Register qvga_cur_y_pclk is stuck at Zero
WARNING - synthesis: Bit 5 of Register qvga_cur_y_pclk is stuck at Zero
WARNING - synthesis: Bit 4 of Register qvga_cur_y_pclk is stuck at Zero
WARNING - synthesis: Bit 3 of Register qvga_cur_y_pclk is stuck at Zero
WARNING - synthesis: Bit 2 of Register qvga_cur_y_pclk is stuck at Zero
WARNING - synthesis: Bit 1 of Register qvga_cur_y_pclk is stuck at Zero
WARNING - synthesis: Bit 0 of Register qvga_cur_y_pclk is stuck at Zero
WARNING - synthesis: Bit 7 of Register qvga_cur_u_pclk is stuck at One
WARNING - synthesis: Bit 6 of Register qvga_cur_u_pclk is stuck at Zero
WARNING - synthesis: Bit 5 of Register qvga_cur_u_pclk is stuck at Zero
WARNING - synthesis: Bit 4 of Register qvga_cur_u_pclk is stuck at Zero
WARNING - synthesis: Bit 3 of Register qvga_cur_u_pclk is stuck at Zero
WARNING - synthesis: Bit 2 of Register qvga_cur_u_pclk is stuck at Zero
WARNING - synthesis: Bit 1 of Register qvga_cur_u_pclk is stuck at Zero
WARNING - synthesis: Bit 0 of Register qvga_cur_u_pclk is stuck at Zero
WARNING - synthesis: Bit 7 of Register qvga_cur_v_pclk is stuck at One
WARNING - synthesis: Bit 6 of Register qvga_cur_v_pclk is stuck at Zero
WARNING - synthesis: Bit 5 of Register qvga_cur_v_pclk is stuck at Zero
WARNING - synthesis: Bit 4 of Register qvga_cur_v_pclk is stuck at Zero
WARNING - synthesis: Bit 3 of Register qvga_cur_v_pclk is stuck at Zero
WARNING - synthesis: Bit 2 of Register qvga_cur_v_pclk is stuck at Zero
WARNING - synthesis: Bit 1 of Register qvga_cur_v_pclk is stuck at Zero
WARNING - synthesis: Bit 0 of Register qvga_cur_v_pclk is stuck at Zero
WARNING - synthesis: Bit 7 of Register qvga_prev_y_pclk is stuck at Zero
WARNING - synthesis: Bit 6 of Register qvga_prev_y_pclk is stuck at Zero
WARNING - synthesis: Bit 5 of Register qvga_prev_y_pclk is stuck at Zero
WARNING - synthesis: Bit 4 of Register qvga_prev_y_pclk is stuck at Zero
WARNING - synthesis: Bit 3 of Register qvga_prev_y_pclk is stuck at Zero
WARNING - synthesis: Bit 2 of Register qvga_prev_y_pclk is stuck at Zero
WARNING - synthesis: Bit 1 of Register qvga_prev_y_pclk is stuck at Zero
WARNING - synthesis: Bit 0 of Register qvga_prev_y_pclk is stuck at Zero
WARNING - synthesis: Bit 7 of Register qvga_prev_u_pclk is stuck at One
WARNING - synthesis: Bit 6 of Register qvga_prev_u_pclk is stuck at Zero
WARNING - synthesis: Bit 5 of Register qvga_prev_u_pclk is stuck at Zero
WARNING - synthesis: Bit 4 of Register qvga_prev_u_pclk is stuck at Zero
WARNING - synthesis: Bit 3 of Register qvga_prev_u_pclk is stuck at Zero
WARNING - synthesis: Bit 2 of Register qvga_prev_u_pclk is stuck at Zero
WARNING - synthesis: Bit 1 of Register qvga_prev_u_pclk is stuck at Zero
WARNING - synthesis: Bit 0 of Register qvga_prev_u_pclk is stuck at Zero
WARNING - synthesis: Bit 7 of Register qvga_prev_v_pclk is stuck at One
WARNING - synthesis: Bit 6 of Register qvga_prev_v_pclk is stuck at Zero
WARNING - synthesis: Bit 5 of Register qvga_prev_v_pclk is stuck at Zero
WARNING - synthesis: Bit 4 of Register qvga_prev_v_pclk is stuck at Zero
WARNING - synthesis: Bit 3 of Register qvga_prev_v_pclk is stuck at Zero
WARNING - synthesis: Bit 2 of Register qvga_prev_v_pclk is stuck at Zero
WARNING - synthesis: Bit 1 of Register qvga_prev_v_pclk is stuck at Zero
WARNING - synthesis: Bit 0 of Register qvga_prev_v_pclk is stuck at Zero
WARNING - synthesis: I/O Port RX 's net has no driver and is unused.
WARNING - synthesis: I/O Port DIN 's net has no driver and is unused.
WARNING - synthesis: I/O Port CCLK 's net has no driver and is unused.
######## Converting I/O port M_D1 to output.
######## Converting I/O port M_D0 to output.
######## Converting I/O port M_D2 to output.
######## Converting I/O port M_D3 to output.
######## Converting I/O port M_CMD to output.
WARNING - synthesis: Bit 1 of Register \u_sdram/SD_DQM is stuck at Zero
WARNING - synthesis: Bit 0 of Register \u_sdram/SD_DQM is stuck at Zero
WARNING - synthesis: c:/users/kunsh/desktop/aicamera/lattice diamond/recording/w9825_sdram_ctrl.v(105): Register \u_sdram/SD_CKE_220 is stuck at One. VDB-5014
Constant propagated thru Write Port :\u_box20_cnn_scanner/pclk_I_0.

Constant propagated thru Read Port :\u_box20_cnn_scanner/rd_addr_14__I_0.

WARNING - synthesis: Bit 15 of Register \u_box20_cnn_scanner/rd_data is stuck at Zero
WARNING - synthesis: Bit 14 of Register \u_box20_cnn_scanner/rd_data is stuck at Zero
WARNING - synthesis: Bit 13 of Register \u_box20_cnn_scanner/rd_data is stuck at Zero
WARNING - synthesis: Bit 12 of Register \u_box20_cnn_scanner/rd_data is stuck at Zero
WARNING - synthesis: Bit 11 of Register \u_box20_cnn_scanner/rd_data is stuck at Zero
WARNING - synthesis: Bit 10 of Register \u_box20_cnn_scanner/rd_data is stuck at Zero
WARNING - synthesis: Bit 9 of Register \u_box20_cnn_scanner/rd_data is stuck at Zero
WARNING - synthesis: Bit 8 of Register \u_box20_cnn_scanner/rd_data is stuck at Zero
WARNING - synthesis: Bit 7 of Register \u_box20_cnn_scanner/rd_data is stuck at Zero
WARNING - synthesis: Bit 6 of Register \u_box20_cnn_scanner/rd_data is stuck at Zero
WARNING - synthesis: Bit 5 of Register \u_box20_cnn_scanner/rd_data is stuck at Zero
WARNING - synthesis: Bit 4 of Register \u_box20_cnn_scanner/rd_data is stuck at Zero
WARNING - synthesis: Bit 3 of Register \u_box20_cnn_scanner/rd_data is stuck at Zero
WARNING - synthesis: Bit 2 of Register \u_box20_cnn_scanner/rd_data is stuck at Zero
WARNING - synthesis: Bit 1 of Register \u_box20_cnn_scanner/rd_data is stuck at Zero
WARNING - synthesis: Bit 0 of Register \u_box20_cnn_scanner/rd_data is stuck at Zero
WARNING - synthesis: Bit 0 of Register \u_rst/shreg is stuck at Zero
WARNING - synthesis: Bit 1 of Register \u_rst/shreg is stuck at Zero
WARNING - synthesis: Bit 0 of Register \u_rst/shreg is stuck at Zero
WARNING - synthesis: Bit 0 of Register pclk_rst_sync is stuck at Zero
WARNING - synthesis: c:/users/kunsh/desktop/aicamera/lattice diamond/recording/w9825_sdram_ctrl.v(105): Register \u_sdram/SD_CS_N_221 is stuck at Zero. VDB-5013
WARNING - synthesis: Bit 1 of Register pclk_rst_sync is stuck at Zero
INFO - synthesis: Extracted state machine for register 'qvga_tx_state_sys' with gray encoding
original encoding -> new encoding (gray encoding)

 00 -> 00

 01 -> 01

INFO - synthesis: Extracted state machine for register '\u_uart_rx/state' with one-hot encoding
original encoding -> new encoding (one-hot encoding)

 00 -> 0001

 01 -> 0010

 10 -> 0100

 11 -> 1000

INFO - synthesis: Extracted state machine for register '\u_snap_capture/state' with gray encoding
original encoding -> new encoding (gray encoding)

 00 -> 00

 01 -> 01

 10 -> 11

INFO - synthesis: Extracted state machine for register '\u_sdram/state' with one-hot encoding
original encoding -> new encoding (one-hot encoding)

 000001 -> 00000000000001

 000010 -> 00000000000010

 000011 -> 00000000000100

 000100 -> 00000000001000

 000101 -> 00000000010000

 000110 -> 00000000100000

 000111 -> 00000001000000

 001000 -> 00000010000000

 001001 -> 00000100000000

 001010 -> 00001000000000

 001011 -> 00010000000000

 001100 -> 00100000000000

 001101 -> 01000000000000

 001110 -> 10000000000000




WARNING - synthesis: Bit 7 of Register \u_cam_init/bytes[3] is stuck at Zero
WARNING - synthesis: Bit 6 of Register \u_cam_init/bytes[3] is stuck at One
WARNING - synthesis: Bit 5 of Register \u_cam_init/bytes[3] is stuck at One
WARNING - synthesis: Bit 4 of Register \u_cam_init/bytes[3] is stuck at One
WARNING - synthesis: Bit 3 of Register \u_cam_init/bytes[3] is stuck at One
WARNING - synthesis: Bit 2 of Register \u_cam_init/bytes[3] is stuck at Zero
WARNING - synthesis: Bit 1 of Register \u_cam_init/bytes[3] is stuck at Zero
WARNING - synthesis: Bit 0 of Register \u_cam_init/bytes[3] is stuck at Zero
WARNING - synthesis: Bit 21 of Register sdram_rd_addr is stuck at Zero
WARNING - synthesis: Bit 20 of Register sdram_rd_addr is stuck at Zero
WARNING - synthesis: Bit 19 of Register sdram_rd_addr is stuck at Zero
WARNING - synthesis: Bit 13 of Register \u_sdram/state_FSM is stuck at Zero
WARNING - synthesis: Bit 1 of Register \u_cam_init/retry_ctr is stuck at Zero
WARNING - synthesis: Bit 0 of Register \u_cam_init/retry_ctr is stuck at Zero
WARNING - synthesis: Bit 5 of Register \u_cam_init/state is stuck at Zero
WARNING - synthesis: Bit 4 of Register \u_cam_init/state is stuck at Zero
######## Found 2 RTL RAMs in the design.
######## Mapping RTL RAM \u_qvga_fifo/mem to 32 EBR blocks in PSEUDO_DUAL_PORT Mode

######## Mapping RTL RAM \u_snap_fifo/mem to 1 EBR blocks in PSEUDO_DUAL_PORT Mode

######## Converting I/O port cam_sda to output.
WARNING - synthesis: I/O Port RX 's net has no driver and is unused.
WARNING - synthesis: I/O Port DIN 's net has no driver and is unused.
WARNING - synthesis: I/O Port CCLK 's net has no driver and is unused.
######## Converting I/O port SD_DQ[15] to output.
######## Converting I/O port SD_DQ[14] to output.
######## Converting I/O port SD_DQ[13] to output.
######## Converting I/O port SD_DQ[12] to output.
######## Converting I/O port SD_DQ[11] to output.
######## Converting I/O port SD_DQ[10] to output.
######## Converting I/O port SD_DQ[9] to output.
######## Converting I/O port SD_DQ[8] to output.
######## Converting I/O port SD_DQ[7] to output.
######## Converting I/O port SD_DQ[6] to output.
######## Converting I/O port SD_DQ[5] to output.
######## Converting I/O port SD_DQ[4] to output.
######## Converting I/O port SD_DQ[3] to output.
######## Converting I/O port SD_DQ[2] to output.
######## Converting I/O port SD_DQ[1] to output.
######## Converting I/O port SD_DQ[0] to output.
WARNING - synthesis: Bit 1 of Register qvga_tx_state_sys is stuck at Zero
WARNING - synthesis: c:/users/kunsh/desktop/aicamera/lattice diamond/recording/w9825_sdram_ctrl.v(103): Register \u_sdram/state_FSM_i13 is stuck at Zero. VDB-5013
WARNING - synthesis: c:/users/kunsh/desktop/aicamera/lattice diamond/recording/ov5640_sccb_init.v(542): Register \u_cam_init/init_done_r_162 is stuck at One. VDB-5014
WARNING - synthesis: c:/users/kunsh/desktop/aicamera/lattice diamond/recording/fpga_top.v(2157): Register cam_init_pclk_sync_i0 is stuck at One. VDB-5014
WARNING - synthesis: c:/users/kunsh/desktop/aicamera/lattice diamond/recording/fpga_top.v(3915): Register tx_preview_replay_active_4067 is stuck at One. VDB-5014
WARNING - synthesis: c:/users/kunsh/desktop/aicamera/lattice diamond/recording/fpga_top.v(3915): Register tx_preview_col_gap_4074 is stuck at Zero. VDB-5013
WARNING - synthesis: c:/users/kunsh/desktop/aicamera/lattice diamond/recording/fpga_top.v(3717): Register tx_preview_col_gap_ctr_8415__i0 is stuck at Zero. VDB-5013
Duplicate register/latch removal. \u_snap_fifo/mem_9342 is a one-to-one match with \u_snap_fifo/rd_bin_rep_19_i5.
Duplicate register/latch removal. \u_qvga_fifo/mem_9086 is a one-to-one match with \u_qvga_fifo/rd_bin_rep_20_i14.
Duplicate register/latch removal. \u_qvga_fifo/mem_9083 is a one-to-one match with \u_qvga_fifo/rd_bin_rep_20_i13.
Duplicate register/latch removal. \u_qvga_fifo/mem_9081 is a one-to-one match with \u_qvga_fifo/rd_bin_rep_20_i12.
Duplicate register/latch removal. \u_qvga_fifo/mem_9079 is a one-to-one match with \u_qvga_fifo/rd_bin_rep_20_i11.
Duplicate register/latch removal. \u_snap_fifo/rd_bin_rep_19_i0 is a one-to-one match with \u_snap_fifo/mem_9332.
Duplicate register/latch removal. \u_qvga_fifo/mem_9077 is a one-to-one match with \u_qvga_fifo/rd_bin_rep_21__0_i0.
Duplicate register/latch removal. \u_qvga_fifo/mem_9075 is a one-to-one match with \u_qvga_fifo/rd_bin_rep_20_i9.
Duplicate register/latch removal. \u_qvga_fifo/mem_9073 is a one-to-one match with \u_qvga_fifo/rd_bin_rep_20_i8.
Duplicate register/latch removal. \u_qvga_fifo/mem_9071 is a one-to-one match with \u_qvga_fifo/rd_bin_rep_20_i7.
Duplicate register/latch removal. \u_qvga_fifo/mem_9069 is a one-to-one match with \u_qvga_fifo/rd_bin_rep_20_i6.
Duplicate register/latch removal. \u_snap_fifo/mem_9340 is a one-to-one match with \u_snap_fifo/rd_bin_rep_19_i4.
Duplicate register/latch removal. \u_qvga_fifo/mem_9067 is a one-to-one match with \u_qvga_fifo/rd_bin_rep_20_i5.
Duplicate register/latch removal. \u_qvga_fifo/mem_9065 is a one-to-one match with \u_qvga_fifo/rd_bin_rep_20_i4.
Duplicate register/latch removal. \u_qvga_fifo/mem_9063 is a one-to-one match with \u_qvga_fifo/rd_bin_rep_20_i3.
Duplicate register/latch removal. \u_qvga_fifo/mem_9061 is a one-to-one match with \u_qvga_fifo/rd_bin_rep_20_i2.
Duplicate register/latch removal. \u_qvga_fifo/mem_9059 is a one-to-one match with \u_qvga_fifo/rd_bin_rep_20_i1.
Duplicate register/latch removal. \u_qvga_fifo/mem_9057 is a one-to-one match with \u_qvga_fifo/rd_bin_rep_20_i0.
Duplicate register/latch removal. \u_snap_fifo/mem_9348 is a one-to-one match with \u_snap_fifo/rd_bin_rep_19_i8.
Duplicate register/latch removal. \u_snap_fifo/mem_9334 is a one-to-one match with \u_snap_fifo/rd_bin_rep_19_i1.
Duplicate register/latch removal. \u_snap_fifo/mem_9344 is a one-to-one match with \u_snap_fifo/rd_bin_rep_19_i6.
Duplicate register/latch removal. \u_snap_fifo/mem_9346 is a one-to-one match with \u_snap_fifo/rd_bin_rep_19_i7.
Duplicate register/latch removal. \u_snap_fifo/mem_9336 is a one-to-one match with \u_snap_fifo/rd_bin_rep_19_i2.
Duplicate register/latch removal. \u_snap_fifo/mem_9338 is a one-to-one match with \u_snap_fifo/rd_bin_rep_19_i3.
Duplicate register/latch removal. \u_snap_fifo/mem_9351 is a one-to-one match with \u_snap_fifo/rd_bin_rep_19_i9.
Duplicate register/latch removal. \u_qvga_fifo/rd_bin_rep_20_i10 is a one-to-one match with \u_qvga_fifo/mem_9077.
Duplicate register/latch removal. \u_qvga_fifo/rd_bin_rep_21__0_i1 is a one-to-one match with \u_qvga_fifo/mem_9079.
Duplicate register/latch removal. \u_qvga_fifo/rd_bin_rep_21__0_i2 is a one-to-one match with \u_qvga_fifo/mem_9081.
Duplicate register/latch removal. \u_qvga_fifo/rd_bin_rep_21__0_i3 is a one-to-one match with \u_qvga_fifo/mem_9083.
Duplicate register/latch removal. \u_qvga_fifo/rd_bin_rep_21__0_i4 is a one-to-one match with \u_qvga_fifo/mem_9086.
WARNING - synthesis: c:/users/kunsh/desktop/aicamera/lattice diamond/recording/fpga_top.v(3764): Register tx_snap_preamble_left_8416__i0 is stuck at One. VDB-5014
WARNING - synthesis: c:/users/kunsh/desktop/aicamera/lattice diamond/recording/fpga_top.v(3764): Register tx_snap_preamble_left_8416__i1 is stuck at Zero. VDB-5013
WARNING - synthesis: c:/users/kunsh/desktop/aicamera/lattice diamond/recording/fpga_top.v(3693): Register tx_snap_row_gap_ctr_8412__i0 is stuck at Zero. VDB-5013
GSR will not be inferred because no asynchronous signal was found in the netlist.
Duplicate register/latch removal. \u_snap_fifo/wr_gray_i0_i10 is a one-to-one match with \u_snap_fifo/wr_bin_i0_i10.
Duplicate register/latch removal. \u_qvga_fifo/wr_gray_i0_i15 is a one-to-one match with \u_qvga_fifo/wr_bin_i0_i15.
Duplicate register/latch removal. \u_qvga_fifo/rd_bin_i0_i15 is a one-to-one match with \u_qvga_fifo/rd_gray_i0_i15.
Applying 200.000000 MHz constraint to all clocks

WARNING - synthesis: No user .sdc file.
Results of NGD DRC are available in fpga_top_drc.log.
Loading NGL library 'C:/lscc/diamond/3.14/ispfpga/sa5p00/data/sa5plib.ngl'...
Loading NGL library 'C:/lscc/diamond/3.14/ispfpga/xo2c00/data/xo2clib.ngl'...
Loading NGL library 'C:/lscc/diamond/3.14/ispfpga/mg5g00/data/mg5glib.ngl'...
Loading NGL library 'C:/lscc/diamond/3.14/ispfpga/or5g00/data/orc5glib.ngl'...


Running DRC...

WARNING - synthesis: logical net 'RX' has no load.
WARNING - synthesis: input pad net 'RX' has no legal load.
WARNING - synthesis: logical net 'DIN' has no load.
WARNING - synthesis: input pad net 'DIN' has no legal load.
WARNING - synthesis: logical net 'CCLK' has no load.
WARNING - synthesis: input pad net 'CCLK' has no legal load.
WARNING - synthesis: DRC complete with 6 warnings.

Design Results:
  14865 blocks expanded
completed the first expansion
All blocks are expanded and NGD expansion is successful.
Writing NGD file capclean_impl1.ngd.

################### Begin Area Report (fpga_top)######################
Number of register bits => 6582 of 24879 (26 % )
CCU2C => 417
DP16KD => 33
FD1P3AX => 3164
FD1P3IX => 2938
FD1P3JX => 13
FD1S3AX => 393
FD1S3IX => 67
FD1S3JX => 7
GSR => 1
IB => 13
L6MUX21 => 1080
LUT4 => 5110
MULT18X18D => 4
OB => 38
OBZ => 20
PDPW16KD => 1
PFUMX => 1563
################### End Area Report ##################

################### Begin Clock Report ######################
Clock Nets
Number of Clocks: 2
  Net : PCLK_c, loads : 5748
  Net : CRYSTAL_c, loads : 903
Clock Enable Nets
Number of Clock Enables: 290
Top 10 highest fanout Clock Enables:
  Net : u_qvga_fifo/CRYSTAL_c_enable_292, loads : 52
  Net : PCLK_c_enable_2577, loads : 51
  Net : PCLK_c_enable_3499, loads : 50
  Net : PCLK_c_enable_3599, loads : 50
  Net : PCLK_c_enable_2727, loads : 50
  Net : PCLK_c_enable_3925, loads : 50
  Net : PCLK_c_enable_3975, loads : 50
  Net : PCLK_c_enable_5225, loads : 50
  Net : PCLK_c_enable_4025, loads : 50
  Net : PCLK_c_enable_2627, loads : 50
Highest fanout non-clock nets
Top 10 highest fanout non-clock nets:
  Net : n117262, loads : 2581
  Net : box20_eval_idx_pclk_0, loads : 1000
  Net : box20_accum_idx_reg_pclk_0, loads : 1000
  Net : box20_eval_idx_pclk_1, loads : 657
  Net : box20_accum_idx_reg_pclk_1, loads : 648
  Net : box20_accum_idx_reg_pclk_2, loads : 335
  Net : box20_eval_idx_pclk_2, loads : 333
  Net : maxfan_replicated_net_289, loads : 290
  Net : maxfan_replicated_net_284, loads : 285
  Net : u_qvga_fifo/n73169, loads : 257
################### End Clock Report ##################

Timing Report Summary
--------------
--------------------------------------------------------------------------------
Constraint                              |   Constraint|       Actual|Levels
--------------------------------------------------------------------------------
                                        |             |             |
create_clock -period 5.000000 -name     |             |             |
clk1 [get_nets CRYSTAL_c]               |  200.000 MHz|   53.274 MHz|    14 *
                                        |             |             |
create_clock -period 5.000000 -name     |             |             |
clk0 [get_nets PCLK_c]                  |  200.000 MHz|   49.838 MHz|    17 *
                                        |             |             |
--------------------------------------------------------------------------------


2 constraints not met.


Peak Memory Usage: 252.012  MB

--------------------------------------------------------------
Elapsed CPU time for LSE flow : 48.891  secs
--------------------------------------------------------------

map -a "ECP5U" -p LFE5U-25F -t CABGA256 -s 6 -oc Commercial   "capclean_impl1.ngd" -o "capclean_impl1_map.ncd" -pr "capclean_impl1.prf" -mp "capclean_impl1.mrp" -lpf "C:/Users/kunsh/Desktop/AiCamera/Lattice Diamond/recording/_capture_clean_build/impl1/capclean_impl1.lpf" -lpf "C:/Users/kunsh/Desktop/AiCamera/Lattice Diamond/recording/record.lpf"             
map:  version Diamond (64-bit) 3.14.0.75.2

Copyright (c) 1991-1994 by NeoCAD Inc. All rights reserved.
Copyright (c) 1995 AT&T Corp.   All rights reserved.
Copyright (c) 1995-2001 Lucent Technologies Inc.  All rights reserved.
Copyright (c) 2001 Agere Systems   All rights reserved.
Copyright (c) 2002-2024 Lattice Semiconductor Corporation,  All rights reserved.
   Process the file: capclean_impl1.ngd
   Picdevice="LFE5U-25F"

   Pictype="CABGA256"

   Picspeed=6

   Remove unused logic

   Do not produce over sized NCDs.

Part used: LFE5U-25FCABGA256, Performance used: 6.

WARNING - map: C:/Users/kunsh/Desktop/AiCamera/Lattice Diamond/recording/record.lpf(85): Semantic error in "IOBUF PORT "RX" IO_TYPE=LVCMOS33 PULLMODE=UP DRIVE=8 SLEWRATE=SLOW CLAMP=ON OPENDRAIN=OFF DIFFRESISTOR=OFF DIFFDRIVE="NA" BANK_VCCIO=3.3 HYSTERESIS=ON TERMINATION=OFF ;": Port "RX" does not exist in the design. This preference has been disabled.
WARNING - map: C:/Users/kunsh/Desktop/AiCamera/Lattice Diamond/recording/record.lpf(87): Semantic error in "IOBUF PORT "DIN" IO_TYPE=LVCMOS33 PULLMODE=NONE DRIVE=NA SLEWRATE=NA CLAMP=OFF OPENDRAIN=OFF DIFFRESISTOR=OFF DIFFDRIVE="NA" BANK_VCCIO=3.3 HYSTERESIS=ON TERMINATION=OFF ;": Port "DIN" does not exist in the design. This preference has been disabled.
WARNING - map: C:/Users/kunsh/Desktop/AiCamera/Lattice Diamond/recording/record.lpf(89): Semantic error in "IOBUF PORT "CCLK" IO_TYPE=LVCMOS33 PULLMODE=NONE DRIVE=NA SLEWRATE=NA CLAMP=ON OPENDRAIN=OFF DIFFRESISTOR=OFF DIFFDRIVE="NA" BANK_VCCIO=3.3 HYSTERESIS=ON TERMINATION=OFF ;": Port "CCLK" does not exist in the design. This preference has been disabled.
Loading device for application map from file 'sa5p25.nph' in environment: C:/lscc/diamond/3.14/ispfpga.
Package Status:                     Final          Version 1.44.

WARNING - map: DOUT_pad/IOBUF has conflicing BANK and VCCIO settings, which will be ignored

WARNING - map: OPENDRAIN=OFF for DOUT_pad/IOBUF violates legal combination and is ignored.

WARNING - map: SD_A_pad_10/IOBUF has conflicing BANK and VCCIO settings, which will be ignored

WARNING - map: OPENDRAIN=OFF for SD_A_pad_10/IOBUF violates legal combination and is ignored.

WARNING - map: SD_A_pad_0/IOBUF has conflicing BANK and VCCIO settings, which will be ignored

WARNING - map: OPENDRAIN=OFF for SD_A_pad_0/IOBUF violates legal combination and is ignored.

Running general design DRC...

WARNING - map: input pad net 'RX' has no legal load.
WARNING - map: input pad net 'DIN' has no legal load.
WARNING - map: input pad net 'CCLK' has no legal load.
Removing unused logic...

Optimizing...

1231 CCU2 constant inputs absorbed.

WARNING - map: IO buffer missing for top level port RX...logic will be discarded.
WARNING - map: IO buffer missing for top level port DIN...logic will be discarded.
WARNING - map: IO buffer missing for top level port CCLK...logic will be discarded.



Design Summary:
   Number of registers:   6582 out of 24879 (26%)
      PFU registers:         6582 out of 24288 (27%)
      PIO registers:            0 out of   591 (0%)
   Number of SLICEs:      6132 out of 12144 (50%)
      SLICEs as Logic/ROM:   6132 out of 12144 (50%)
      SLICEs as RAM:            0 out of  9108 (0%)
      SLICEs as Carry:        417 out of 12144 (3%)
   Number of LUT4s:        5991 out of 24288 (25%)
      Number used as logic LUTs:        5157
      Number used as distributed RAM:     0
      Number used as ripple logic:      834
      Number used as shift registers:     0
   Number of PIO sites used: 71 out of 197 (36%)
   Number of block RAMs:  34 out of 56 (61%)
   Number of GSRs:  0 out of 1 (0%)
   JTAG used :      No
   Readback used :  No
   Oscillator used :  No
   Startup used :   No
   DTR used :   No
   Number of Dynamic Bank Controller (BCINRD):  0 out of 4 (0%)
   Number of Dynamic Bank Controller (BCLVDSOB):  0 out of 4 (0%)
   Number of DCC:  0 out of 60 (0%)
   Number of DCS:  0 out of 2 (0%)
   Number of PLLs:  0 out of 2 (0%)
   Number of DDRDLLs:  0 out of 4 (0%)
   Number of CLKDIV:  0 out of 4 (0%)
   Number of ECLKSYNC:  0 out of 10 (0%)
   Number of ECLKBRIDGECS:  0 out of 2 (0%)
   Notes:-
      1. Total number of LUT4s = (Number of logic LUT4s) + 2*(Number of distributed RAMs) + 2*(Number of ripple logic)
      2. Number of logic LUT4s does not include count of distributed RAM and ripple logic.

   Number Of Mapped DSP Components:
   --------------------------------
   MULT18X18D          4
   MULT9X9D            0
   ALU54B              0
   ALU24B              0
   PRADD18A            0
   PRADD9A             0
   --------------------------------
   Number of Used DSP MULT Sites:  8 out of 56 (14 %)
   Number of Used DSP ALU Sites:  0 out of 28 (0 %)
   Number of Used DSP PRADD Sites:  0 out of 56 (0 %)
   Number of clocks:  2
     Net PCLK_c: 3031 loads, 3031 rising, 0 falling (Driver: PIO PCLK )
     Net CRYSTAL_c: 527 loads, 527 rising, 0 falling (Driver: PIO CRYSTAL )
   Number of Clock Enables:  289
     Net href_pclk: 5 loads, 5 LSLICEs
     Net box20_grid_eval_active_pclk: 1 loads, 1 LSLICEs
     Net PCLK_c_enable_5453: 6 loads, 6 LSLICEs
     Net PCLK_c_enable_5459: 1 loads, 1 LSLICEs
     Net PCLK_c_enable_4125: 27 loads, 27 LSLICEs
     Net PCLK_c_enable_661: 6 loads, 6 LSLICEs
     Net PCLK_c_enable_5462: 24 loads, 24 LSLICEs
     Net PCLK_c_enable_4175: 27 loads, 27 LSLICEs
     Net PCLK_c_enable_2528: 4 loads, 4 LSLICEs
     Net PCLK_c_enable_2535: 4 loads, 4 LSLICEs
     Net PCLK_c_enable_2577: 25 loads, 25 LSLICEs
     Net qvga_tx_busy_sys_N_12793: 6 loads, 6 LSLICEs
     Net CRYSTAL_c_enable_4: 1 loads, 1 LSLICEs
     Net PCLK_c_enable_3023: 5 loads, 5 LSLICEs
     Net PCLK_c_enable_3029: 4 loads, 4 LSLICEs
     Net PCLK_c_enable_3036: 4 loads, 4 LSLICEs
     Net qvga_fifo_rd_en: 9 loads, 9 LSLICEs
     Net CRYSTAL_c_enable_490: 1 loads, 1 LSLICEs
     Net PCLK_c_enable_3084: 25 loads, 25 LSLICEs
     Net PCLK_c_enable_3131: 25 loads, 25 LSLICEs
     Net PCLK_c_enable_5297: 12 loads, 12 LSLICEs
     Net box20_eval_active_pclk: 1 loads, 1 LSLICEs
     Net PCLK_c_enable_3842: 8 loads, 8 LSLICEs
     Net PCLK_c_enable_24: 2 loads, 2 LSLICEs
     Net PCLK_c_enable_3857: 8 loads, 8 LSLICEs
     Net PCLK_c_enable_5025: 26 loads, 26 LSLICEs
     Net CRYSTAL_c_enable_122: 25 loads, 25 LSLICEs
     Net CRYSTAL_c_enable_127: 5 loads, 5 LSLICEs
     Net CRYSTAL_c_enable_26: 2 loads, 2 LSLICEs
     Net PCLK_c_enable_4225: 26 loads, 26 LSLICEs
     Net PCLK_c_enable_3872: 8 loads, 8 LSLICEs
     Net PCLK_c_enable_3879: 4 loads, 4 LSLICEs
     Net PCLK_c_enable_3881: 2 loads, 2 LSLICEs
     Net PCLK_c_enable_5075: 26 loads, 26 LSLICEs
     Net PCLK_c_enable_5125: 26 loads, 26 LSLICEs
     Net PCLK_c_enable_5175: 26 loads, 26 LSLICEs
     Net PCLK_c_enable_5225: 26 loads, 26 LSLICEs
     Net CRYSTAL_c_enable_272: 20 loads, 20 LSLICEs
     Net PCLK_c_enable_5314: 1 loads, 1 LSLICEs
     Net PCLK_c_enable_4325: 27 loads, 27 LSLICEs
     Net PCLK_c_enable_5322: 1 loads, 1 LSLICEs
     Net PCLK_c_enable_5461: 1 loads, 1 LSLICEs
     Net PCLK_c_enable_5272: 24 loads, 24 LSLICEs
     Net PCLK_c_enable_4275: 27 loads, 27 LSLICEs
     Net PCLK_c_enable_26: 1 loads, 1 LSLICEs
     Net PCLK_c_enable_23: 1 loads, 1 LSLICEs
     Net qvga_frame_pending_sys_N_12828: 4 loads, 4 LSLICEs
     Net PCLK_c_enable_3499: 25 loads, 25 LSLICEs
     Net PCLK_c_enable_25: 1 loads, 1 LSLICEs
     Net cmd_snapshot_pulse: 1 loads, 1 LSLICEs
     Net PCLK_c_enable_5303: 1 loads, 1 LSLICEs
     Net PCLK_c_enable_5304: 1 loads, 1 LSLICEs
     Net PCLK_c_enable_5299: 1 loads, 1 LSLICEs
     Net PCLK_c_enable_5300: 1 loads, 1 LSLICEs
     Net PCLK_c_enable_5301: 1 loads, 1 LSLICEs
     Net PCLK_c_enable_5400: 30 loads, 30 LSLICEs
     Net PCLK_c_enable_5404: 5 loads, 5 LSLICEs
     Net PCLK_c_enable_5336: 1 loads, 1 LSLICEs
     Net PCLK_c_enable_5329: 1 loads, 1 LSLICEs
     Net PCLK_c_enable_5331: 1 loads, 1 LSLICEs
     Net PCLK_c_enable_5330: 1 loads, 1 LSLICEs
     Net PCLK_c_enable_5332: 1 loads, 1 LSLICEs
     Net PCLK_c_enable_5333: 1 loads, 1 LSLICEs
     Net PCLK_c_enable_5335: 1 loads, 1 LSLICEs
     Net PCLK_c_enable_5313: 1 loads, 1 LSLICEs
     Net PCLK_c_enable_5305: 1 loads, 1 LSLICEs
     Net PCLK_c_enable_3882: 1 loads, 1 LSLICEs
     Net PCLK_c_enable_5312: 1 loads, 1 LSLICEs
     Net PCLK_c_enable_5307: 1 loads, 1 LSLICEs
     Net PCLK_c_enable_5451: 22 loads, 22 LSLICEs
     Net PCLK_c_enable_5450: 22 loads, 22 LSLICEs
     Net PCLK_c_enable_5449: 22 loads, 22 LSLICEs
     Net PCLK_c_enable_5448: 22 loads, 22 LSLICEs
     Net PCLK_c_enable_5447: 22 loads, 22 LSLICEs
     Net PCLK_c_enable_5446: 22 loads, 22 LSLICEs
     Net PCLK_c_enable_5445: 22 loads, 22 LSLICEs
     Net PCLK_c_enable_5444: 22 loads, 22 LSLICEs
     Net PCLK_c_enable_5443: 22 loads, 22 LSLICEs
     Net PCLK_c_enable_5442: 22 loads, 22 LSLICEs
     Net PCLK_c_enable_5441: 22 loads, 22 LSLICEs
     Net PCLK_c_enable_5440: 22 loads, 22 LSLICEs
     Net PCLK_c_enable_5439: 22 loads, 22 LSLICEs
     Net PCLK_c_enable_5438: 22 loads, 22 LSLICEs
     Net PCLK_c_enable_5437: 22 loads, 22 LSLICEs
     Net PCLK_c_enable_5436: 22 loads, 22 LSLICEs
     Net PCLK_c_enable_5435: 22 loads, 22 LSLICEs
     Net PCLK_c_enable_5434: 22 loads, 22 LSLICEs
     Net PCLK_c_enable_5433: 22 loads, 22 LSLICEs
     Net PCLK_c_enable_5432: 22 loads, 22 LSLICEs
     Net PCLK_c_enable_5431: 22 loads, 22 LSLICEs
     Net PCLK_c_enable_5430: 22 loads, 22 LSLICEs
     Net PCLK_c_enable_5429: 22 loads, 22 LSLICEs
     Net PCLK_c_enable_5428: 22 loads, 22 LSLICEs
     Net PCLK_c_enable_5427: 22 loads, 22 LSLICEs
     Net PCLK_c_enable_5426: 22 loads, 22 LSLICEs
     Net PCLK_c_enable_5425: 22 loads, 22 LSLICEs
     Net PCLK_c_enable_5424: 22 loads, 22 LSLICEs
     Net PCLK_c_enable_5423: 22 loads, 22 LSLICEs
     Net PCLK_c_enable_5422: 22 loads, 22 LSLICEs
     Net PCLK_c_enable_5421: 22 loads, 22 LSLICEs
     Net PCLK_c_enable_5420: 22 loads, 22 LSLICEs
     Net PCLK_c_enable_5419: 22 loads, 22 LSLICEs
     Net PCLK_c_enable_5418: 22 loads, 22 LSLICEs
     Net PCLK_c_enable_5417: 22 loads, 22 LSLICEs
     Net PCLK_c_enable_5416: 22 loads, 22 LSLICEs
     Net PCLK_c_enable_5415: 22 loads, 22 LSLICEs
     Net PCLK_c_enable_5414: 22 loads, 22 LSLICEs
     Net PCLK_c_enable_5413: 22 loads, 22 LSLICEs
     Net PCLK_c_enable_5412: 22 loads, 22 LSLICEs
     Net PCLK_c_enable_5411: 22 loads, 22 LSLICEs
     Net PCLK_c_enable_5410: 22 loads, 22 LSLICEs
     Net PCLK_c_enable_5409: 22 loads, 22 LSLICEs
     Net PCLK_c_enable_5408: 22 loads, 22 LSLICEs
     Net PCLK_c_enable_5407: 22 loads, 22 LSLICEs
     Net PCLK_c_enable_5406: 22 loads, 22 LSLICEs
     Net PCLK_c_enable_5405: 23 loads, 23 LSLICEs
     Net PCLK_c_enable_671: 5 loads, 5 LSLICEs
     Net PCLK_c_enable_681: 5 loads, 5 LSLICEs
     Net PCLK_c_enable_691: 5 loads, 5 LSLICEs
     Net PCLK_c_enable_701: 5 loads, 5 LSLICEs
     Net PCLK_c_enable_711: 5 loads, 5 LSLICEs
     Net PCLK_c_enable_721: 5 loads, 5 LSLICEs
     Net PCLK_c_enable_731: 5 loads, 5 LSLICEs
     Net PCLK_c_enable_741: 5 loads, 5 LSLICEs
     Net PCLK_c_enable_751: 5 loads, 5 LSLICEs
     Net PCLK_c_enable_761: 5 loads, 5 LSLICEs
     Net PCLK_c_enable_771: 5 loads, 5 LSLICEs
     Net PCLK_c_enable_781: 5 loads, 5 LSLICEs
     Net PCLK_c_enable_791: 5 loads, 5 LSLICEs
     Net PCLK_c_enable_801: 5 loads, 5 LSLICEs
     Net PCLK_c_enable_811: 5 loads, 5 LSLICEs
     Net PCLK_c_enable_821: 5 loads, 5 LSLICEs
     Net PCLK_c_enable_831: 5 loads, 5 LSLICEs
     Net PCLK_c_enable_841: 5 loads, 5 LSLICEs
     Net PCLK_c_enable_851: 5 loads, 5 LSLICEs
     Net PCLK_c_enable_861: 5 loads, 5 LSLICEs
     Net PCLK_c_enable_871: 5 loads, 5 LSLICEs
     Net PCLK_c_enable_881: 5 loads, 5 LSLICEs
     Net PCLK_c_enable_891: 5 loads, 5 LSLICEs
     Net PCLK_c_enable_901: 5 loads, 5 LSLICEs
     Net PCLK_c_enable_911: 5 loads, 5 LSLICEs
     Net PCLK_c_enable_921: 5 loads, 5 LSLICEs
     Net PCLK_c_enable_931: 5 loads, 5 LSLICEs
     Net PCLK_c_enable_941: 5 loads, 5 LSLICEs
     Net PCLK_c_enable_951: 5 loads, 5 LSLICEs
     Net PCLK_c_enable_961: 5 loads, 5 LSLICEs
     Net PCLK_c_enable_971: 5 loads, 5 LSLICEs
     Net PCLK_c_enable_981: 5 loads, 5 LSLICEs
     Net PCLK_c_enable_991: 5 loads, 5 LSLICEs
     Net PCLK_c_enable_1001: 5 loads, 5 LSLICEs
     Net PCLK_c_enable_1011: 5 loads, 5 LSLICEs
     Net PCLK_c_enable_1021: 5 loads, 5 LSLICEs
     Net PCLK_c_enable_1031: 5 loads, 5 LSLICEs
     Net PCLK_c_enable_1041: 5 loads, 5 LSLICEs
     Net PCLK_c_enable_1051: 5 loads, 5 LSLICEs
     Net PCLK_c_enable_1061: 5 loads, 5 LSLICEs
     Net PCLK_c_enable_1071: 5 loads, 5 LSLICEs
     Net PCLK_c_enable_1081: 5 loads, 5 LSLICEs
     Net PCLK_c_enable_1091: 5 loads, 5 LSLICEs
     Net PCLK_c_enable_1101: 5 loads, 5 LSLICEs
     Net PCLK_c_enable_1111: 5 loads, 5 LSLICEs
     Net PCLK_c_enable_1121: 5 loads, 5 LSLICEs
     Net PCLK_c_enable_1131: 5 loads, 5 LSLICEs
     Net PCLK_c_enable_5308: 1 loads, 1 LSLICEs
     Net PCLK_c_enable_5309: 1 loads, 1 LSLICEs
     Net PCLK_c_enable_5311: 1 loads, 1 LSLICEs
     Net PCLK_c_enable_2627: 26 loads, 26 LSLICEs
     Net PCLK_c_enable_2677: 26 loads, 26 LSLICEs
     Net PCLK_c_enable_2727: 26 loads, 26 LSLICEs
     Net PCLK_c_enable_2777: 26 loads, 26 LSLICEs
     Net PCLK_c_enable_2827: 26 loads, 26 LSLICEs
     Net PCLK_c_enable_2877: 26 loads, 26 LSLICEs
     Net PCLK_c_enable_2927: 26 loads, 26 LSLICEs
     Net PCLK_c_enable_2977: 26 loads, 26 LSLICEs
     Net PCLK_c_enable_3149: 26 loads, 26 LSLICEs
     Net PCLK_c_enable_3030: 1 loads, 1 LSLICEs
     Net PCLK_c_enable_3037: 1 loads, 1 LSLICEs
     Net PCLK_c_enable_3199: 25 loads, 25 LSLICEs
     Net PCLK_c_enable_3249: 25 loads, 25 LSLICEs
     Net PCLK_c_enable_3299: 25 loads, 25 LSLICEs
     Net PCLK_c_enable_3349: 25 loads, 25 LSLICEs
     Net PCLK_c_enable_3399: 25 loads, 25 LSLICEs
     Net PCLK_c_enable_3449: 25 loads, 25 LSLICEs
     Net PCLK_c_enable_3549: 25 loads, 25 LSLICEs
     Net PCLK_c_enable_3599: 25 loads, 25 LSLICEs
     Net PCLK_c_enable_3649: 25 loads, 25 LSLICEs
     Net PCLK_c_enable_3699: 25 loads, 25 LSLICEs
     Net PCLK_c_enable_3749: 25 loads, 25 LSLICEs
     Net PCLK_c_enable_3799: 25 loads, 25 LSLICEs
     Net PCLK_c_enable_3807: 4 loads, 4 LSLICEs
     Net PCLK_c_enable_5460: 9 loads, 9 LSLICEs
     Net CRYSTAL_c_enable_129: 1 loads, 1 LSLICEs
     Net PCLK_c_enable_3925: 22 loads, 22 LSLICEs
     Net PCLK_c_enable_3975: 27 loads, 27 LSLICEs
     Net PCLK_c_enable_4025: 27 loads, 27 LSLICEs
     Net PCLK_c_enable_4075: 26 loads, 26 LSLICEs
     Net PCLK_c_enable_4375: 26 loads, 26 LSLICEs
     Net PCLK_c_enable_4425: 27 loads, 27 LSLICEs
     Net PCLK_c_enable_4475: 27 loads, 27 LSLICEs
     Net PCLK_c_enable_4525: 26 loads, 26 LSLICEs
     Net PCLK_c_enable_4575: 27 loads, 27 LSLICEs
     Net PCLK_c_enable_4625: 27 loads, 27 LSLICEs
     Net PCLK_c_enable_4675: 26 loads, 26 LSLICEs
     Net PCLK_c_enable_4725: 26 loads, 26 LSLICEs
     Net PCLK_c_enable_4775: 26 loads, 26 LSLICEs
     Net PCLK_c_enable_4825: 26 loads, 26 LSLICEs
     Net PCLK_c_enable_4875: 26 loads, 26 LSLICEs
     Net PCLK_c_enable_4925: 26 loads, 26 LSLICEs
     Net PCLK_c_enable_4975: 26 loads, 26 LSLICEs
     Net PCLK_c_enable_5342: 1 loads, 1 LSLICEs
     Net PCLK_c_enable_5338: 1 loads, 1 LSLICEs
     Net state_0: 19 loads, 19 LSLICEs
     Net CRYSTAL_c_enable_477: 12 loads, 12 LSLICEs
     Net PCLK_c_enable_5341: 1 loads, 1 LSLICEs
     Net CRYSTAL_c_enable_480: 7 loads, 7 LSLICEs
     Net CRYSTAL_c_enable_481: 5 loads, 5 LSLICEs
     Net CRYSTAL_c_enable_483: 4 loads, 4 LSLICEs
     Net CRYSTAL_c_enable_484: 4 loads, 4 LSLICEs
     Net CRYSTAL_c_enable_485: 10 loads, 10 LSLICEs
     Net PCLK_c_enable_5319: 1 loads, 1 LSLICEs
     Net PCLK_c_enable_5317: 1 loads, 1 LSLICEs
     Net PCLK_c_enable_5316: 1 loads, 1 LSLICEs
     Net PCLK_c_enable_5315: 1 loads, 1 LSLICEs
     Net PCLK_c_enable_5320: 1 loads, 1 LSLICEs
     Net PCLK_c_enable_5327: 1 loads, 1 LSLICEs
     Net PCLK_c_enable_5325: 1 loads, 1 LSLICEs
     Net PCLK_c_enable_5324: 1 loads, 1 LSLICEs
     Net PCLK_c_enable_5323: 1 loads, 1 LSLICEs
     Net PCLK_c_enable_5321: 1 loads, 1 LSLICEs
     Net PCLK_c_enable_5454: 1 loads, 1 LSLICEs
     Net PCLK_c_enable_5328: 1 loads, 1 LSLICEs
     Net CRYSTAL_c_enable_493: 8 loads, 8 LSLICEs
     Net CRYSTAL_c_enable_489: 1 loads, 1 LSLICEs
     Net u_uart_rx/CRYSTAL_c_enable_177: 4 loads, 4 LSLICEs
     Net u_uart_rx/CRYSTAL_c_enable_185: 4 loads, 4 LSLICEs
     Net u_uart_rx/CRYSTAL_c_enable_476: 2 loads, 2 LSLICEs
     Net PCLK_c_enable_5463: 5 loads, 5 LSLICEs
     Net PCLK_c_enable_5456: 1 loads, 1 LSLICEs
     Net CRYSTAL_c_enable_486: 1 loads, 1 LSLICEs
     Net CRYSTAL_c_enable_287: 8 loads, 8 LSLICEs
     Net PCLK_c_enable_5455: 1 loads, 1 LSLICEs
     Net PCLK_c_enable_5343: 1 loads, 1 LSLICEs
     Net PCLK_c_enable_5337: 1 loads, 1 LSLICEs
     Net PCLK_c_enable_5457: 1 loads, 1 LSLICEs
     Net PCLK_c_enable_5302: 1 loads, 1 LSLICEs
     Net PCLK_c_enable_5310: 1 loads, 1 LSLICEs
     Net PCLK_c_enable_5318: 1 loads, 1 LSLICEs
     Net PCLK_c_enable_5326: 1 loads, 1 LSLICEs
     Net PCLK_c_enable_5334: 1 loads, 1 LSLICEs
     Net PCLK_c_enable_5458: 7 loads, 7 LSLICEs
     Net PCLK_c_enable_5298: 1 loads, 1 LSLICEs
     Net PCLK_c_enable_5306: 1 loads, 1 LSLICEs
     Net PCLK_c_enable_5339: 1 loads, 1 LSLICEs
     Net PCLK_c_enable_5340: 1 loads, 1 LSLICEs
     Net CRYSTAL_c_enable_358: 1 loads, 1 LSLICEs
     Net CRYSTAL_c_enable_487: 2 loads, 2 LSLICEs
     Net u_sdram/CRYSTAL_c_enable_492: 12 loads, 12 LSLICEs
     Net u_sdram/CRYSTAL_c_enable_144: 8 loads, 8 LSLICEs
     Net u_sdram/SD_CS_N_N_14031: 8 loads, 8 LSLICEs
     Net u_sdram/CRYSTAL_c_enable_354: 9 loads, 9 LSLICEs
     Net u_sdram/CRYSTAL_c_enable_15: 1 loads, 1 LSLICEs
     Net u_sdram/CRYSTAL_c_enable_491: 8 loads, 8 LSLICEs
     Net u_sdram/CRYSTAL_c_enable_482: 3 loads, 3 LSLICEs
     Net u_snap_fifo/wr_bin_next_10_N_14176_0: 11 loads, 11 LSLICEs
     Net u_cam_init/tick: 5 loads, 4 LSLICEs
     Net u_cam_init/CRYSTAL_c_enable_146: 2 loads, 2 LSLICEs
     Net u_cam_init/CRYSTAL_c_enable_170: 12 loads, 12 LSLICEs
     Net u_cam_init/CRYSTAL_c_enable_494: 1 loads, 1 LSLICEs
     Net u_cam_init/CRYSTAL_c_enable_147: 1 loads, 1 LSLICEs
     Net u_cam_init/CRYSTAL_c_enable_475: 17 loads, 17 LSLICEs
     Net u_cam_init/CRYSTAL_c_enable_355: 1 loads, 1 LSLICEs
     Net u_cam_init/CRYSTAL_c_enable_478: 2 loads, 2 LSLICEs
     Net u_cam_init/CRYSTAL_c_enable_479: 1 loads, 1 LSLICEs
     Net u_cam_init/CRYSTAL_c_enable_496: 1 loads, 1 LSLICEs
     Net u_cam_init/CRYSTAL_c_enable_495: 1 loads, 1 LSLICEs
     Net u_snap_capture/CRYSTAL_c_enable_22: 1 loads, 1 LSLICEs
     Net u_snap_capture/CRYSTAL_c_enable_24: 1 loads, 1 LSLICEs
     Net u_qvga_fifo/wr_bin_next_15_N_14439_0: 17 loads, 17 LSLICEs
     Net u_qvga_fifo/CRYSTAL_c_enable_292: 28 loads, 28 LSLICEs
     Net u_cmd_rx/CRYSTAL_c_enable_2: 1 loads, 1 LSLICEs
     Net u_cmd_rx/CRYSTAL_c_enable_178: 1 loads, 1 LSLICEs
     Net u_cmd_rx/CRYSTAL_c_enable_319: 2 loads, 2 LSLICEs
     Net u_cmd_rx/CRYSTAL_c_enable_35: 4 loads, 4 LSLICEs
     Net u_cmd_rx/CRYSTAL_c_enable_43: 4 loads, 4 LSLICEs
     Net u_cmd_rx/CRYSTAL_c_enable_51: 4 loads, 4 LSLICEs
     Net u_cmd_rx/CRYSTAL_c_enable_59: 4 loads, 4 LSLICEs
     Net u_cmd_rx/CRYSTAL_c_enable_67: 5 loads, 5 LSLICEs
     Net u_cmd_rx/CRYSTAL_c_enable_75: 4 loads, 4 LSLICEs
     Net u_cmd_rx/CRYSTAL_c_enable_474: 4 loads, 4 LSLICEs
   Number of LSRs:  58
     Net n116984: 1 loads, 1 LSLICEs
     Net n117262: 1313 loads, 1313 LSLICEs
     Net n92089: 6 loads, 6 LSLICEs
     Net n117145: 18 loads, 18 LSLICEs
     Net PCLK_c_enable_2577: 5 loads, 5 LSLICEs
     Net n91891: 3 loads, 3 LSLICEs
     Net PCLK_c_enable_3131: 1 loads, 1 LSLICEs
     Net n106568: 1 loads, 1 LSLICEs
     Net n116991: 1 loads, 1 LSLICEs
     Net n80842: 1 loads, 1 LSLICEs
     Net n80838: 1 loads, 1 LSLICEs
     Net CRYSTAL_c_enable_26: 3 loads, 3 LSLICEs
     Net n117057: 1 loads, 1 LSLICEs
     Net n91710: 1 loads, 1 LSLICEs
     Net PCLK_c_enable_5272: 2 loads, 2 LSLICEs
     Net qvga_frame_pending_sys_N_12828: 1 loads, 1 LSLICEs
     Net n88609: 5 loads, 5 LSLICEs
     Net PCLK_c_enable_3807: 41 loads, 41 LSLICEs
     Net PCLK_c_enable_3925: 7 loads, 7 LSLICEs
     Net n92035: 12 loads, 12 LSLICEs
     Net n91938: 5 loads, 5 LSLICEs
     Net n94114: 4 loads, 4 LSLICEs
     Net n91922: 4 loads, 4 LSLICEs
     Net n91905: 10 loads, 10 LSLICEs
     Net n65695: 3 loads, 3 LSLICEs
     Net n92103: 8 loads, 8 LSLICEs
     Net n93064: 2 loads, 2 LSLICEs
     Net n93068: 6 loads, 6 LSLICEs
     Net n91756: 10 loads, 10 LSLICEs
     Net snap_fifo_full: 1 loads, 1 LSLICEs
     Net u_uart_rx/n71661: 9 loads, 9 LSLICEs
     Net u_uart_rx/n63974: 1 loads, 1 LSLICEs
     Net u_uart_rx/n91755: 2 loads, 2 LSLICEs
     Net n91762: 8 loads, 8 LSLICEs
     Net n91844: 6 loads, 6 LSLICEs
     Net n91760: 5 loads, 5 LSLICEs
     Net n80839: 1 loads, 1 LSLICEs
     Net n85791: 1 loads, 1 LSLICEs
     Net n93977: 6 loads, 6 LSLICEs
     Net n91943: 7 loads, 7 LSLICEs
     Net n91901: 2 loads, 2 LSLICEs
     Net n91889: 1 loads, 1 LSLICEs
     Net u_sdram/op_is_read_N_14012: 1 loads, 1 LSLICEs
     Net u_sdram/n91754: 5 loads, 5 LSLICEs
     Net u_sdram/op_is_read: 1 loads, 1 LSLICEs
     Net u_sdram/SD_CS_N_N_14031: 1 loads, 1 LSLICEs
     Net u_sdram/SD_CS_N_N_14029: 1 loads, 1 LSLICEs
     Net u_sdram/SD_CS_N_N_14032: 1 loads, 1 LSLICEs
     Net u_sdram/SD_CS_N_N_14027: 1 loads, 1 LSLICEs
     Net u_sdram/n91935: 2 loads, 2 LSLICEs
     Net u_sdram/n92016: 3 loads, 3 LSLICEs
     Net u_cam_init/tick_N_13468: 9 loads, 9 LSLICEs
     Net u_cam_init/n92058: 17 loads, 17 LSLICEs
     Net u_cam_init/n91742: 2 loads, 2 LSLICEs
     Net u_cam_init/n91741: 1 loads, 1 LSLICEs
     Net n36_adj_16059: 1 loads, 1 LSLICEs
     Net u_cmd_rx/n91750: 2 loads, 2 LSLICEs
     Net u_cmd_rx/CRYSTAL_c_enable_474: 4 loads, 4 LSLICEs
   Number of nets driven by tri-state buffers:  0
   Top 10 highest fanout non-clock nets:
     Net n117262: 1328 loads
     Net box20_accum_idx_reg_pclk_0: 1000 loads
     Net box20_eval_idx_pclk_0: 1000 loads
     Net box20_eval_idx_pclk_1: 657 loads
     Net box20_accum_idx_reg_pclk_1: 648 loads
     Net box20_accum_idx_reg_pclk_2: 335 loads
     Net box20_eval_idx_pclk_2: 333 loads
     Net maxfan_replicated_net_289: 290 loads
     Net maxfan_replicated_net_284: 285 loads
     Net u_qvga_fifo/n73169: 257 loads
 

   Number of warnings:  15
   Number of errors:    0


. MULT18X18D  mult_570:

Multiplier
	Operation A		Signed
	Operation A Registers	CLK	CE	RST
	--------------------------------------------
		Input		    	   	    
		Pipeline	    	   	    

	Operation B		Signed
	Operation B Registers	CLK	CE	RST
	--------------------------------------------
		Input		    	   	    
		Pipeline	    	   	    
Data
	Input Registers		CLK	CE	RST	Source
	-------------------------------------------------------
		A		    	   	    	A Data In
		B		    	   	    	B Data In
		C		    	   	    	N/A
	Cascaded Match

	Pipeline Registers	CLK	CE	RST
	--------------------------------------------
		Pipe		    	   	    

	Output Register		CLK	CE	RST
	--------------------------------------------
		Output		    	   	    
Other
	SOURCEB_MODE	B_SHIFT
	MULT_BYPASS	DISABLED
	CAS_MATCH_REG	FALSE
	GSR		DISABLED
	RESETMODE	SYNC
	CLK0_DIV	ENABLED
	CLK1_DIV	ENABLED
	CLK2_DIV	ENABLED
	CLK3_DIV	ENABLED
	HIGHSPEED_CLK	NONE
	PSE17		0b00000000000000000
	PSE35		0b00000000000000000

	C_PSE17		0b00000000000000000

. MULT18X18D  mult_567:

Multiplier
	Operation A		Signed
	Operation A Registers	CLK	CE	RST
	--------------------------------------------
		Input		    	   	    
		Pipeline	    	   	    

	Operation B		Signed
	Operation B Registers	CLK	CE	RST
	--------------------------------------------
		Input		    	   	    
		Pipeline	    	   	    
Data
	Input Registers		CLK	CE	RST	Source
	-------------------------------------------------------
		A		    	   	    	A Data In
		B		    	   	    	B Data In
		C		    	   	    	N/A
	Cascaded Match

	Pipeline Registers	CLK	CE	RST
	--------------------------------------------
		Pipe		    	   	    

	Output Register		CLK	CE	RST
	--------------------------------------------
		Output		    	   	    
Other
	SOURCEB_MODE	B_SHIFT
	MULT_BYPASS	DISABLED
	CAS_MATCH_REG	FALSE
	GSR		DISABLED
	RESETMODE	SYNC
	CLK0_DIV	ENABLED
	CLK1_DIV	ENABLED
	CLK2_DIV	ENABLED
	CLK3_DIV	ENABLED
	HIGHSPEED_CLK	NONE
	PSE17		0b00000000000000000
	PSE35		0b00000000000000000

	C_PSE17		0b00000000000000000

. MULT18X18D  mult_564:

Multiplier
	Operation A		Signed
	Operation A Registers	CLK	CE	RST
	--------------------------------------------
		Input		    	   	    
		Pipeline	    	   	    

	Operation B		Signed
	Operation B Registers	CLK	CE	RST
	--------------------------------------------
		Input		    	   	    
		Pipeline	    	   	    
Data
	Input Registers		CLK	CE	RST	Source
	-------------------------------------------------------
		A		    	   	    	A Data In
		B		    	   	    	B Data In
		C		    	   	    	N/A
	Cascaded Match

	Pipeline Registers	CLK	CE	RST
	--------------------------------------------
		Pipe		    	   	    

	Output Register		CLK	CE	RST
	--------------------------------------------
		Output		    	   	    
Other
	SOURCEB_MODE	B_SHIFT
	MULT_BYPASS	DISABLED
	CAS_MATCH_REG	FALSE
	GSR		DISABLED
	RESETMODE	SYNC
	CLK0_DIV	ENABLED
	CLK1_DIV	ENABLED
	CLK2_DIV	ENABLED
	CLK3_DIV	ENABLED
	HIGHSPEED_CLK	NONE
	PSE17		0b00000000000000000
	PSE35		0b00000000000000000

	C_PSE17		0b00000000000000000

. MULT18X18D  mult_561:

Multiplier
	Operation A		Signed
	Operation A Registers	CLK	CE	RST
	--------------------------------------------
		Input		    	   	    
		Pipeline	    	   	    

	Operation B		Signed
	Operation B Registers	CLK	CE	RST
	--------------------------------------------
		Input		    	   	    
		Pipeline	    	   	    
Data
	Input Registers		CLK	CE	RST	Source
	-------------------------------------------------------
		A		    	   	    	A Data In
		B		    	   	    	B Data In
		C		    	   	    	N/A
	Cascaded Match

	Pipeline Registers	CLK	CE	RST
	--------------------------------------------
		Pipe		    	   	    

	Output Register		CLK	CE	RST
	--------------------------------------------
		Output		    	   	    
Other
	SOURCEB_MODE	B_SHIFT
	MULT_BYPASS	DISABLED
	CAS_MATCH_REG	FALSE
	GSR		DISABLED
	RESETMODE	SYNC
	CLK0_DIV	ENABLED
	CLK1_DIV	ENABLED
	CLK2_DIV	ENABLED
	CLK3_DIV	ENABLED
	HIGHSPEED_CLK	NONE
	PSE17		0b00000000000000000
	PSE35		0b00000000000000000

	C_PSE17		0b00000000000000000


Total CPU Time: 8 secs  
Total REAL Time: 8 secs  
Peak Memory Usage: 189 MB

Dumping design to file capclean_impl1_map.ncd.

ncd2vdb "capclean_impl1_map.ncd" ".vdbs/capclean_impl1_map.vdb"

Loading device for application ncd2vdb from file 'sa5p25.nph' in environment: C:/lscc/diamond/3.14/ispfpga.

mpartrce -p "capclean_impl1.p2t" -f "capclean_impl1.p3t" -tf "capclean_impl1.pt" "capclean_impl1_map.ncd" "capclean_impl1.ncd"

---- MParTrce Tool ----
Removing old design directory at request of -rem command line option to this program.
Running par. Please wait . . .

Lattice Place and Route Report for Design "capclean_impl1_map.ncd"
Mon May 11 21:14:35 2026

PAR: Place And Route Diamond (64-bit) 3.14.0.75.2.
Command Line: par -w -l 5 -i 6 -t 1 -c 0 -e 0 -exp parUseNBR=1:parCDP=auto:parCDR=1:parPathBased=OFF:parASE=1:par_low_skew_clock_net=0 capclean_impl1_map.ncd capclean_impl1.dir/5_1.ncd capclean_impl1.prf
Preference file: capclean_impl1.prf.
Placement level-cost: 5-1.
Routing Iterations: 6

Loading design for application par from file capclean_impl1_map.ncd.
Design name: fpga_top
NCD version: 3.3
Vendor:      LATTICE
Device:      LFE5U-25F
Package:     CABGA256
Performance: 6
Loading device for application par from file 'sa5p25.nph' in environment: C:/lscc/diamond/3.14/ispfpga.
Package Status:                     Final          Version 1.44.
Performance Hardware Data Status:   Final          Version 55.1.
License checked out.


Ignore Preference Error(s):  True
Device utilization summary:

   PIO (prelim)      71/197          36% used
                     71/197          36% bonded

   SLICE           6132/12144        50% used

   EBR               34/56           60% used
   MULT18             4/28           14% used


Number of Signals: 12910
Number of Connections: 39138

Pin Constraint Summary:
   70 out of 71 pins locked (98% locked).


The following 14 signals are selected to use the primary clock routing resources:
    PCLK_c (driver: PCLK, clk/ce/sr load #: 3031/0/0)
    CRYSTAL_c (driver: CRYSTAL, clk/ce/sr load #: 527/0/0)
    n117262 (driver: SLICE_5374, clk/ce/sr load #: 0/0/1313)
    PCLK_c_enable_3807 (driver: SLICE_5653, clk/ce/sr load #: 0/4/41)
    PCLK_c_enable_2577 (driver: SLICE_5680, clk/ce/sr load #: 0/25/5)
    PCLK_c_enable_5400 (driver: SLICE_5441, clk/ce/sr load #: 0/30/0)
    u_qvga_fifo/CRYSTAL_c_enable_292 (driver: u_qvga_fifo/SLICE_6125, clk/ce/sr load #: 0/28/0)
    PCLK_c_enable_4125 (driver: SLICE_5329, clk/ce/sr load #: 0/27/0)
    PCLK_c_enable_4175 (driver: SLICE_5648, clk/ce/sr load #: 0/27/0)
    PCLK_c_enable_4325 (driver: SLICE_5655, clk/ce/sr load #: 0/27/0)
    n117145 (driver: SLICE_5286, clk/ce/sr load #: 0/0/18)
    u_cam_init/n92058 (driver: u_cam_init/SLICE_5313, clk/ce/sr load #: 0/0/17)
    n92035 (driver: SLICE_5413, clk/ce/sr load #: 0/0/12)
    n91905 (driver: SLICE_5277, clk/ce/sr load #: 0/0/10)


No signal is selected as Global Set/Reset.
.
Starting Placer Phase 0.
...........
Finished Placer Phase 0.  REAL time: 11 secs 


Starting Placer Phase 1.
..............................
Placer score = 3587348.
Finished Placer Phase 1.  REAL time: 53 secs 

Starting Placer Phase 2.
.
Placer score =  3474788
Finished Placer Phase 2.  REAL time: 58 secs 


------------------ Clock Report ------------------

Global Clock Resources:
  CLK_PIN    : 2 out of 12 (16%)
  GR_PCLK    : 0 out of 12 (0%)
  PLL        : 0 out of 2 (0%)
  DCS        : 0 out of 2 (0%)
  DCC        : 0 out of 60 (0%)
  CLKDIV     : 0 out of 4 (0%)

Quadrant TL Clocks:
  PRIMARY "PCLK_c" from comp "PCLK" on CLK_PIN site "C8 (PT35A)", CLK/CE/SR load = 811
  PRIMARY "CRYSTAL_c" from comp "CRYSTAL" on CLK_PIN site "M1 (PL26C)", CLK/CE/SR load = 10
  PRIMARY "n117262" from F1 on comp "SLICE_5374" on site "R29C23C", CLK/CE/SR load = 381
  PRIMARY "PCLK_c_enable_2577" from F0 on comp "SLICE_5680" on site "R31C45A", CLK/CE/SR load = 4
  PRIMARY "PCLK_c_enable_4125" from F0 on comp "SLICE_5329" on site "R31C22B", CLK/CE/SR load = 10
  PRIMARY "PCLK_c_enable_4175" from F0 on comp "SLICE_5648" on site "R27C33B", CLK/CE/SR load = 6
  PRIMARY "PCLK_c_enable_4325" from F0 on comp "SLICE_5655" on site "R22C45B", CLK/CE/SR load = 7
  PRIMARY "n117145" from F1 on comp "SLICE_5286" on site "R26C19A", CLK/CE/SR load = 13

  PRIMARY  : 8 out of 16 (50%)

Quadrant TR Clocks:
  PRIMARY "PCLK_c" from comp "PCLK" on CLK_PIN site "C8 (PT35A)", CLK/CE/SR load = 914
  PRIMARY "CRYSTAL_c" from comp "CRYSTAL" on CLK_PIN site "M1 (PL26C)", CLK/CE/SR load = 123
  PRIMARY "n117262" from F1 on comp "SLICE_5374" on site "R29C23C", CLK/CE/SR load = 378
  PRIMARY "PCLK_c_enable_3807" from F1 on comp "SLICE_5653" on site "R18C24C", CLK/CE/SR load = 35
  PRIMARY "PCLK_c_enable_2577" from F0 on comp "SLICE_5680" on site "R31C45A", CLK/CE/SR load = 3
  PRIMARY "PCLK_c_enable_5400" from F0 on comp "SLICE_5441" on site "R18C48C", CLK/CE/SR load = 30
  PRIMARY "PCLK_c_enable_4125" from F0 on comp "SLICE_5329" on site "R31C22B", CLK/CE/SR load = 17
  PRIMARY "PCLK_c_enable_4175" from F0 on comp "SLICE_5648" on site "R27C33B", CLK/CE/SR load = 21
  PRIMARY "PCLK_c_enable_4325" from F0 on comp "SLICE_5655" on site "R22C45B", CLK/CE/SR load = 20
  PRIMARY "u_cam_init/n92058" from F0 on comp "u_cam_init/SLICE_5313" on site "R15C62A", CLK/CE/SR load = 17

  PRIMARY  : 10 out of 16 (62%)

Quadrant BL Clocks:
  PRIMARY "PCLK_c" from comp "PCLK" on CLK_PIN site "C8 (PT35A)", CLK/CE/SR load = 400
  PRIMARY "CRYSTAL_c" from comp "CRYSTAL" on CLK_PIN site "M1 (PL26C)", CLK/CE/SR load = 154
  PRIMARY "n117262" from F1 on comp "SLICE_5374" on site "R29C23C", CLK/CE/SR load = 159
  PRIMARY "PCLK_c_enable_3807" from F1 on comp "SLICE_5653" on site "R18C24C", CLK/CE/SR load = 2
  PRIMARY "u_qvga_fifo/CRYSTAL_c_enable_292" from F0 on comp "u_qvga_fifo/SLICE_6125" on site "R38C18B", CLK/CE/SR load = 8
  PRIMARY "n117145" from F1 on comp "SLICE_5286" on site "R26C19A", CLK/CE/SR load = 5
  PRIMARY "n91905" from F1 on comp "SLICE_5277" on site "R41C18B", CLK/CE/SR load = 10

  PRIMARY  : 7 out of 16 (43%)

Quadrant BR Clocks:
  PRIMARY "PCLK_c" from comp "PCLK" on CLK_PIN site "C8 (PT35A)", CLK/CE/SR load = 906
  PRIMARY "CRYSTAL_c" from comp "CRYSTAL" on CLK_PIN site "M1 (PL26C)", CLK/CE/SR load = 240
  PRIMARY "n117262" from F1 on comp "SLICE_5374" on site "R29C23C", CLK/CE/SR load = 395
  PRIMARY "PCLK_c_enable_3807" from F1 on comp "SLICE_5653" on site "R18C24C", CLK/CE/SR load = 8
  PRIMARY "PCLK_c_enable_2577" from F0 on comp "SLICE_5680" on site "R31C45A", CLK/CE/SR load = 23
  PRIMARY "u_qvga_fifo/CRYSTAL_c_enable_292" from F0 on comp "u_qvga_fifo/SLICE_6125" on site "R38C18B", CLK/CE/SR load = 20
  PRIMARY "n92035" from F0 on comp "SLICE_5413" on site "R29C36C", CLK/CE/SR load = 12

  PRIMARY  : 7 out of 16 (43%)

Edge Clocks:

  No edge clock selected.


--------------- End of Clock Report ---------------


+
I/O Usage Summary (final):
   71 out of 197 (36.0%) PIO sites used.
   71 out of 197 (36.0%) bonded PIO sites used.
   Number of PIO comps: 71; differential: 0.
   Number of Vref pins used: 0.

I/O Bank Usage Summary:
+----------+----------------+------------+------------+------------+
| I/O Bank | Usage          | Bank Vccio | Bank Vref1 | Bank Vref2 |
+----------+----------------+------------+------------+------------+
| 0        | 12 / 24 ( 50%) | 3.3V       | -          | -          |
| 1        | 14 / 32 ( 43%) | 1.8V       | -          | -          |
| 2        | 12 / 32 ( 37%) | 3.3V       | -          | -          |
| 3        | 13 / 32 ( 40%) | 3.3V       | -          | -          |
| 6        | 5 / 32 ( 15%)  | 3.3V       | -          | -          |
| 7        | 11 / 32 ( 34%) | 3.3V       | -          | -          |
| 8        | 4 / 13 ( 30%)  | 2.5V       | -          | -          |
+----------+----------------+------------+------------+------------+

---------------------------------- DSP Report ----------------------------------

DSP Slice #:           1  2  3  4  5  6  7  8  9 10 11 12 13 14
# of MULT9                                                     
# of MULT18                                 1  2  1            
# of ALU24                                                     
# of ALU54                                                     
# of PRADD9                                                    
# of PRADD18                                                   

DSP Slice  8         Component_Type       Physical_Type       Instance_Name     
 MULT18_R13C37         MULT18X18D             MULT18             mult_567       

DSP Slice  9         Component_Type       Physical_Type       Instance_Name     
 MULT18_R13C42         MULT18X18D             MULT18             mult_564       
 MULT18_R13C43         MULT18X18D             MULT18             mult_561       

DSP Slice 10         Component_Type       Physical_Type       Instance_Name     
 MULT18_R13C46         MULT18X18D             MULT18             mult_570       

------------------------------ End of DSP Report -------------------------------
Total placer CPU time: 57 secs 

Dumping design to file capclean_impl1.dir/5_1.ncd.

0 connections routed; 39138 unrouted.
Starting router resource preassignment
DSP info: No dsp pins have been swapped.

Completed router resource preassignment. Real time: 1 mins 7 secs 

Start NBR router at 21:15:43 05/11/26

*****************************************************************
Info: NBR allows conflicts(one node used by more than one signal)
      in the earlier iterations. In each iteration, it tries to  
      solve the conflicts while keeping the critical connections 
      routed as short as possible. The routing process is said to
      be completed when no conflicts exist and all connections   
      are routed.                                                
Note: NBR uses a different method to calculate timing slacks. The
      worst slack and total negative slack may not be the same as
      that in TRCE report. You should always run TRCE to verify  
      your design.                                               
*****************************************************************

Start NBR special constraint process at 21:15:45 05/11/26

Start NBR section for initial routing at 21:15:46 05/11/26
Level 1, iteration 1
0(0.00%) conflict; 30613(78.22%) untouched conns; 0 (nbr) score; 
Estimated worst slack/total negative slack<setup>: 1.554ns/0.000ns; real time: 1 mins 15 secs 
Level 2, iteration 1
5(0.00%) conflicts; 30482(77.88%) untouched conns; 0 (nbr) score; 
Estimated worst slack/total negative slack<setup>: 2.000ns/0.000ns; real time: 1 mins 19 secs 
Level 3, iteration 1
73(0.01%) conflicts; 26741(68.32%) untouched conns; 0 (nbr) score; 
Estimated worst slack/total negative slack<setup>: 3.203ns/0.000ns; real time: 1 mins 32 secs 
Level 4, iteration 1
1833(0.16%) conflicts; 0(0.00%) untouched conn; 0 (nbr) score; 
Estimated worst slack/total negative slack<setup>: 3.127ns/0.000ns; real time: 1 mins 41 secs 

Info: Initial congestion level at 75% usage is 0
Info: Initial congestion area  at 75% usage is 0 (0.00%)

Start NBR section for normal routing at 21:16:16 05/11/26
Level 1, iteration 1
13(0.00%) conflicts; 2545(6.50%) untouched conns; 0 (nbr) score; 
Estimated worst slack/total negative slack<setup>: 3.123ns/0.000ns; real time: 1 mins 42 secs 
Level 1, iteration 2
4(0.00%) conflicts; 2554(6.53%) untouched conns; 0 (nbr) score; 
Estimated worst slack/total negative slack<setup>: 3.127ns/0.000ns; real time: 1 mins 43 secs 
Level 4, iteration 1
1031(0.09%) conflicts; 0(0.00%) untouched conn; 0 (nbr) score; 
Estimated worst slack/total negative slack<setup>: 3.171ns/0.000ns; real time: 1 mins 49 secs 
Level 4, iteration 2
912(0.08%) conflicts; 0(0.00%) untouched conn; 0 (nbr) score; 
Estimated worst slack/total negative slack<setup>: 2.717ns/0.000ns; real time: 1 mins 52 secs 
Level 4, iteration 3
367(0.03%) conflicts; 0(0.00%) untouched conn; 0 (nbr) score; 
Estimated worst slack/total negative slack<setup>: 2.737ns/0.000ns; real time: 1 mins 55 secs 
Level 4, iteration 4
212(0.02%) conflicts; 0(0.00%) untouched conn; 0 (nbr) score; 
Estimated worst slack/total negative slack<setup>: 2.737ns/0.000ns; real time: 1 mins 56 secs 
Level 4, iteration 5
101(0.01%) conflicts; 0(0.00%) untouched conn; 0 (nbr) score; 
Estimated worst slack/total negative slack<setup>: 2.607ns/0.000ns; real time: 1 mins 58 secs 
Level 4, iteration 6
43(0.00%) conflicts; 0(0.00%) untouched conn; 0 (nbr) score; 
Estimated worst slack/total negative slack<setup>: 2.607ns/0.000ns; real time: 1 mins 58 secs 
Level 4, iteration 7
9(0.00%) conflicts; 0(0.00%) untouched conn; 0 (nbr) score; 
Estimated worst slack/total negative slack<setup>: 2.480ns/0.000ns; real time: 1 mins 59 secs 
Level 4, iteration 8
2(0.00%) conflicts; 0(0.00%) untouched conn; 0 (nbr) score; 
Estimated worst slack/total negative slack<setup>: 2.480ns/0.000ns; real time: 1 mins 59 secs 
Level 4, iteration 9
0(0.00%) conflict; 0(0.00%) untouched conn; 0 (nbr) score; 
Estimated worst slack/total negative slack<setup>: 2.480ns/0.000ns; real time: 2 mins 

Start NBR section for setup/hold timing optimization with effort level 3 at 21:16:35 05/11/26

Start NBR section for re-routing at 21:16:38 05/11/26
Level 4, iteration 1
0(0.00%) conflict; 0(0.00%) untouched conn; 0 (nbr) score; 
Estimated worst slack/total negative slack<setup>: 2.480ns/0.000ns; real time: 2 mins 3 secs 

Start NBR section for post-routing at 21:16:38 05/11/26

End NBR router with 0 unrouted connection

NBR Summary
-----------
  Number of unrouted connections : 0 (0.00%)
  Number of connections with timing violations : 0 (0.00%)
  Estimated worst slack<setup> : 2.480ns
  Timing score<setup> : 0
-----------
Notes: The timing info is calculated for SETUP only and all PAR_ADJs are ignored.



Total CPU time 2 mins 8 secs 
Total REAL time: 2 mins 11 secs 
Completely routed.
End of route.  39138 routed (100.00%); 0 unrouted.

Hold time timing score: 0, hold timing errors: 0

Timing score: 0 

Dumping design to file capclean_impl1.dir/5_1.ncd.


PAR_SUMMARY::Run status = Completed
PAR_SUMMARY::Number of unrouted conns = 0
PAR_SUMMARY::Worst  slack<setup/<ns>> = 2.480
PAR_SUMMARY::Timing score<setup/<ns>> = 0.000
PAR_SUMMARY::Worst  slack<hold /<ns>> = 0.174
PAR_SUMMARY::Timing score<hold /<ns>> = 0.000
PAR_SUMMARY::Number of errors = 0

Total CPU  time to completion: 2 mins 11 secs 
Total REAL time to completion: 2 mins 15 secs 

par done!

Note: user must run 'Trace' for timing closure signoff.

Copyright (c) 1991-1994 by NeoCAD Inc. All rights reserved.
Copyright (c) 1995 AT&T Corp.   All rights reserved.
Copyright (c) 1995-2001 Lucent Technologies Inc.  All rights reserved.
Copyright (c) 2001 Agere Systems   All rights reserved.
Copyright (c) 2002-2024 Lattice Semiconductor Corporation,  All rights reserved.
Exiting par with exit code 0
Exiting mpartrce with exit code 0

trce -f "capclean_impl1.pt" -o "capclean_impl1.twr" "capclean_impl1.ncd" "capclean_impl1.prf"
trce:  version Diamond (64-bit) 3.14.0.75.2

Copyright (c) 1991-1994 by NeoCAD Inc. All rights reserved.
Copyright (c) 1995 AT&T Corp.   All rights reserved.
Copyright (c) 1995-2001 Lucent Technologies Inc.  All rights reserved.
Copyright (c) 2001 Agere Systems   All rights reserved.
Copyright (c) 2002-2024 Lattice Semiconductor Corporation,  All rights reserved.

Loading design for application trce from file capclean_impl1.ncd.
Design name: fpga_top
NCD version: 3.3
Vendor:      LATTICE
Device:      LFE5U-25F
Package:     CABGA256
Performance: 6
Loading device for application trce from file 'sa5p25.nph' in environment: C:/lscc/diamond/3.14/ispfpga.
Package Status:                     Final          Version 1.44.
Performance Hardware Data Status:   Final          Version 55.1.
Setup and Hold Report

--------------------------------------------------------------------------------
Lattice TRACE Report - Setup, Version Diamond (64-bit) 3.14.0.75.2
Mon May 11 21:16:56 2026

Copyright (c) 1991-1994 by NeoCAD Inc. All rights reserved.
Copyright (c) 1995 AT&T Corp.   All rights reserved.
Copyright (c) 1995-2001 Lucent Technologies Inc.  All rights reserved.
Copyright (c) 2001 Agere Systems   All rights reserved.
Copyright (c) 2002-2024 Lattice Semiconductor Corporation,  All rights reserved.

Report Information
------------------
Command line:    trce -v 10 -gt -sethld -sp 6 -sphld m -o capclean_impl1.twr capclean_impl1.ncd capclean_impl1.prf 
Design file:     capclean_impl1.ncd
Preference file: capclean_impl1.prf
Device,speed:    LFE5U-25F,6
Report level:    verbose report, limited to 10 items per preference
--------------------------------------------------------------------------------



Timing summary (Setup):
---------------

Timing errors: 0  Score: 0
Cumulative negative slack: 0

Constraints cover 17640391 paths, 2 nets, and 38903 connections (99.40% coverage)

--------------------------------------------------------------------------------
Lattice TRACE Report - Hold, Version Diamond (64-bit) 3.14.0.75.2
Mon May 11 21:16:57 2026

Copyright (c) 1991-1994 by NeoCAD Inc. All rights reserved.
Copyright (c) 1995 AT&T Corp.   All rights reserved.
Copyright (c) 1995-2001 Lucent Technologies Inc.  All rights reserved.
Copyright (c) 2001 Agere Systems   All rights reserved.
Copyright (c) 2002-2024 Lattice Semiconductor Corporation,  All rights reserved.

Report Information
------------------
Command line:    trce -v 10 -gt -sethld -sp 6 -sphld m -o capclean_impl1.twr capclean_impl1.ncd capclean_impl1.prf 
Design file:     capclean_impl1.ncd
Preference file: capclean_impl1.prf
Device,speed:    LFE5U-25F,m
Report level:    verbose report, limited to 10 items per preference
--------------------------------------------------------------------------------



Timing summary (Hold):
---------------

Timing errors: 0  Score: 0
Cumulative negative slack: 0

Constraints cover 17640391 paths, 2 nets, and 38903 connections (99.40% coverage)



Timing summary (Setup and Hold):
---------------

Timing errors: 0 (setup), 0 (hold)
Score: 0 (setup), 0 (hold)
Cumulative negative slack: 0 (0+0)
--------------------------------------------------------------------------------

--------------------------------------------------------------------------------

Total CPU Time: 5 secs 
Total REAL Time: 6 secs 
Peak Memory Usage: 251 MB


tmcheck -par "capclean_impl1.par" 

bitgen -w "capclean_impl1.ncd" -f "capclean_impl1.t2b" -e -s "C:/Users/kunsh/Desktop/AiCamera/Lattice Diamond/recording/_capture_clean_build/capclean.sec" -k "C:/Users/kunsh/Desktop/AiCamera/Lattice Diamond/recording/_capture_clean_build/capclean.bek" "capclean_impl1.prf"


BITGEN: Bitstream Generator Diamond (64-bit) 3.14.0.75.2
Copyright (c) 1991-1994 by NeoCAD Inc. All rights reserved.
Copyright (c) 1995 AT&T Corp.   All rights reserved.
Copyright (c) 1995-2001 Lucent Technologies Inc.  All rights reserved.
Copyright (c) 2001 Agere Systems   All rights reserved.
Copyright (c) 2002-2024 Lattice Semiconductor Corporation,  All rights reserved.


Loading design for application Bitgen from file capclean_impl1.ncd.
Design name: fpga_top
NCD version: 3.3
Vendor:      LATTICE
Device:      LFE5U-25F
Package:     CABGA256
Performance: 6
Loading device for application Bitgen from file 'sa5p25.nph' in environment: C:/lscc/diamond/3.14/ispfpga.
Package Status:                     Final          Version 1.44.
Performance Hardware Data Status:   Final          Version 55.1.

Running DRC.
DRC detected 0 errors and 0 warnings.
Reading Preference File from capclean_impl1.prf.
INFO -  SW_XO3D_SECURITY_ENCRYPTION *NOT* controlled by sa5p00.acd ###
INFO -  SW_XO3D_SECURITY_ENCRYPTION license_securityIP OK

Preference Summary:
+---------------------------------+---------------------------------+
|  Preference                     |  Current Setting                |
+---------------------------------+---------------------------------+
|                         RamCfg  |                        Reset**  |
+---------------------------------+---------------------------------+
|                        CfgMode  |                      Disable**  |
+---------------------------------+---------------------------------+
|                        DONE_EX  |                          OFF**  |
+---------------------------------+---------------------------------+
|                        DONE_OD  |                           ON**  |
+---------------------------------+---------------------------------+
|                     MCCLK_FREQ  |                          2.4**  |
+---------------------------------+---------------------------------+
|                  CONFIG_SECURE  |                          OFF**  |
+---------------------------------+---------------------------------+
|                    CONFIG_MODE  |                         JTAG**  |
+---------------------------------+---------------------------------+
|                        WAKE_UP  |                           21**  |
+---------------------------------+---------------------------------+
|                          INBUF  |                          OFF**  |
+---------------------------------+---------------------------------+
|                             ES  |                           No**  |
+---------------------------------+---------------------------------+
|                 SLAVE_SPI_PORT  |                      DISABLE**  |
+---------------------------------+---------------------------------+
|                MASTER_SPI_PORT  |                      DISABLE**  |
+---------------------------------+---------------------------------+
|                COMPRESS_CONFIG  |                          OFF**  |
+---------------------------------+---------------------------------+
|            BACKGROUND_RECONFIG  |                          OFF**  |
+---------------------------------+---------------------------------+
|                     DisableUES  |                        FALSE**  |
+---------------------------------+---------------------------------+
|            SLAVE_PARALLEL_PORT  |                      DISABLE**  |
+---------------------------------+---------------------------------+
|                      DONE_PULL  |                           ON**  |
+---------------------------------+---------------------------------+
|               CONFIG_IOVOLTAGE  |                          2.5**  |
+---------------------------------+---------------------------------+
|                        TRANSFR  |                          OFF**  |
+---------------------------------+---------------------------------+
 *  Default setting.
 ** The specified setting matches the default setting.


Creating bit map...
 
Bitstream Status: Final           Version 10.27.
 
Saving bit stream in "capclean_impl1.bit".
Total CPU Time: 6 secs 
Total REAL Time: 7 secs 
Peak Memory Usage: 321 MB

ddtcmd -dev LFE5U-25F -if capclean_impl1.bit -oft -int -of capclean_impl1.mcs 
Lattice Diamond Deployment Tool 3.14 Command Line

Loading Programmer Device Database...

Generating Bitstream.....
Device Name: LFE5U-25F
Reading Input File: capclean_impl1.bit
Format:  Single Intel Hex
Output File: capclean_impl1.mcs
Start generation.
Generating Intel Hex.....
Processing file capclean_impl1.bit ......
File capclean_impl1.bit processed successfully.

The file capclean_impl1.mcs was generated successfully.

Lattice Diamond Deployment Tool has exited successfully.

