--------------------------------------------------------------------------------
Lattice Synthesis Timing Report, Version  
Fri May 15 05:52:34 2026

Copyright (c) 1991-1994 by NeoCAD Inc. All rights reserved.
Copyright (c) 1995 AT&T Corp.   All rights reserved.
Copyright (c) 1995-2001 Lucent Technologies Inc.  All rights reserved.
Copyright (c) 2001 Agere Systems   All rights reserved.
Copyright (c) 2002-2024 Lattice Semiconductor Corporation,  All rights reserved.

Report Information
------------------
Design:     fpga_top
Constraint file:  
Report level:    verbose report, limited to 3 items per constraint
--------------------------------------------------------------------------------



================================================================================
Constraint: create_clock -period 5.000000 -name clk1 [get_nets CRYSTAL_c]
            4096 items scored, 4096 timing errors detected.
--------------------------------------------------------------------------------


Error:  The following path violates requirements by 10.870ns

 Logical Details:  Cell type  Pin type       Cell name  (clock net +/-)

   Source:         FD1P3AX    CK             qvga_tx_col_sys_i4  (from CRYSTAL_c +)
   Destination:    FD1P3IX    CD             qvga_word_sys_i0_i0  (to CRYSTAL_c +)

   Delay:                  16.045ns  (14.1% logic, 85.9% route), 13 logic levels.

 Constraint Details:

     16.045ns data_path qvga_tx_col_sys_i4 to qvga_word_sys_i0_i0 violates
      5.000ns delay constraint less
     -0.175ns L_S requirement (totaling 5.175ns) by 10.870ns

 Path Details: qvga_tx_col_sys_i4 to qvga_word_sys_i0_i0

   Name    Fanout   Delay (ns)          Pins               Resource(Cell.Net)
L_CO        ---     0.365             CK to Q              qvga_tx_col_sys_i4 (from CRYSTAL_c)
Route        39   e 1.852                                  qvga_tx_col_sys[4]
LUT4        ---     0.166              B to Z              qvga_tx_col_sys[3]_bdd_2_lut
Route         1   e 0.020                                  n129614
MUXL5       ---     0.116           ALUT to Z              i62289
Route         1   e 1.020                                  n129616
LUT4        ---     0.166              B to Z              n129622_bdd_3_lut
Route        76   e 1.886                                  n99418
LUT4        ---     0.166              A to Z              i52946_3_lut_4_lut
Route         1   e 1.020                                  n122305
LUT4        ---     0.166              C to Z              n45562_bdd_4_lut
Route         1   e 1.020                                  n129342
LUT4        ---     0.166              A to Z              n129342_bdd_4_lut
Route         2   e 1.158                                  n29_adj_16781
LUT4        ---     0.166              C to Z              Mux_2254_i30_3_lut_4_lut
Route         2   e 1.158                                  n30_adj_16780
LUT4        ---     0.166              A to Z              Mux_2254_i31_4_lut
Route         1   e 0.020                                  n31_adj_16779
MUXL5       ---     0.116           ALUT to Z              Mux_2254_i63
Route         1   e 1.020                                  n45678
LUT4        ---     0.166              C to Z              i1_4_lut_adj_1404
Route         1   e 1.020                                  n70_adj_17057
LUT4        ---     0.166              A to Z              i1_4_lut_adj_1397
Route         1   e 1.020                                  n118644
LUT4        ---     0.166              D to Z              i1_4_lut_adj_1394
Route        16   e 1.574                                  n95514
                  --------
                   16.045  (14.1% logic, 85.9% route), 13 logic levels.


Error:  The following path violates requirements by 10.870ns

 Logical Details:  Cell type  Pin type       Cell name  (clock net +/-)

   Source:         FD1P3AX    CK             qvga_tx_col_sys_i4  (from CRYSTAL_c +)
   Destination:    FD1P3IX    CD             qvga_word_sys_i0_i0  (to CRYSTAL_c +)

   Delay:                  16.045ns  (14.1% logic, 85.9% route), 13 logic levels.

 Constraint Details:

     16.045ns data_path qvga_tx_col_sys_i4 to qvga_word_sys_i0_i0 violates
      5.000ns delay constraint less
     -0.175ns L_S requirement (totaling 5.175ns) by 10.870ns

 Path Details: qvga_tx_col_sys_i4 to qvga_word_sys_i0_i0

   Name    Fanout   Delay (ns)          Pins               Resource(Cell.Net)
L_CO        ---     0.365             CK to Q              qvga_tx_col_sys_i4 (from CRYSTAL_c)
Route        39   e 1.852                                  qvga_tx_col_sys[4]
LUT4        ---     0.166              C to Z              n129621_bdd_3_lut_else_4_lut
Route         1   e 0.020                                  n131852
MUXL5       ---     0.116           BLUT to Z              i63275
Route         1   e 1.020                                  n131854
LUT4        ---     0.166              A to Z              n129622_bdd_3_lut
Route        76   e 1.886                                  n99418
LUT4        ---     0.166              A to Z              i52945_3_lut_4_lut
Route         1   e 1.020                                  n122304
LUT4        ---     0.166              B to Z              n45562_bdd_4_lut
Route         1   e 1.020                                  n129342
LUT4        ---     0.166              A to Z              n129342_bdd_4_lut
Route         2   e 1.158                                  n29_adj_16781
LUT4        ---     0.166              C to Z              Mux_2254_i30_3_lut_4_lut
Route         2   e 1.158                                  n30_adj_16780
LUT4        ---     0.166              A to Z              Mux_2254_i31_4_lut
Route         1   e 0.020                                  n31_adj_16779
MUXL5       ---     0.116           ALUT to Z              Mux_2254_i63
Route         1   e 1.020                                  n45678
LUT4        ---     0.166              C to Z              i1_4_lut_adj_1404
Route         1   e 1.020                                  n70_adj_17057
LUT4        ---     0.166              A to Z              i1_4_lut_adj_1397
Route         1   e 1.020                                  n118644
LUT4        ---     0.166              D to Z              i1_4_lut_adj_1394
Route        16   e 1.574                                  n95514
                  --------
                   16.045  (14.1% logic, 85.9% route), 13 logic levels.


Error:  The following path violates requirements by 10.870ns

 Logical Details:  Cell type  Pin type       Cell name  (clock net +/-)

   Source:         FD1P3AX    CK             qvga_tx_col_sys_i4  (from CRYSTAL_c +)
   Destination:    FD1P3IX    CD             qvga_word_sys_i0_i0  (to CRYSTAL_c +)

   Delay:                  16.045ns  (14.1% logic, 85.9% route), 13 logic levels.

 Constraint Details:

     16.045ns data_path qvga_tx_col_sys_i4 to qvga_word_sys_i0_i0 violates
      5.000ns delay constraint less
     -0.175ns L_S requirement (totaling 5.175ns) by 10.870ns

 Path Details: qvga_tx_col_sys_i4 to qvga_word_sys_i0_i0

   Name    Fanout   Delay (ns)          Pins               Resource(Cell.Net)
L_CO        ---     0.365             CK to Q              qvga_tx_col_sys_i4 (from CRYSTAL_c)
Route        39   e 1.852                                  qvga_tx_col_sys[4]
LUT4        ---     0.166              C to Z              n129621_bdd_3_lut_else_4_lut
Route         1   e 0.020                                  n131852
MUXL5       ---     0.116           BLUT to Z              i63275
Route         1   e 1.020                                  n131854
LUT4        ---     0.166              A to Z              n129622_bdd_3_lut
Route        76   e 1.886                                  n99418
LUT4        ---     0.166              A to Z              i52946_3_lut_4_lut
Route         1   e 1.020                                  n122305
LUT4        ---     0.166              C to Z              n45562_bdd_4_lut
Route         1   e 1.020                                  n129342
LUT4        ---     0.166              A to Z              n129342_bdd_4_lut
Route         2   e 1.158                                  n29_adj_16781
LUT4        ---     0.166              C to Z              Mux_2254_i30_3_lut_4_lut
Route         2   e 1.158                                  n30_adj_16780
LUT4        ---     0.166              A to Z              Mux_2254_i31_4_lut
Route         1   e 0.020                                  n31_adj_16779
MUXL5       ---     0.116           ALUT to Z              Mux_2254_i63
Route         1   e 1.020                                  n45678
LUT4        ---     0.166              C to Z              i1_4_lut_adj_1404
Route         1   e 1.020                                  n70_adj_17057
LUT4        ---     0.166              A to Z              i1_4_lut_adj_1397
Route         1   e 1.020                                  n118644
LUT4        ---     0.166              D to Z              i1_4_lut_adj_1394
Route        16   e 1.574                                  n95514
                  --------
                   16.045  (14.1% logic, 85.9% route), 13 logic levels.

Warning: 15.870 ns is the maximum delay for this constraint.



================================================================================
Constraint: create_clock -period 5.000000 -name clk0 [get_nets PCLK_c]
            4096 items scored, 4096 timing errors detected.
--------------------------------------------------------------------------------


Error:  The following path violates requirements by 13.610ns

 Logical Details:  Cell type  Pin type       Cell name  (clock net +/-)

   Source:         FD1P3IX    CK             box20_grid_eval_idx_pclk_9437__i2  (from PCLK_c +)
   Destination:    FD1P3AX    SP             box20_grid_eval_mask_pclk_i46  (to PCLK_c +)

   Delay:                  18.689ns  (14.5% logic, 85.5% route), 16 logic levels.

 Constraint Details:

     18.689ns data_path box20_grid_eval_idx_pclk_9437__i2 to box20_grid_eval_mask_pclk_i46 violates
      5.000ns delay constraint less
     -0.079ns LCE_S requirement (totaling 5.079ns) by 13.610ns

 Path Details: box20_grid_eval_idx_pclk_9437__i2 to box20_grid_eval_mask_pclk_i46

   Name    Fanout   Delay (ns)          Pins               Resource(Cell.Net)
L_CO        ---     0.365             CK to Q              box20_grid_eval_idx_pclk_9437__i2 (from PCLK_c)
Route        82   e 2.001                                  box20_grid_eval_idx_pclk[2]
LUT4        ---     0.166              C to Z              box20_grid_eval_idx_pclk[1]_bdd_4_lut_62210_else_4_lut
Route         1   e 0.020                                  n131775
MUXL5       ---     0.116           BLUT to Z              i63224
Route         1   e 1.020                                  n131777
LUT4        ---     0.166              A to Z              n129432_bdd_4_lut
Route         2   e 1.158                                  n22
LUT4        ---     0.166              A to Z              Mux_5687_i30_3_lut
Route         2   e 1.158                                  n30_adj_16799
LUT4        ---     0.166              D to Z              i52791_3_lut_3_lut_4_lut
Route         1   e 0.020                                  n122150
MUXL5       ---     0.116           BLUT to Z              i52793
Route         3   e 1.239                                  n68472
LUT4        ---     0.166              C to Z              i1_2_lut_3_lut_4_lut_adj_1182
Route         2   e 1.158                                  n4_adj_16861
LUT4        ---     0.166              A to Z              i1_4_lut_adj_898
Route         1   e 1.020                                  n118640
LUT4        ---     0.166              A to Z              i1_4_lut_adj_897
Route         1   e 1.020                                  n117634
LUT4        ---     0.166              B to Z              i1_4_lut_adj_895
Route         2   e 1.158                                  n75728
LUT4        ---     0.166              B to Z              i1_2_lut_adj_894
Route         1   e 1.020                                  n118624
LUT4        ---     0.166              D to Z              i11317_4_lut
Route         1   e 0.020                                  n76104
MUXL5       ---     0.116           BLUT to Z              mux_10156_i1
Route        48   e 1.794                                  n74512
LUT4        ---     0.166              B to Z              i61716_4_lut
Route         2   e 1.158                                  box20_grid_eval_mask_pclk_47__N_6730[46]
LUT4        ---     0.166              B to Z              i1_2_lut_adj_1357
Route         1   e 1.020                                  PCLK_c_enable_3370
                  --------
                   18.689  (14.5% logic, 85.5% route), 16 logic levels.


Error:  The following path violates requirements by 13.610ns

 Logical Details:  Cell type  Pin type       Cell name  (clock net +/-)

   Source:         FD1P3IX    CK             box20_grid_eval_idx_pclk_9437__i2  (from PCLK_c +)
   Destination:    FD1P3AX    SP             box20_grid_eval_mask_pclk_i46  (to PCLK_c +)

   Delay:                  18.689ns  (14.5% logic, 85.5% route), 16 logic levels.

 Constraint Details:

     18.689ns data_path box20_grid_eval_idx_pclk_9437__i2 to box20_grid_eval_mask_pclk_i46 violates
      5.000ns delay constraint less
     -0.079ns LCE_S requirement (totaling 5.079ns) by 13.610ns

 Path Details: box20_grid_eval_idx_pclk_9437__i2 to box20_grid_eval_mask_pclk_i46

   Name    Fanout   Delay (ns)          Pins               Resource(Cell.Net)
L_CO        ---     0.365             CK to Q              box20_grid_eval_idx_pclk_9437__i2 (from PCLK_c)
Route        82   e 2.001                                  box20_grid_eval_idx_pclk[2]
LUT4        ---     0.166              C to Z              box20_grid_eval_idx_pclk[1]_bdd_4_lut_62200_then_4_lut
Route         1   e 0.020                                  n131786
MUXL5       ---     0.116           ALUT to Z              i63230
Route         1   e 1.020                                  n131787
LUT4        ---     0.166              A to Z              n129420_bdd_4_lut
Route         2   e 1.158                                  n38_adj_16656
LUT4        ---     0.166              A to Z              Mux_5687_i46_3_lut
Route         2   e 1.158                                  n46_adj_16798
LUT4        ---     0.166              C to Z              i52792_3_lut_3_lut_4_lut
Route         1   e 0.020                                  n122151
MUXL5       ---     0.116           ALUT to Z              i52793
Route         3   e 1.239                                  n68472
LUT4        ---     0.166              C to Z              i1_2_lut_3_lut_4_lut_adj_1182
Route         2   e 1.158                                  n4_adj_16861
LUT4        ---     0.166              A to Z              i1_4_lut_adj_898
Route         1   e 1.020                                  n118640
LUT4        ---     0.166              A to Z              i1_4_lut_adj_897
Route         1   e 1.020                                  n117634
LUT4        ---     0.166              B to Z              i1_4_lut_adj_895
Route         2   e 1.158                                  n75728
LUT4        ---     0.166              B to Z              i1_2_lut_adj_894
Route         1   e 1.020                                  n118624
LUT4        ---     0.166              D to Z              i11317_4_lut
Route         1   e 0.020                                  n76104
MUXL5       ---     0.116           BLUT to Z              mux_10156_i1
Route        48   e 1.794                                  n74512
LUT4        ---     0.166              B to Z              i61716_4_lut
Route         2   e 1.158                                  box20_grid_eval_mask_pclk_47__N_6730[46]
LUT4        ---     0.166              B to Z              i1_2_lut_adj_1357
Route         1   e 1.020                                  PCLK_c_enable_3370
                  --------
                   18.689  (14.5% logic, 85.5% route), 16 logic levels.


Error:  The following path violates requirements by 13.610ns

 Logical Details:  Cell type  Pin type       Cell name  (clock net +/-)

   Source:         FD1P3IX    CK             box20_grid_eval_idx_pclk_9437__i2  (from PCLK_c +)
   Destination:    FD1P3AX    SP             box20_grid_eval_mask_pclk_i46  (to PCLK_c +)

   Delay:                  18.689ns  (14.5% logic, 85.5% route), 16 logic levels.

 Constraint Details:

     18.689ns data_path box20_grid_eval_idx_pclk_9437__i2 to box20_grid_eval_mask_pclk_i46 violates
      5.000ns delay constraint less
     -0.079ns LCE_S requirement (totaling 5.079ns) by 13.610ns

 Path Details: box20_grid_eval_idx_pclk_9437__i2 to box20_grid_eval_mask_pclk_i46

   Name    Fanout   Delay (ns)          Pins               Resource(Cell.Net)
L_CO        ---     0.365             CK to Q              box20_grid_eval_idx_pclk_9437__i2 (from PCLK_c)
Route        82   e 2.001                                  box20_grid_eval_idx_pclk[2]
LUT4        ---     0.166              C to Z              box20_grid_eval_idx_pclk[1]_bdd_4_lut_62210_else_4_lut
Route         1   e 0.020                                  n131775
MUXL5       ---     0.116           BLUT to Z              i63224
Route         1   e 1.020                                  n131777
LUT4        ---     0.166              A to Z              n129432_bdd_4_lut
Route         2   e 1.158                                  n22
LUT4        ---     0.166              A to Z              Mux_5687_i30_3_lut
Route         2   e 1.158                                  n30_adj_16799
LUT4        ---     0.166              D to Z              i52791_3_lut_3_lut_4_lut
Route         1   e 0.020                                  n122150
MUXL5       ---     0.116           BLUT to Z              i52793
Route         3   e 1.239                                  n68472
LUT4        ---     0.166              C to Z              i1_2_lut_3_lut_4_lut_adj_1182
Route         2   e 1.158                                  n4_adj_16861
LUT4        ---     0.166              A to Z              i1_4_lut_adj_898
Route         1   e 1.020                                  n118640
LUT4        ---     0.166              A to Z              i1_4_lut_adj_897
Route         1   e 1.020                                  n117634
LUT4        ---     0.166              B to Z              i1_4_lut_adj_895
Route         2   e 1.158                                  n75728
LUT4        ---     0.166              D to Z              i11603_4_lut
Route         1   e 1.020                                  n4_adj_16870
LUT4        ---     0.166              B to Z              i1_4_lut_adj_1216
Route         1   e 0.020                                  n117405
MUXL5       ---     0.116           ALUT to Z              mux_10156_i1
Route        48   e 1.794                                  n74512
LUT4        ---     0.166              B to Z              i61716_4_lut
Route         2   e 1.158                                  box20_grid_eval_mask_pclk_47__N_6730[46]
LUT4        ---     0.166              B to Z              i1_2_lut_adj_1357
Route         1   e 1.020                                  PCLK_c_enable_3370
                  --------
                   18.689  (14.5% logic, 85.5% route), 16 logic levels.

Warning: 18.610 ns is the maximum delay for this constraint.


Timing Report Summary
--------------
--------------------------------------------------------------------------------
Constraint                              |   Constraint|       Actual|Levels
--------------------------------------------------------------------------------
                                        |             |             |
create_clock -period 5.000000 -name     |             |             |
clk1 [get_nets CRYSTAL_c]               |     5.000 ns|    15.870 ns|    13 *
                                        |             |             |
create_clock -period 5.000000 -name     |             |             |
clk0 [get_nets PCLK_c]                  |     5.000 ns|    18.610 ns|    16 *
                                        |             |             |
--------------------------------------------------------------------------------


2 constraints not met.

--------------------------------------------------------------------------------
Critical Nets                           |   Loads|  Errors| % of total
--------------------------------------------------------------------------------
n74512                                  |      48|    4096|     50.00%
                                        |        |        |
n95514                                  |      16|    4096|     50.00%
                                        |        |        |
n99418                                  |      76|    3776|     46.09%
                                        |        |        |
n4_adj_16861                            |       2|    3344|     40.82%
                                        |        |        |
n68472                                  |       3|    3344|     40.82%
                                        |        |        |
n75728                                  |       2|    3344|     40.82%
                                        |        |        |
n117634                                 |       1|    3344|     40.82%
                                        |        |        |
n118640                                 |       1|    3344|     40.82%
                                        |        |        |
box20_grid_eval_idx_pclk[0]             |      76|    2592|     31.64%
                                        |        |        |
n118644                                 |       1|    2496|     30.47%
                                        |        |        |
n4_adj_16870                            |       1|    2444|     29.83%
                                        |        |        |
n117405                                 |       1|    2444|     29.83%
                                        |        |        |
n29_adj_16781                           |       2|    2240|     27.34%
                                        |        |        |
n122150                                 |       1|    2216|     27.05%
                                        |        |        |
n30_adj_16780                           |       2|    2016|     24.61%
                                        |        |        |
n131854                                 |       1|    1920|     23.44%
                                        |        |        |
qvga_tx_col_sys[4]                      |      39|    1856|     22.66%
                                        |        |        |
n129616                                 |       1|    1824|     22.27%
                                        |        |        |
n70_adj_17057                           |       1|    1760|     21.48%
                                        |        |        |
n45678                                  |       1|    1760|     21.48%
                                        |        |        |
n76104                                  |       1|    1652|     20.17%
                                        |        |        |
n118624                                 |       1|    1652|     20.17%
                                        |        |        |
box20_grid_eval_idx_pclk[2]             |      82|    1504|     18.36%
                                        |        |        |
n129342                                 |       1|    1504|     18.36%
                                        |        |        |
n113                                    |       1|    1376|     16.80%
                                        |        |        |
n114                                    |       1|    1376|     16.80%
                                        |        |        |
n122165                                 |       1|    1376|     16.80%
                                        |        |        |
n122167                                 |       1|    1376|     16.80%
                                        |        |        |
n31_adj_16779                           |       1|    1280|     15.63%
                                        |        |        |
n129615                                 |       1|    1152|     14.06%
                                        |        |        |
n15_adj_16800                           |       2|    1128|     13.77%
                                        |        |        |
n46_adj_16798                           |       2|    1128|     13.77%
                                        |        |        |
n122151                                 |       1|    1128|     13.77%
                                        |        |        |
n30_adj_16799                           |       2|    1088|     13.28%
                                        |        |        |
n38_adj_16656                           |       2|     940|     11.47%
                                        |        |        |
n45                                     |       2|     940|     11.47%
                                        |        |        |
qvga_tx_col_sys[5]                      |      36|     928|     11.33%
                                        |        |        |
n131852                                 |       1|     912|     11.13%
                                        |        |        |
n131853                                 |       1|     912|     11.13%
                                        |        |        |
--------------------------------------------------------------------------------


Timing summary:
---------------

Timing errors: 8192  Score: 95829008

Constraints cover  17910605 paths, 17184 nets, and 53205 connections (99.4% coverage)


Peak memory: 273620992 bytes, TRCE: 5021696 bytes, DLYMAN: 0 bytes
CPU_TIME_REPORT: 0 secs 
