
Loading design for application trce from file aicam_impl1.ncd.
Design name: fpga_top
NCD version: 3.3
Vendor:      LATTICE
Device:      LFE5U-25F
Package:     CABGA256
Performance: 6
Loading device for application trce from file 'sa5p25.nph' in environment: C:/lscc/diamond/3.14/ispfpga.
Package Status:                     Final          Version 1.44.
Performance Hardware Data Status:   Final          Version 55.1.
Setup and Hold Report

--------------------------------------------------------------------------------
Lattice TRACE Report - Setup, Version Diamond (64-bit) 3.14.0.75.2
Sat Mar 07 23:07:28 2026

Copyright (c) 1991-1994 by NeoCAD Inc. All rights reserved.
Copyright (c) 1995 AT&T Corp.   All rights reserved.
Copyright (c) 1995-2001 Lucent Technologies Inc.  All rights reserved.
Copyright (c) 2001 Agere Systems   All rights reserved.
Copyright (c) 2002-2024 Lattice Semiconductor Corporation,  All rights reserved.

Report Information
------------------
Command line:    trce -v 10 -gt -sethld -sp 6 -sphld m -o AICAM_impl1.twr -gui -msgset C:/Users/kunsh/Desktop/AiCamera/Lattice Diamond/promote.xml AICAM_impl1.ncd AICAM_impl1.prf 
Design file:     aicam_impl1.ncd
Preference file: aicam_impl1.prf
Device,speed:    LFE5U-25F,6
Report level:    verbose report, limited to 10 items per preference
--------------------------------------------------------------------------------



================================================================================
Preference: FREQUENCY NET "SD_CLK_c" 48.000000 MHz ;
            4096 items scored, 0 timing errors detected.
--------------------------------------------------------------------------------


Passed: The following path meets requirements by 5.502ns

 Logical Details:  Cell type  Pin type       Cell/ASIC name  (clock net +/-)

   Source:         PDPW16KD   Port           u_cam_cfg/u_rom/mux_839(ASIC)  (from SD_CLK_c +)
   Destination:    FF         Data in        u_cam_cfg/cur_reg__i2  (to SD_CLK_c +)

   Delay:              15.358ns  (47.7% logic, 52.3% route), 7 logic levels.

 Constraint Details:

     15.358ns physical path delay u_cam_cfg/u_rom/mux_839 to u_cam_cfg/SLICE_105 meets
     20.833ns delay constraint less
      0.100ns skew and
     -0.127ns CE_SET requirement (totaling 20.860ns) by 5.502ns

 Physical Path Details:

      Data path u_cam_cfg/u_rom/mux_839 to u_cam_cfg/SLICE_105:

   Name    Fanout   Delay (ns)          Site               Resource
C2Q_DEL     ---     5.740 *R_R25C46.CLKR to EBR_R25C46.DO3 u_cam_cfg/u_rom/mux_839 (from SD_CLK_c)
ROUTE         1     1.366 EBR_R25C46.DO3 to     R24C51C.A1 u_cam_cfg/u_rom/n28091
CTOOFX_DEL  ---     0.401     R24C51C.A1 to   R24C51C.OFX0 u_cam_cfg/u_rom/i23016/SLICE_380
ROUTE         1     0.747   R24C51C.OFX0 to     R24C51B.A1 u_cam_cfg/u_rom/rom_entry_3
CTOF_DEL    ---     0.236     R24C51B.A1 to     R24C51B.F1 u_cam_cfg/u_rom/SLICE_528
ROUTE         1     0.374     R24C51B.F1 to     R24C51B.D0 u_cam_cfg/u_rom/n58987
CTOF_DEL    ---     0.236     R24C51B.D0 to     R24C51B.F0 u_cam_cfg/u_rom/SLICE_528
ROUTE         1     0.413     R24C51B.F0 to     R24C49C.D0 u_cam_cfg/u_rom/n58993
CTOF_DEL    ---     0.236     R24C49C.D0 to     R24C49C.F0 u_cam_cfg/u_rom/SLICE_527
ROUTE         3     0.998     R24C49C.F0 to     R28C50C.D1 u_cam_cfg/n58276
CTOF_DEL    ---     0.236     R28C50C.D1 to     R28C50C.F1 u_cam_cfg/SLICE_521
ROUTE         2     0.383     R28C50C.F1 to     R28C50C.D0 u_cam_cfg/n61700
CTOF_DEL    ---     0.236     R28C50C.D0 to     R28C50C.F0 u_cam_cfg/SLICE_521
ROUTE        19     3.756     R28C50C.F0 to     R26C49B.CE u_cam_cfg/SD_CLK_c_enable_237 (to SD_CLK_c)
                  --------
                   15.358   (47.7% logic, 52.3% route), 7 logic levels.

 Clock Skew Details: 

      Source Clock Path u_pll/PLLInst_0 to u_cam_cfg/u_rom/mux_839:

   Name    Fanout   Delay (ns)          Site               Resource
ROUTE       289     2.237  PLL_BL0.CLKOP to *R_R25C46.CLKR SD_CLK_c
                  --------
                    2.237   (0.0% logic, 100.0% route), 0 logic levels.

      Destination Clock Path u_pll/PLLInst_0 to u_cam_cfg/SLICE_105:

   Name    Fanout   Delay (ns)          Site               Resource
ROUTE       289     2.137  PLL_BL0.CLKOP to    R26C49B.CLK SD_CLK_c
                  --------
                    2.137   (0.0% logic, 100.0% route), 0 logic levels.


Passed: The following path meets requirements by 5.502ns

 Logical Details:  Cell type  Pin type       Cell/ASIC name  (clock net +/-)

   Source:         PDPW16KD   Port           u_cam_cfg/u_rom/mux_839(ASIC)  (from SD_CLK_c +)
   Destination:    FF         Data in        u_cam_cfg/cur_val_i0_i1  (to SD_CLK_c +)
                   FF                        u_cam_cfg/cur_val_i0_i0

   Delay:              15.358ns  (47.7% logic, 52.3% route), 7 logic levels.

 Constraint Details:

     15.358ns physical path delay u_cam_cfg/u_rom/mux_839 to u_cam_cfg/SLICE_119 meets
     20.833ns delay constraint less
      0.100ns skew and
     -0.127ns CE_SET requirement (totaling 20.860ns) by 5.502ns

 Physical Path Details:

      Data path u_cam_cfg/u_rom/mux_839 to u_cam_cfg/SLICE_119:

   Name    Fanout   Delay (ns)          Site               Resource
C2Q_DEL     ---     5.740 *R_R25C46.CLKR to EBR_R25C46.DO3 u_cam_cfg/u_rom/mux_839 (from SD_CLK_c)
ROUTE         1     1.366 EBR_R25C46.DO3 to     R24C51C.A1 u_cam_cfg/u_rom/n28091
CTOOFX_DEL  ---     0.401     R24C51C.A1 to   R24C51C.OFX0 u_cam_cfg/u_rom/i23016/SLICE_380
ROUTE         1     0.747   R24C51C.OFX0 to     R24C51B.A1 u_cam_cfg/u_rom/rom_entry_3
CTOF_DEL    ---     0.236     R24C51B.A1 to     R24C51B.F1 u_cam_cfg/u_rom/SLICE_528
ROUTE         1     0.374     R24C51B.F1 to     R24C51B.D0 u_cam_cfg/u_rom/n58987
CTOF_DEL    ---     0.236     R24C51B.D0 to     R24C51B.F0 u_cam_cfg/u_rom/SLICE_528
ROUTE         1     0.413     R24C51B.F0 to     R24C49C.D0 u_cam_cfg/u_rom/n58993
CTOF_DEL    ---     0.236     R24C49C.D0 to     R24C49C.F0 u_cam_cfg/u_rom/SLICE_527
ROUTE         3     0.998     R24C49C.F0 to     R28C50C.D1 u_cam_cfg/n58276
CTOF_DEL    ---     0.236     R28C50C.D1 to     R28C50C.F1 u_cam_cfg/SLICE_521
ROUTE         2     0.383     R28C50C.F1 to     R28C50C.D0 u_cam_cfg/n61700
CTOF_DEL    ---     0.236     R28C50C.D0 to     R28C50C.F0 u_cam_cfg/SLICE_521
ROUTE        19     3.756     R28C50C.F0 to     R27C45C.CE u_cam_cfg/SD_CLK_c_enable_237 (to SD_CLK_c)
                  --------
                   15.358   (47.7% logic, 52.3% route), 7 logic levels.

 Clock Skew Details: 

      Source Clock Path u_pll/PLLInst_0 to u_cam_cfg/u_rom/mux_839:

   Name    Fanout   Delay (ns)          Site               Resource
ROUTE       289     2.237  PLL_BL0.CLKOP to *R_R25C46.CLKR SD_CLK_c
                  --------
                    2.237   (0.0% logic, 100.0% route), 0 logic levels.

      Destination Clock Path u_pll/PLLInst_0 to u_cam_cfg/SLICE_119:

   Name    Fanout   Delay (ns)          Site               Resource
ROUTE       289     2.137  PLL_BL0.CLKOP to    R27C45C.CLK SD_CLK_c
                  --------
                    2.137   (0.0% logic, 100.0% route), 0 logic levels.


Passed: The following path meets requirements by 5.502ns

 Logical Details:  Cell type  Pin type       Cell/ASIC name  (clock net +/-)

   Source:         PDPW16KD   Port           u_cam_cfg/u_rom/mux_839(ASIC)  (from SD_CLK_c +)
   Destination:    FF         Data in        u_cam_cfg/cur_reg__i14  (to SD_CLK_c +)

   Delay:              15.358ns  (47.7% logic, 52.3% route), 7 logic levels.

 Constraint Details:

     15.358ns physical path delay u_cam_cfg/u_rom/mux_839 to u_cam_cfg/SLICE_117 meets
     20.833ns delay constraint less
      0.100ns skew and
     -0.127ns CE_SET requirement (totaling 20.860ns) by 5.502ns

 Physical Path Details:

      Data path u_cam_cfg/u_rom/mux_839 to u_cam_cfg/SLICE_117:

   Name    Fanout   Delay (ns)          Site               Resource
C2Q_DEL     ---     5.740 *R_R25C46.CLKR to EBR_R25C46.DO3 u_cam_cfg/u_rom/mux_839 (from SD_CLK_c)
ROUTE         1     1.366 EBR_R25C46.DO3 to     R24C51C.A1 u_cam_cfg/u_rom/n28091
CTOOFX_DEL  ---     0.401     R24C51C.A1 to   R24C51C.OFX0 u_cam_cfg/u_rom/i23016/SLICE_380
ROUTE         1     0.747   R24C51C.OFX0 to     R24C51B.A1 u_cam_cfg/u_rom/rom_entry_3
CTOF_DEL    ---     0.236     R24C51B.A1 to     R24C51B.F1 u_cam_cfg/u_rom/SLICE_528
ROUTE         1     0.374     R24C51B.F1 to     R24C51B.D0 u_cam_cfg/u_rom/n58987
CTOF_DEL    ---     0.236     R24C51B.D0 to     R24C51B.F0 u_cam_cfg/u_rom/SLICE_528
ROUTE         1     0.413     R24C51B.F0 to     R24C49C.D0 u_cam_cfg/u_rom/n58993
CTOF_DEL    ---     0.236     R24C49C.D0 to     R24C49C.F0 u_cam_cfg/u_rom/SLICE_527
ROUTE         3     0.998     R24C49C.F0 to     R28C50C.D1 u_cam_cfg/n58276
CTOF_DEL    ---     0.236     R28C50C.D1 to     R28C50C.F1 u_cam_cfg/SLICE_521
ROUTE         2     0.383     R28C50C.F1 to     R28C50C.D0 u_cam_cfg/n61700
CTOF_DEL    ---     0.236     R28C50C.D0 to     R28C50C.F0 u_cam_cfg/SLICE_521
ROUTE        19     3.756     R28C50C.F0 to     R27C49C.CE u_cam_cfg/SD_CLK_c_enable_237 (to SD_CLK_c)
                  --------
                   15.358   (47.7% logic, 52.3% route), 7 logic levels.

 Clock Skew Details: 

      Source Clock Path u_pll/PLLInst_0 to u_cam_cfg/u_rom/mux_839:

   Name    Fanout   Delay (ns)          Site               Resource
ROUTE       289     2.237  PLL_BL0.CLKOP to *R_R25C46.CLKR SD_CLK_c
                  --------
                    2.237   (0.0% logic, 100.0% route), 0 logic levels.

      Destination Clock Path u_pll/PLLInst_0 to u_cam_cfg/SLICE_117:

   Name    Fanout   Delay (ns)          Site               Resource
ROUTE       289     2.137  PLL_BL0.CLKOP to    R27C49C.CLK SD_CLK_c
                  --------
                    2.137   (0.0% logic, 100.0% route), 0 logic levels.


Passed: The following path meets requirements by 5.502ns

 Logical Details:  Cell type  Pin type       Cell/ASIC name  (clock net +/-)

   Source:         PDPW16KD   Port           u_cam_cfg/u_rom/mux_839(ASIC)  (from SD_CLK_c +)
   Destination:    FF         Data in        u_cam_cfg/cur_reg__i12  (to SD_CLK_c +)

   Delay:              15.358ns  (47.7% logic, 52.3% route), 7 logic levels.

 Constraint Details:

     15.358ns physical path delay u_cam_cfg/u_rom/mux_839 to u_cam_cfg/SLICE_115 meets
     20.833ns delay constraint less
      0.100ns skew and
     -0.127ns CE_SET requirement (totaling 20.860ns) by 5.502ns

 Physical Path Details:

      Data path u_cam_cfg/u_rom/mux_839 to u_cam_cfg/SLICE_115:

   Name    Fanout   Delay (ns)          Site               Resource
C2Q_DEL     ---     5.740 *R_R25C46.CLKR to EBR_R25C46.DO3 u_cam_cfg/u_rom/mux_839 (from SD_CLK_c)
ROUTE         1     1.366 EBR_R25C46.DO3 to     R24C51C.A1 u_cam_cfg/u_rom/n28091
CTOOFX_DEL  ---     0.401     R24C51C.A1 to   R24C51C.OFX0 u_cam_cfg/u_rom/i23016/SLICE_380
ROUTE         1     0.747   R24C51C.OFX0 to     R24C51B.A1 u_cam_cfg/u_rom/rom_entry_3
CTOF_DEL    ---     0.236     R24C51B.A1 to     R24C51B.F1 u_cam_cfg/u_rom/SLICE_528
ROUTE         1     0.374     R24C51B.F1 to     R24C51B.D0 u_cam_cfg/u_rom/n58987
CTOF_DEL    ---     0.236     R24C51B.D0 to     R24C51B.F0 u_cam_cfg/u_rom/SLICE_528
ROUTE         1     0.413     R24C51B.F0 to     R24C49C.D0 u_cam_cfg/u_rom/n58993
CTOF_DEL    ---     0.236     R24C49C.D0 to     R24C49C.F0 u_cam_cfg/u_rom/SLICE_527
ROUTE         3     0.998     R24C49C.F0 to     R28C50C.D1 u_cam_cfg/n58276
CTOF_DEL    ---     0.236     R28C50C.D1 to     R28C50C.F1 u_cam_cfg/SLICE_521
ROUTE         2     0.383     R28C50C.F1 to     R28C50C.D0 u_cam_cfg/n61700
CTOF_DEL    ---     0.236     R28C50C.D0 to     R28C50C.F0 u_cam_cfg/SLICE_521
ROUTE        19     3.756     R28C50C.F0 to     R26C51C.CE u_cam_cfg/SD_CLK_c_enable_237 (to SD_CLK_c)
                  --------
                   15.358   (47.7% logic, 52.3% route), 7 logic levels.

 Clock Skew Details: 

      Source Clock Path u_pll/PLLInst_0 to u_cam_cfg/u_rom/mux_839:

   Name    Fanout   Delay (ns)          Site               Resource
ROUTE       289     2.237  PLL_BL0.CLKOP to *R_R25C46.CLKR SD_CLK_c
                  --------
                    2.237   (0.0% logic, 100.0% route), 0 logic levels.

      Destination Clock Path u_pll/PLLInst_0 to u_cam_cfg/SLICE_115:

   Name    Fanout   Delay (ns)          Site               Resource
ROUTE       289     2.137  PLL_BL0.CLKOP to    R26C51C.CLK SD_CLK_c
                  --------
                    2.137   (0.0% logic, 100.0% route), 0 logic levels.


Passed: The following path meets requirements by 5.502ns

 Logical Details:  Cell type  Pin type       Cell/ASIC name  (clock net +/-)

   Source:         PDPW16KD   Port           u_cam_cfg/u_rom/mux_839(ASIC)  (from SD_CLK_c +)
   Destination:    FF         Data in        u_cam_cfg/cur_val_i0_i5  (to SD_CLK_c +)
                   FF                        u_cam_cfg/cur_val_i0_i4

   Delay:              15.358ns  (47.7% logic, 52.3% route), 7 logic levels.

 Constraint Details:

     15.358ns physical path delay u_cam_cfg/u_rom/mux_839 to u_cam_cfg/SLICE_121 meets
     20.833ns delay constraint less
      0.100ns skew and
     -0.127ns CE_SET requirement (totaling 20.860ns) by 5.502ns

 Physical Path Details:

      Data path u_cam_cfg/u_rom/mux_839 to u_cam_cfg/SLICE_121:

   Name    Fanout   Delay (ns)          Site               Resource
C2Q_DEL     ---     5.740 *R_R25C46.CLKR to EBR_R25C46.DO3 u_cam_cfg/u_rom/mux_839 (from SD_CLK_c)
ROUTE         1     1.366 EBR_R25C46.DO3 to     R24C51C.A1 u_cam_cfg/u_rom/n28091
CTOOFX_DEL  ---     0.401     R24C51C.A1 to   R24C51C.OFX0 u_cam_cfg/u_rom/i23016/SLICE_380
ROUTE         1     0.747   R24C51C.OFX0 to     R24C51B.A1 u_cam_cfg/u_rom/rom_entry_3
CTOF_DEL    ---     0.236     R24C51B.A1 to     R24C51B.F1 u_cam_cfg/u_rom/SLICE_528
ROUTE         1     0.374     R24C51B.F1 to     R24C51B.D0 u_cam_cfg/u_rom/n58987
CTOF_DEL    ---     0.236     R24C51B.D0 to     R24C51B.F0 u_cam_cfg/u_rom/SLICE_528
ROUTE         1     0.413     R24C51B.F0 to     R24C49C.D0 u_cam_cfg/u_rom/n58993
CTOF_DEL    ---     0.236     R24C49C.D0 to     R24C49C.F0 u_cam_cfg/u_rom/SLICE_527
ROUTE         3     0.998     R24C49C.F0 to     R28C50C.D1 u_cam_cfg/n58276
CTOF_DEL    ---     0.236     R28C50C.D1 to     R28C50C.F1 u_cam_cfg/SLICE_521
ROUTE         2     0.383     R28C50C.F1 to     R28C50C.D0 u_cam_cfg/n61700
CTOF_DEL    ---     0.236     R28C50C.D0 to     R28C50C.F0 u_cam_cfg/SLICE_521
ROUTE        19     3.756     R28C50C.F0 to     R27C46D.CE u_cam_cfg/SD_CLK_c_enable_237 (to SD_CLK_c)
                  --------
                   15.358   (47.7% logic, 52.3% route), 7 logic levels.

 Clock Skew Details: 

      Source Clock Path u_pll/PLLInst_0 to u_cam_cfg/u_rom/mux_839:

   Name    Fanout   Delay (ns)          Site               Resource
ROUTE       289     2.237  PLL_BL0.CLKOP to *R_R25C46.CLKR SD_CLK_c
                  --------
                    2.237   (0.0% logic, 100.0% route), 0 logic levels.

      Destination Clock Path u_pll/PLLInst_0 to u_cam_cfg/SLICE_121:

   Name    Fanout   Delay (ns)          Site               Resource
ROUTE       289     2.137  PLL_BL0.CLKOP to    R27C46D.CLK SD_CLK_c
                  --------
                    2.137   (0.0% logic, 100.0% route), 0 logic levels.


Passed: The following path meets requirements by 5.502ns

 Logical Details:  Cell type  Pin type       Cell/ASIC name  (clock net +/-)

   Source:         PDPW16KD   Port           u_cam_cfg/u_rom/mux_839(ASIC)  (from SD_CLK_c +)
   Destination:    FF         Data in        u_cam_cfg/cur_val_i0_i7  (to SD_CLK_c +)
                   FF                        u_cam_cfg/cur_val_i0_i6

   Delay:              15.358ns  (47.7% logic, 52.3% route), 7 logic levels.

 Constraint Details:

     15.358ns physical path delay u_cam_cfg/u_rom/mux_839 to u_cam_cfg/SLICE_122 meets
     20.833ns delay constraint less
      0.100ns skew and
     -0.127ns CE_SET requirement (totaling 20.860ns) by 5.502ns

 Physical Path Details:

      Data path u_cam_cfg/u_rom/mux_839 to u_cam_cfg/SLICE_122:

   Name    Fanout   Delay (ns)          Site               Resource
C2Q_DEL     ---     5.740 *R_R25C46.CLKR to EBR_R25C46.DO3 u_cam_cfg/u_rom/mux_839 (from SD_CLK_c)
ROUTE         1     1.366 EBR_R25C46.DO3 to     R24C51C.A1 u_cam_cfg/u_rom/n28091
CTOOFX_DEL  ---     0.401     R24C51C.A1 to   R24C51C.OFX0 u_cam_cfg/u_rom/i23016/SLICE_380
ROUTE         1     0.747   R24C51C.OFX0 to     R24C51B.A1 u_cam_cfg/u_rom/rom_entry_3
CTOF_DEL    ---     0.236     R24C51B.A1 to     R24C51B.F1 u_cam_cfg/u_rom/SLICE_528
ROUTE         1     0.374     R24C51B.F1 to     R24C51B.D0 u_cam_cfg/u_rom/n58987
CTOF_DEL    ---     0.236     R24C51B.D0 to     R24C51B.F0 u_cam_cfg/u_rom/SLICE_528
ROUTE         1     0.413     R24C51B.F0 to     R24C49C.D0 u_cam_cfg/u_rom/n58993
CTOF_DEL    ---     0.236     R24C49C.D0 to     R24C49C.F0 u_cam_cfg/u_rom/SLICE_527
ROUTE         3     0.998     R24C49C.F0 to     R28C50C.D1 u_cam_cfg/n58276
CTOF_DEL    ---     0.236     R28C50C.D1 to     R28C50C.F1 u_cam_cfg/SLICE_521
ROUTE         2     0.383     R28C50C.F1 to     R28C50C.D0 u_cam_cfg/n61700
CTOF_DEL    ---     0.236     R28C50C.D0 to     R28C50C.F0 u_cam_cfg/SLICE_521
ROUTE        19     3.756     R28C50C.F0 to     R26C46C.CE u_cam_cfg/SD_CLK_c_enable_237 (to SD_CLK_c)
                  --------
                   15.358   (47.7% logic, 52.3% route), 7 logic levels.

 Clock Skew Details: 

      Source Clock Path u_pll/PLLInst_0 to u_cam_cfg/u_rom/mux_839:

   Name    Fanout   Delay (ns)          Site               Resource
ROUTE       289     2.237  PLL_BL0.CLKOP to *R_R25C46.CLKR SD_CLK_c
                  --------
                    2.237   (0.0% logic, 100.0% route), 0 logic levels.

      Destination Clock Path u_pll/PLLInst_0 to u_cam_cfg/SLICE_122:

   Name    Fanout   Delay (ns)          Site               Resource
ROUTE       289     2.137  PLL_BL0.CLKOP to    R26C46C.CLK SD_CLK_c
                  --------
                    2.137   (0.0% logic, 100.0% route), 0 logic levels.


Passed: The following path meets requirements by 5.502ns

 Logical Details:  Cell type  Pin type       Cell/ASIC name  (clock net +/-)

   Source:         PDPW16KD   Port           u_cam_cfg/u_rom/mux_839(ASIC)  (from SD_CLK_c +)
   Destination:    FF         Data in        u_cam_cfg/cur_reg__i8  (to SD_CLK_c +)

   Delay:              15.358ns  (47.7% logic, 52.3% route), 7 logic levels.

 Constraint Details:

     15.358ns physical path delay u_cam_cfg/u_rom/mux_839 to u_cam_cfg/SLICE_111 meets
     20.833ns delay constraint less
      0.100ns skew and
     -0.127ns CE_SET requirement (totaling 20.860ns) by 5.502ns

 Physical Path Details:

      Data path u_cam_cfg/u_rom/mux_839 to u_cam_cfg/SLICE_111:

   Name    Fanout   Delay (ns)          Site               Resource
C2Q_DEL     ---     5.740 *R_R25C46.CLKR to EBR_R25C46.DO3 u_cam_cfg/u_rom/mux_839 (from SD_CLK_c)
ROUTE         1     1.366 EBR_R25C46.DO3 to     R24C51C.A1 u_cam_cfg/u_rom/n28091
CTOOFX_DEL  ---     0.401     R24C51C.A1 to   R24C51C.OFX0 u_cam_cfg/u_rom/i23016/SLICE_380
ROUTE         1     0.747   R24C51C.OFX0 to     R24C51B.A1 u_cam_cfg/u_rom/rom_entry_3
CTOF_DEL    ---     0.236     R24C51B.A1 to     R24C51B.F1 u_cam_cfg/u_rom/SLICE_528
ROUTE         1     0.374     R24C51B.F1 to     R24C51B.D0 u_cam_cfg/u_rom/n58987
CTOF_DEL    ---     0.236     R24C51B.D0 to     R24C51B.F0 u_cam_cfg/u_rom/SLICE_528
ROUTE         1     0.413     R24C51B.F0 to     R24C49C.D0 u_cam_cfg/u_rom/n58993
CTOF_DEL    ---     0.236     R24C49C.D0 to     R24C49C.F0 u_cam_cfg/u_rom/SLICE_527
ROUTE         3     0.998     R24C49C.F0 to     R28C50C.D1 u_cam_cfg/n58276
CTOF_DEL    ---     0.236     R28C50C.D1 to     R28C50C.F1 u_cam_cfg/SLICE_521
ROUTE         2     0.383     R28C50C.F1 to     R28C50C.D0 u_cam_cfg/n61700
CTOF_DEL    ---     0.236     R28C50C.D0 to     R28C50C.F0 u_cam_cfg/SLICE_521
ROUTE        19     3.756     R28C50C.F0 to     R27C49B.CE u_cam_cfg/SD_CLK_c_enable_237 (to SD_CLK_c)
                  --------
                   15.358   (47.7% logic, 52.3% route), 7 logic levels.

 Clock Skew Details: 

      Source Clock Path u_pll/PLLInst_0 to u_cam_cfg/u_rom/mux_839:

   Name    Fanout   Delay (ns)          Site               Resource
ROUTE       289     2.237  PLL_BL0.CLKOP to *R_R25C46.CLKR SD_CLK_c
                  --------
                    2.237   (0.0% logic, 100.0% route), 0 logic levels.

      Destination Clock Path u_pll/PLLInst_0 to u_cam_cfg/SLICE_111:

   Name    Fanout   Delay (ns)          Site               Resource
ROUTE       289     2.137  PLL_BL0.CLKOP to    R27C49B.CLK SD_CLK_c
                  --------
                    2.137   (0.0% logic, 100.0% route), 0 logic levels.


Passed: The following path meets requirements by 5.502ns

 Logical Details:  Cell type  Pin type       Cell/ASIC name  (clock net +/-)

   Source:         PDPW16KD   Port           u_cam_cfg/u_rom/mux_839(ASIC)  (from SD_CLK_c +)
   Destination:    FF         Data in        u_cam_cfg/cur_reg__i6  (to SD_CLK_c +)

   Delay:              15.358ns  (47.7% logic, 52.3% route), 7 logic levels.

 Constraint Details:

     15.358ns physical path delay u_cam_cfg/u_rom/mux_839 to u_cam_cfg/SLICE_109 meets
     20.833ns delay constraint less
      0.100ns skew and
     -0.127ns CE_SET requirement (totaling 20.860ns) by 5.502ns

 Physical Path Details:

      Data path u_cam_cfg/u_rom/mux_839 to u_cam_cfg/SLICE_109:

   Name    Fanout   Delay (ns)          Site               Resource
C2Q_DEL     ---     5.740 *R_R25C46.CLKR to EBR_R25C46.DO3 u_cam_cfg/u_rom/mux_839 (from SD_CLK_c)
ROUTE         1     1.366 EBR_R25C46.DO3 to     R24C51C.A1 u_cam_cfg/u_rom/n28091
CTOOFX_DEL  ---     0.401     R24C51C.A1 to   R24C51C.OFX0 u_cam_cfg/u_rom/i23016/SLICE_380
ROUTE         1     0.747   R24C51C.OFX0 to     R24C51B.A1 u_cam_cfg/u_rom/rom_entry_3
CTOF_DEL    ---     0.236     R24C51B.A1 to     R24C51B.F1 u_cam_cfg/u_rom/SLICE_528
ROUTE         1     0.374     R24C51B.F1 to     R24C51B.D0 u_cam_cfg/u_rom/n58987
CTOF_DEL    ---     0.236     R24C51B.D0 to     R24C51B.F0 u_cam_cfg/u_rom/SLICE_528
ROUTE         1     0.413     R24C51B.F0 to     R24C49C.D0 u_cam_cfg/u_rom/n58993
CTOF_DEL    ---     0.236     R24C49C.D0 to     R24C49C.F0 u_cam_cfg/u_rom/SLICE_527
ROUTE         3     0.998     R24C49C.F0 to     R28C50C.D1 u_cam_cfg/n58276
CTOF_DEL    ---     0.236     R28C50C.D1 to     R28C50C.F1 u_cam_cfg/SLICE_521
ROUTE         2     0.383     R28C50C.F1 to     R28C50C.D0 u_cam_cfg/n61700
CTOF_DEL    ---     0.236     R28C50C.D0 to     R28C50C.F0 u_cam_cfg/SLICE_521
ROUTE        19     3.756     R28C50C.F0 to     R26C48C.CE u_cam_cfg/SD_CLK_c_enable_237 (to SD_CLK_c)
                  --------
                   15.358   (47.7% logic, 52.3% route), 7 logic levels.

 Clock Skew Details: 

      Source Clock Path u_pll/PLLInst_0 to u_cam_cfg/u_rom/mux_839:

   Name    Fanout   Delay (ns)          Site               Resource
ROUTE       289     2.237  PLL_BL0.CLKOP to *R_R25C46.CLKR SD_CLK_c
                  --------
                    2.237   (0.0% logic, 100.0% route), 0 logic levels.

      Destination Clock Path u_pll/PLLInst_0 to u_cam_cfg/SLICE_109:

   Name    Fanout   Delay (ns)          Site               Resource
ROUTE       289     2.137  PLL_BL0.CLKOP to    R26C48C.CLK SD_CLK_c
                  --------
                    2.137   (0.0% logic, 100.0% route), 0 logic levels.


Passed: The following path meets requirements by 5.502ns

 Logical Details:  Cell type  Pin type       Cell/ASIC name  (clock net +/-)

   Source:         PDPW16KD   Port           u_cam_cfg/u_rom/mux_839(ASIC)  (from SD_CLK_c +)
   Destination:    FF         Data in        u_cam_cfg/cur_reg__i4  (to SD_CLK_c +)

   Delay:              15.358ns  (47.7% logic, 52.3% route), 7 logic levels.

 Constraint Details:

     15.358ns physical path delay u_cam_cfg/u_rom/mux_839 to u_cam_cfg/SLICE_107 meets
     20.833ns delay constraint less
      0.100ns skew and
     -0.127ns CE_SET requirement (totaling 20.860ns) by 5.502ns

 Physical Path Details:

      Data path u_cam_cfg/u_rom/mux_839 to u_cam_cfg/SLICE_107:

   Name    Fanout   Delay (ns)          Site               Resource
C2Q_DEL     ---     5.740 *R_R25C46.CLKR to EBR_R25C46.DO3 u_cam_cfg/u_rom/mux_839 (from SD_CLK_c)
ROUTE         1     1.366 EBR_R25C46.DO3 to     R24C51C.A1 u_cam_cfg/u_rom/n28091
CTOOFX_DEL  ---     0.401     R24C51C.A1 to   R24C51C.OFX0 u_cam_cfg/u_rom/i23016/SLICE_380
ROUTE         1     0.747   R24C51C.OFX0 to     R24C51B.A1 u_cam_cfg/u_rom/rom_entry_3
CTOF_DEL    ---     0.236     R24C51B.A1 to     R24C51B.F1 u_cam_cfg/u_rom/SLICE_528
ROUTE         1     0.374     R24C51B.F1 to     R24C51B.D0 u_cam_cfg/u_rom/n58987
CTOF_DEL    ---     0.236     R24C51B.D0 to     R24C51B.F0 u_cam_cfg/u_rom/SLICE_528
ROUTE         1     0.413     R24C51B.F0 to     R24C49C.D0 u_cam_cfg/u_rom/n58993
CTOF_DEL    ---     0.236     R24C49C.D0 to     R24C49C.F0 u_cam_cfg/u_rom/SLICE_527
ROUTE         3     0.998     R24C49C.F0 to     R28C50C.D1 u_cam_cfg/n58276
CTOF_DEL    ---     0.236     R28C50C.D1 to     R28C50C.F1 u_cam_cfg/SLICE_521
ROUTE         2     0.383     R28C50C.F1 to     R28C50C.D0 u_cam_cfg/n61700
CTOF_DEL    ---     0.236     R28C50C.D0 to     R28C50C.F0 u_cam_cfg/SLICE_521
ROUTE        19     3.756     R28C50C.F0 to     R26C47A.CE u_cam_cfg/SD_CLK_c_enable_237 (to SD_CLK_c)
                  --------
                   15.358   (47.7% logic, 52.3% route), 7 logic levels.

 Clock Skew Details: 

      Source Clock Path u_pll/PLLInst_0 to u_cam_cfg/u_rom/mux_839:

   Name    Fanout   Delay (ns)          Site               Resource
ROUTE       289     2.237  PLL_BL0.CLKOP to *R_R25C46.CLKR SD_CLK_c
                  --------
                    2.237   (0.0% logic, 100.0% route), 0 logic levels.

      Destination Clock Path u_pll/PLLInst_0 to u_cam_cfg/SLICE_107:

   Name    Fanout   Delay (ns)          Site               Resource
ROUTE       289     2.137  PLL_BL0.CLKOP to    R26C47A.CLK SD_CLK_c
                  --------
                    2.137   (0.0% logic, 100.0% route), 0 logic levels.


Passed: The following path meets requirements by 5.502ns

 Logical Details:  Cell type  Pin type       Cell/ASIC name  (clock net +/-)

   Source:         PDPW16KD   Port           u_cam_cfg/u_rom/mux_839(ASIC)  (from SD_CLK_c +)
   Destination:    FF         Data in        u_cam_cfg/cur_reg__i10  (to SD_CLK_c +)

   Delay:              15.358ns  (47.7% logic, 52.3% route), 7 logic levels.

 Constraint Details:

     15.358ns physical path delay u_cam_cfg/u_rom/mux_839 to u_cam_cfg/SLICE_113 meets
     20.833ns delay constraint less
      0.100ns skew and
     -0.127ns CE_SET requirement (totaling 20.860ns) by 5.502ns

 Physical Path Details:

      Data path u_cam_cfg/u_rom/mux_839 to u_cam_cfg/SLICE_113:

   Name    Fanout   Delay (ns)          Site               Resource
C2Q_DEL     ---     5.740 *R_R25C46.CLKR to EBR_R25C46.DO3 u_cam_cfg/u_rom/mux_839 (from SD_CLK_c)
ROUTE         1     1.366 EBR_R25C46.DO3 to     R24C51C.A1 u_cam_cfg/u_rom/n28091
CTOOFX_DEL  ---     0.401     R24C51C.A1 to   R24C51C.OFX0 u_cam_cfg/u_rom/i23016/SLICE_380
ROUTE         1     0.747   R24C51C.OFX0 to     R24C51B.A1 u_cam_cfg/u_rom/rom_entry_3
CTOF_DEL    ---     0.236     R24C51B.A1 to     R24C51B.F1 u_cam_cfg/u_rom/SLICE_528
ROUTE         1     0.374     R24C51B.F1 to     R24C51B.D0 u_cam_cfg/u_rom/n58987
CTOF_DEL    ---     0.236     R24C51B.D0 to     R24C51B.F0 u_cam_cfg/u_rom/SLICE_528
ROUTE         1     0.413     R24C51B.F0 to     R24C49C.D0 u_cam_cfg/u_rom/n58993
CTOF_DEL    ---     0.236     R24C49C.D0 to     R24C49C.F0 u_cam_cfg/u_rom/SLICE_527
ROUTE         3     0.998     R24C49C.F0 to     R28C50C.D1 u_cam_cfg/n58276
CTOF_DEL    ---     0.236     R28C50C.D1 to     R28C50C.F1 u_cam_cfg/SLICE_521
ROUTE         2     0.383     R28C50C.F1 to     R28C50C.D0 u_cam_cfg/n61700
CTOF_DEL    ---     0.236     R28C50C.D0 to     R28C50C.F0 u_cam_cfg/SLICE_521
ROUTE        19     3.756     R28C50C.F0 to     R24C48D.CE u_cam_cfg/SD_CLK_c_enable_237 (to SD_CLK_c)
                  --------
                   15.358   (47.7% logic, 52.3% route), 7 logic levels.

 Clock Skew Details: 

      Source Clock Path u_pll/PLLInst_0 to u_cam_cfg/u_rom/mux_839:

   Name    Fanout   Delay (ns)          Site               Resource
ROUTE       289     2.237  PLL_BL0.CLKOP to *R_R25C46.CLKR SD_CLK_c
                  --------
                    2.237   (0.0% logic, 100.0% route), 0 logic levels.

      Destination Clock Path u_pll/PLLInst_0 to u_cam_cfg/SLICE_113:

   Name    Fanout   Delay (ns)          Site               Resource
ROUTE       289     2.137  PLL_BL0.CLKOP to    R24C48D.CLK SD_CLK_c
                  --------
                    2.137   (0.0% logic, 100.0% route), 0 logic levels.

Report:   65.227MHz is the maximum frequency for this preference.


================================================================================
Preference: FREQUENCY NET "MCLK_c" 24.000000 MHz ;
            0 items scored, 0 timing errors detected.
--------------------------------------------------------------------------------


================================================================================
Preference: FREQUENCY NET "CRYSTAL_c" 24.000000 MHz ;
            0 items scored, 0 timing errors detected.
--------------------------------------------------------------------------------

Report Summary
--------------
----------------------------------------------------------------------------
Preference                              |   Constraint|       Actual|Levels
----------------------------------------------------------------------------
                                        |             |             |
FREQUENCY NET "SD_CLK_c" 48.000000 MHz  |             |             |
;                                       |   48.000 MHz|   65.227 MHz|   7  
                                        |             |             |
FREQUENCY NET "MCLK_c" 24.000000 MHz ;  |            -|            -|   0  
                                        |             |             |
FREQUENCY NET "CRYSTAL_c" 24.000000 MHz |             |             |
;                                       |            -|            -|   0  
                                        |             |             |
----------------------------------------------------------------------------


All preferences were met.


Clock Domains Analysis
------------------------

Found 2 clocks:

Clock Domain: SD_CLK_c   Source: u_pll/PLLInst_0.CLKOP   Loads: 289
   Covered under: FREQUENCY NET "SD_CLK_c" 48.000000 MHz ;

Clock Domain: CRYSTAL_c   Source: CRYSTAL.PAD   Loads: 1
   No transfer within this clock domain is found


Timing summary (Setup):
---------------

Timing errors: 0  Score: 0
Cumulative negative slack: 0

Constraints cover 96620 paths, 3 nets, and 4587 connections (99.72% coverage)

--------------------------------------------------------------------------------
Lattice TRACE Report - Hold, Version Diamond (64-bit) 3.14.0.75.2
Sat Mar 07 23:07:28 2026

Copyright (c) 1991-1994 by NeoCAD Inc. All rights reserved.
Copyright (c) 1995 AT&T Corp.   All rights reserved.
Copyright (c) 1995-2001 Lucent Technologies Inc.  All rights reserved.
Copyright (c) 2001 Agere Systems   All rights reserved.
Copyright (c) 2002-2024 Lattice Semiconductor Corporation,  All rights reserved.

Report Information
------------------
Command line:    trce -v 10 -gt -sethld -sp 6 -sphld m -o AICAM_impl1.twr -gui -msgset C:/Users/kunsh/Desktop/AiCamera/Lattice Diamond/promote.xml AICAM_impl1.ncd AICAM_impl1.prf 
Design file:     aicam_impl1.ncd
Preference file: aicam_impl1.prf
Device,speed:    LFE5U-25F,m
Report level:    verbose report, limited to 10 items per preference
--------------------------------------------------------------------------------



================================================================================
Preference: FREQUENCY NET "SD_CLK_c" 48.000000 MHz ;
            4096 items scored, 0 timing errors detected.
--------------------------------------------------------------------------------


Passed: The following path meets requirements by 0.175ns

 Logical Details:  Cell type  Pin type       Cell/ASIC name  (clock net +/-)

   Source:         FF         Q              u_sd/sh_rx__i0  (from SD_CLK_c +)
   Destination:    FF         Data in        u_sd/spi_rx_i0_i0  (to SD_CLK_c +)

   Delay:               0.293ns  (56.0% logic, 44.0% route), 1 logic levels.

 Constraint Details:

      0.293ns physical path delay u_sd/SLICE_269 to u_sd/SLICE_278 meets
      0.118ns M_HLD and
      0.000ns delay constraint less
      0.000ns skew requirement (totaling 0.118ns) by 0.175ns

 Physical Path Details:

      Data path u_sd/SLICE_269 to u_sd/SLICE_278:

   Name    Fanout   Delay (ns)          Site               Resource
REG_DEL     ---     0.164    R33C28A.CLK to     R33C28A.Q0 u_sd/SLICE_269 (from SD_CLK_c)
ROUTE         1     0.129     R33C28A.Q0 to     R33C28D.M0 u_sd/sh_rx_0 (to SD_CLK_c)
                  --------
                    0.293   (56.0% logic, 44.0% route), 1 logic levels.

 Clock Skew Details: 

      Source Clock Path u_pll/PLLInst_0 to u_sd/SLICE_269:

   Name    Fanout   Delay (ns)          Site               Resource
ROUTE       289     0.653  PLL_BL0.CLKOP to    R33C28A.CLK SD_CLK_c
                  --------
                    0.653   (0.0% logic, 100.0% route), 0 logic levels.

      Destination Clock Path u_pll/PLLInst_0 to u_sd/SLICE_278:

   Name    Fanout   Delay (ns)          Site               Resource
ROUTE       289     0.653  PLL_BL0.CLKOP to    R33C28D.CLK SD_CLK_c
                  --------
                    0.653   (0.0% logic, 100.0% route), 0 logic levels.


Passed: The following path meets requirements by 0.175ns

 Logical Details:  Cell type  Pin type       Cell/ASIC name  (clock net +/-)

   Source:         FF         Q              u_ctrl/u_rx/rx_s1_64  (from SD_CLK_c +)
   Destination:    FF         Data in        u_ctrl/u_rx/rx_s2_65  (to SD_CLK_c +)

   Delay:               0.293ns  (56.0% logic, 44.0% route), 1 logic levels.

 Constraint Details:

      0.293ns physical path delay u_ctrl/u_rx/SLICE_234 to u_ctrl/u_rx/SLICE_234 meets
      0.118ns M_HLD and
      0.000ns delay constraint less
      0.000ns skew requirement (totaling 0.118ns) by 0.175ns

 Physical Path Details:

      Data path u_ctrl/u_rx/SLICE_234 to u_ctrl/u_rx/SLICE_234:

   Name    Fanout   Delay (ns)          Site               Resource
REG_DEL     ---     0.164    R31C37D.CLK to     R31C37D.Q0 u_ctrl/u_rx/SLICE_234 (from SD_CLK_c)
ROUTE         1     0.129     R31C37D.Q0 to     R31C37D.M1 u_ctrl/u_rx/rx_s1 (to SD_CLK_c)
                  --------
                    0.293   (56.0% logic, 44.0% route), 1 logic levels.

 Clock Skew Details: 

      Source Clock Path u_pll/PLLInst_0 to u_ctrl/u_rx/SLICE_234:

   Name    Fanout   Delay (ns)          Site               Resource
ROUTE       289     0.653  PLL_BL0.CLKOP to    R31C37D.CLK SD_CLK_c
                  --------
                    0.653   (0.0% logic, 100.0% route), 0 logic levels.

      Destination Clock Path u_pll/PLLInst_0 to u_ctrl/u_rx/SLICE_234:

   Name    Fanout   Delay (ns)          Site               Resource
ROUTE       289     0.653  PLL_BL0.CLKOP to    R31C37D.CLK SD_CLK_c
                  --------
                    0.653   (0.0% logic, 100.0% route), 0 logic levels.


Passed: The following path meets requirements by 0.176ns

 Logical Details:  Cell type  Pin type       Cell/ASIC name  (clock net +/-)

   Source:         FF         Q              u_ctrl/u_cmd/bytes_7___i16  (from SD_CLK_c +)
   Destination:    FF         Data in        u_ctrl/u_cmd/cmd_seq_i0_i7  (to SD_CLK_c +)

   Delay:               0.294ns  (55.4% logic, 44.6% route), 1 logic levels.

 Constraint Details:

      0.294ns physical path delay u_ctrl/u_cmd/SLICE_219 to u_ctrl/u_cmd/SLICE_159 meets
      0.118ns M_HLD and
      0.000ns delay constraint less
      0.000ns skew requirement (totaling 0.118ns) by 0.176ns

 Physical Path Details:

      Data path u_ctrl/u_cmd/SLICE_219 to u_ctrl/u_cmd/SLICE_159:

   Name    Fanout   Delay (ns)          Site               Resource
REG_DEL     ---     0.163    R30C33B.CLK to     R30C33B.Q1 u_ctrl/u_cmd/SLICE_219 (from SD_CLK_c)
ROUTE         2     0.131     R30C33B.Q1 to     R30C33A.M1 u_ctrl/u_cmd/bytes_6_7 (to SD_CLK_c)
                  --------
                    0.294   (55.4% logic, 44.6% route), 1 logic levels.

 Clock Skew Details: 

      Source Clock Path u_pll/PLLInst_0 to u_ctrl/u_cmd/SLICE_219:

   Name    Fanout   Delay (ns)          Site               Resource
ROUTE       289     0.653  PLL_BL0.CLKOP to    R30C33B.CLK SD_CLK_c
                  --------
                    0.653   (0.0% logic, 100.0% route), 0 logic levels.

      Destination Clock Path u_pll/PLLInst_0 to u_ctrl/u_cmd/SLICE_159:

   Name    Fanout   Delay (ns)          Site               Resource
ROUTE       289     0.653  PLL_BL0.CLKOP to    R30C33A.CLK SD_CLK_c
                  --------
                    0.653   (0.0% logic, 100.0% route), 0 logic levels.


Passed: The following path meets requirements by 0.176ns

 Logical Details:  Cell type  Pin type       Cell/ASIC name  (clock net +/-)

   Source:         FF         Q              u_ctrl/u_cmd/bytes_7___i12  (from SD_CLK_c +)
   Destination:    FF         Data in        u_ctrl/u_cmd/cmd_seq_i0_i3  (to SD_CLK_c +)

   Delay:               0.294ns  (55.4% logic, 44.6% route), 1 logic levels.

 Constraint Details:

      0.294ns physical path delay u_ctrl/u_cmd/SLICE_217 to u_ctrl/u_cmd/SLICE_157 meets
      0.118ns M_HLD and
      0.000ns delay constraint less
      0.000ns skew requirement (totaling 0.118ns) by 0.176ns

 Physical Path Details:

      Data path u_ctrl/u_cmd/SLICE_217 to u_ctrl/u_cmd/SLICE_157:

   Name    Fanout   Delay (ns)          Site               Resource
REG_DEL     ---     0.163    R30C35C.CLK to     R30C35C.Q1 u_ctrl/u_cmd/SLICE_217 (from SD_CLK_c)
ROUTE         2     0.131     R30C35C.Q1 to     R30C35A.M1 u_ctrl/u_cmd/bytes_6_3 (to SD_CLK_c)
                  --------
                    0.294   (55.4% logic, 44.6% route), 1 logic levels.

 Clock Skew Details: 

      Source Clock Path u_pll/PLLInst_0 to u_ctrl/u_cmd/SLICE_217:

   Name    Fanout   Delay (ns)          Site               Resource
ROUTE       289     0.653  PLL_BL0.CLKOP to    R30C35C.CLK SD_CLK_c
                  --------
                    0.653   (0.0% logic, 100.0% route), 0 logic levels.

      Destination Clock Path u_pll/PLLInst_0 to u_ctrl/u_cmd/SLICE_157:

   Name    Fanout   Delay (ns)          Site               Resource
ROUTE       289     0.653  PLL_BL0.CLKOP to    R30C35A.CLK SD_CLK_c
                  --------
                    0.653   (0.0% logic, 100.0% route), 0 logic levels.


Passed: The following path meets requirements by 0.176ns

 Logical Details:  Cell type  Pin type       Cell/ASIC name  (clock net +/-)

   Source:         FF         Q              u_ctrl/u_cmd/bytes_7___i52  (from SD_CLK_c +)
   Destination:    FF         Data in        u_ctrl/u_cmd/cmd_opcode_i0_i3  (to SD_CLK_c +)

   Delay:               0.294ns  (55.4% logic, 44.6% route), 1 logic levels.

 Constraint Details:

      0.294ns physical path delay u_ctrl/u_cmd/SLICE_197 to u_ctrl/u_cmd/SLICE_154 meets
      0.118ns M_HLD and
      0.000ns delay constraint less
      0.000ns skew requirement (totaling 0.118ns) by 0.176ns

 Physical Path Details:

      Data path u_ctrl/u_cmd/SLICE_197 to u_ctrl/u_cmd/SLICE_154:

   Name    Fanout   Delay (ns)          Site               Resource
REG_DEL     ---     0.163    R30C34B.CLK to     R30C34B.Q1 u_ctrl/u_cmd/SLICE_197 (from SD_CLK_c)
ROUTE         2     0.131     R30C34B.Q1 to     R30C34C.M1 u_ctrl/u_cmd/bytes_1_3 (to SD_CLK_c)
                  --------
                    0.294   (55.4% logic, 44.6% route), 1 logic levels.

 Clock Skew Details: 

      Source Clock Path u_pll/PLLInst_0 to u_ctrl/u_cmd/SLICE_197:

   Name    Fanout   Delay (ns)          Site               Resource
ROUTE       289     0.653  PLL_BL0.CLKOP to    R30C34B.CLK SD_CLK_c
                  --------
                    0.653   (0.0% logic, 100.0% route), 0 logic levels.

      Destination Clock Path u_pll/PLLInst_0 to u_ctrl/u_cmd/SLICE_154:

   Name    Fanout   Delay (ns)          Site               Resource
ROUTE       289     0.653  PLL_BL0.CLKOP to    R30C34C.CLK SD_CLK_c
                  --------
                    0.653   (0.0% logic, 100.0% route), 0 logic levels.


Passed: The following path meets requirements by 0.177ns

 Logical Details:  Cell type  Pin type       Cell/ASIC name  (clock net +/-)

   Source:         FF         Q              u_ctrl/u_cmd/bytes_7___i51  (from SD_CLK_c +)
   Destination:    FF         Data in        u_ctrl/u_cmd/cmd_opcode_i0_i2  (to SD_CLK_c +)

   Delay:               0.295ns  (55.6% logic, 44.4% route), 1 logic levels.

 Constraint Details:

      0.295ns physical path delay u_ctrl/u_cmd/SLICE_197 to u_ctrl/u_cmd/SLICE_154 meets
      0.118ns M_HLD and
      0.000ns delay constraint less
      0.000ns skew requirement (totaling 0.118ns) by 0.177ns

 Physical Path Details:

      Data path u_ctrl/u_cmd/SLICE_197 to u_ctrl/u_cmd/SLICE_154:

   Name    Fanout   Delay (ns)          Site               Resource
REG_DEL     ---     0.164    R30C34B.CLK to     R30C34B.Q0 u_ctrl/u_cmd/SLICE_197 (from SD_CLK_c)
ROUTE         2     0.131     R30C34B.Q0 to     R30C34C.M0 u_ctrl/u_cmd/bytes_1_2 (to SD_CLK_c)
                  --------
                    0.295   (55.6% logic, 44.4% route), 1 logic levels.

 Clock Skew Details: 

      Source Clock Path u_pll/PLLInst_0 to u_ctrl/u_cmd/SLICE_197:

   Name    Fanout   Delay (ns)          Site               Resource
ROUTE       289     0.653  PLL_BL0.CLKOP to    R30C34B.CLK SD_CLK_c
                  --------
                    0.653   (0.0% logic, 100.0% route), 0 logic levels.

      Destination Clock Path u_pll/PLLInst_0 to u_ctrl/u_cmd/SLICE_154:

   Name    Fanout   Delay (ns)          Site               Resource
ROUTE       289     0.653  PLL_BL0.CLKOP to    R30C34C.CLK SD_CLK_c
                  --------
                    0.653   (0.0% logic, 100.0% route), 0 logic levels.


Passed: The following path meets requirements by 0.177ns

 Logical Details:  Cell type  Pin type       Cell/ASIC name  (clock net +/-)

   Source:         FF         Q              u_ctrl/u_regs/ack_seq_i0_i4  (from SD_CLK_c +)
   Destination:    FF         Data in        u_ctrl/u_ack/pkt_7___i13  (to SD_CLK_c +)

   Delay:               0.295ns  (55.6% logic, 44.4% route), 1 logic levels.

 Constraint Details:

      0.295ns physical path delay u_ctrl/u_regs/SLICE_135 to u_ctrl/u_ack/SLICE_189 meets
      0.118ns M_HLD and
      0.000ns delay constraint less
      0.000ns skew requirement (totaling 0.118ns) by 0.177ns

 Physical Path Details:

      Data path u_ctrl/u_regs/SLICE_135 to u_ctrl/u_ack/SLICE_189:

   Name    Fanout   Delay (ns)          Site               Resource
REG_DEL     ---     0.164    R24C34A.CLK to     R24C34A.Q0 u_ctrl/u_regs/SLICE_135 (from SD_CLK_c)
ROUTE         2     0.131     R24C34A.Q0 to     R24C34D.M0 u_ctrl/ack_seq_4 (to SD_CLK_c)
                  --------
                    0.295   (55.6% logic, 44.4% route), 1 logic levels.

 Clock Skew Details: 

      Source Clock Path u_pll/PLLInst_0 to u_ctrl/u_regs/SLICE_135:

   Name    Fanout   Delay (ns)          Site               Resource
ROUTE       289     0.653  PLL_BL0.CLKOP to    R24C34A.CLK SD_CLK_c
                  --------
                    0.653   (0.0% logic, 100.0% route), 0 logic levels.

      Destination Clock Path u_pll/PLLInst_0 to u_ctrl/u_ack/SLICE_189:

   Name    Fanout   Delay (ns)          Site               Resource
ROUTE       289     0.653  PLL_BL0.CLKOP to    R24C34D.CLK SD_CLK_c
                  --------
                    0.653   (0.0% logic, 100.0% route), 0 logic levels.


Passed: The following path meets requirements by 0.177ns

 Logical Details:  Cell type  Pin type       Cell/ASIC name  (clock net +/-)

   Source:         FF         Q              u_ctrl/u_cmd/bytes_7___i15  (from SD_CLK_c +)
   Destination:    FF         Data in        u_ctrl/u_cmd/cmd_seq_i0_i6  (to SD_CLK_c +)

   Delay:               0.295ns  (55.6% logic, 44.4% route), 1 logic levels.

 Constraint Details:

      0.295ns physical path delay u_ctrl/u_cmd/SLICE_219 to u_ctrl/u_cmd/SLICE_159 meets
      0.118ns M_HLD and
      0.000ns delay constraint less
      0.000ns skew requirement (totaling 0.118ns) by 0.177ns

 Physical Path Details:

      Data path u_ctrl/u_cmd/SLICE_219 to u_ctrl/u_cmd/SLICE_159:

   Name    Fanout   Delay (ns)          Site               Resource
REG_DEL     ---     0.164    R30C33B.CLK to     R30C33B.Q0 u_ctrl/u_cmd/SLICE_219 (from SD_CLK_c)
ROUTE         2     0.131     R30C33B.Q0 to     R30C33A.M0 u_ctrl/u_cmd/bytes_6_6 (to SD_CLK_c)
                  --------
                    0.295   (55.6% logic, 44.4% route), 1 logic levels.

 Clock Skew Details: 

      Source Clock Path u_pll/PLLInst_0 to u_ctrl/u_cmd/SLICE_219:

   Name    Fanout   Delay (ns)          Site               Resource
ROUTE       289     0.653  PLL_BL0.CLKOP to    R30C33B.CLK SD_CLK_c
                  --------
                    0.653   (0.0% logic, 100.0% route), 0 logic levels.

      Destination Clock Path u_pll/PLLInst_0 to u_ctrl/u_cmd/SLICE_159:

   Name    Fanout   Delay (ns)          Site               Resource
ROUTE       289     0.653  PLL_BL0.CLKOP to    R30C33A.CLK SD_CLK_c
                  --------
                    0.653   (0.0% logic, 100.0% route), 0 logic levels.


Passed: The following path meets requirements by 0.177ns

 Logical Details:  Cell type  Pin type       Cell/ASIC name  (clock net +/-)

   Source:         FF         Q              u_ctrl/u_cmd/bytes_7___i11  (from SD_CLK_c +)
   Destination:    FF         Data in        u_ctrl/u_cmd/cmd_seq_i0_i2  (to SD_CLK_c +)

   Delay:               0.295ns  (55.6% logic, 44.4% route), 1 logic levels.

 Constraint Details:

      0.295ns physical path delay u_ctrl/u_cmd/SLICE_217 to u_ctrl/u_cmd/SLICE_157 meets
      0.118ns M_HLD and
      0.000ns delay constraint less
      0.000ns skew requirement (totaling 0.118ns) by 0.177ns

 Physical Path Details:

      Data path u_ctrl/u_cmd/SLICE_217 to u_ctrl/u_cmd/SLICE_157:

   Name    Fanout   Delay (ns)          Site               Resource
REG_DEL     ---     0.164    R30C35C.CLK to     R30C35C.Q0 u_ctrl/u_cmd/SLICE_217 (from SD_CLK_c)
ROUTE         2     0.131     R30C35C.Q0 to     R30C35A.M0 u_ctrl/u_cmd/bytes_6_2 (to SD_CLK_c)
                  --------
                    0.295   (55.6% logic, 44.4% route), 1 logic levels.

 Clock Skew Details: 

      Source Clock Path u_pll/PLLInst_0 to u_ctrl/u_cmd/SLICE_217:

   Name    Fanout   Delay (ns)          Site               Resource
ROUTE       289     0.653  PLL_BL0.CLKOP to    R30C35C.CLK SD_CLK_c
                  --------
                    0.653   (0.0% logic, 100.0% route), 0 logic levels.

      Destination Clock Path u_pll/PLLInst_0 to u_ctrl/u_cmd/SLICE_157:

   Name    Fanout   Delay (ns)          Site               Resource
ROUTE       289     0.653  PLL_BL0.CLKOP to    R30C35A.CLK SD_CLK_c
                  --------
                    0.653   (0.0% logic, 100.0% route), 0 logic levels.


Passed: The following path meets requirements by 0.177ns

 Logical Details:  Cell type  Pin type       Cell/ASIC name  (clock net +/-)

   Source:         FF         Q              u_ctrl/u_cmd/bytes_7___i13  (from SD_CLK_c +)
   Destination:    FF         Data in        u_ctrl/u_cmd/cmd_seq_i0_i4  (to SD_CLK_c +)

   Delay:               0.295ns  (55.6% logic, 44.4% route), 1 logic levels.

 Constraint Details:

      0.295ns physical path delay u_ctrl/u_cmd/SLICE_218 to u_ctrl/u_cmd/SLICE_158 meets
      0.118ns M_HLD and
      0.000ns delay constraint less
      0.000ns skew requirement (totaling 0.118ns) by 0.177ns

 Physical Path Details:

      Data path u_ctrl/u_cmd/SLICE_218 to u_ctrl/u_cmd/SLICE_158:

   Name    Fanout   Delay (ns)          Site               Resource
REG_DEL     ---     0.164    R29C34C.CLK to     R29C34C.Q0 u_ctrl/u_cmd/SLICE_218 (from SD_CLK_c)
ROUTE         2     0.131     R29C34C.Q0 to     R29C34B.M0 u_ctrl/u_cmd/bytes_6_4 (to SD_CLK_c)
                  --------
                    0.295   (55.6% logic, 44.4% route), 1 logic levels.

 Clock Skew Details: 

      Source Clock Path u_pll/PLLInst_0 to u_ctrl/u_cmd/SLICE_218:

   Name    Fanout   Delay (ns)          Site               Resource
ROUTE       289     0.653  PLL_BL0.CLKOP to    R29C34C.CLK SD_CLK_c
                  --------
                    0.653   (0.0% logic, 100.0% route), 0 logic levels.

      Destination Clock Path u_pll/PLLInst_0 to u_ctrl/u_cmd/SLICE_158:

   Name    Fanout   Delay (ns)          Site               Resource
ROUTE       289     0.653  PLL_BL0.CLKOP to    R29C34B.CLK SD_CLK_c
                  --------
                    0.653   (0.0% logic, 100.0% route), 0 logic levels.


================================================================================
Preference: FREQUENCY NET "MCLK_c" 24.000000 MHz ;
            0 items scored, 0 timing errors detected.
--------------------------------------------------------------------------------


================================================================================
Preference: FREQUENCY NET "CRYSTAL_c" 24.000000 MHz ;
            0 items scored, 0 timing errors detected.
--------------------------------------------------------------------------------

Report Summary
--------------
----------------------------------------------------------------------------
Preference(MIN Delays)                  |   Constraint|       Actual|Levels
----------------------------------------------------------------------------
                                        |             |             |
FREQUENCY NET "SD_CLK_c" 48.000000 MHz  |             |             |
;                                       |     0.000 ns|     0.175 ns|   1  
                                        |             |             |
FREQUENCY NET "MCLK_c" 24.000000 MHz ;  |            -|            -|   0  
                                        |             |             |
FREQUENCY NET "CRYSTAL_c" 24.000000 MHz |             |             |
;                                       |            -|            -|   0  
                                        |             |             |
----------------------------------------------------------------------------


All preferences were met.


Clock Domains Analysis
------------------------

Found 2 clocks:

Clock Domain: SD_CLK_c   Source: u_pll/PLLInst_0.CLKOP   Loads: 289
   Covered under: FREQUENCY NET "SD_CLK_c" 48.000000 MHz ;

Clock Domain: CRYSTAL_c   Source: CRYSTAL.PAD   Loads: 1
   No transfer within this clock domain is found


Timing summary (Hold):
---------------

Timing errors: 0  Score: 0
Cumulative negative slack: 0

Constraints cover 96620 paths, 3 nets, and 4587 connections (99.72% coverage)



Timing summary (Setup and Hold):
---------------

Timing errors: 0 (setup), 0 (hold)
Score: 0 (setup), 0 (hold)
Cumulative negative slack: 0 (0+0)
--------------------------------------------------------------------------------

--------------------------------------------------------------------------------

