
Loading design for application trce from file aicam_impl1.ncd.
Design name: fpga_top
NCD version: 3.3
Vendor:      LATTICE
Device:      LFE5U-25F
Package:     CABGA256
Performance: 6
Loading device for application trce from file 'sa5p25.nph' in environment: C:/lscc/diamond/3.14/ispfpga.
Package Status:                     Final          Version 1.44.
Performance Hardware Data Status:   Final          Version 55.1.
Setup and Hold Report

--------------------------------------------------------------------------------
Lattice TRACE Report - Setup, Version Diamond (64-bit) 3.14.0.75.2
Wed Mar 18 08:22:24 2026

Copyright (c) 1991-1994 by NeoCAD Inc. All rights reserved.
Copyright (c) 1995 AT&T Corp.   All rights reserved.
Copyright (c) 1995-2001 Lucent Technologies Inc.  All rights reserved.
Copyright (c) 2001 Agere Systems   All rights reserved.
Copyright (c) 2002-2024 Lattice Semiconductor Corporation,  All rights reserved.

Report Information
------------------
Command line:    trce -v 10 -gt -sethld -sp 6 -sphld m -o AICAM_impl1.twr -gui -msgset C:/Users/kunsh/Desktop/AiCamera/Lattice Diamond/promote.xml AICAM_impl1.ncd AICAM_impl1.prf 
Design file:     aicam_impl1.ncd
Preference file: aicam_impl1.prf
Device,speed:    LFE5U-25F,6
Report level:    verbose report, limited to 10 items per preference
--------------------------------------------------------------------------------



================================================================================
Preference: FREQUENCY NET "SD_CLK_c" 48.000000 MHz ;
            4096 items scored, 0 timing errors detected.
--------------------------------------------------------------------------------


Passed: The following path meets requirements by 5.602ns

 Logical Details:  Cell type  Pin type       Cell/ASIC name  (clock net +/-)

   Source:         PDPW16KD   Port           u_cam_cfg/u_rom/mux_839(ASIC)  (from SD_CLK_c +)
   Destination:    FF         Data in        u_cam_cfg/cur_reg__i2  (to SD_CLK_c +)

   Delay:              15.258ns  (48.0% logic, 52.0% route), 7 logic levels.

 Constraint Details:

     15.258ns physical path delay u_cam_cfg/u_rom/mux_839 to u_cam_cfg/SLICE_106 meets
     20.833ns delay constraint less
      0.100ns skew and
     -0.127ns CE_SET requirement (totaling 20.860ns) by 5.602ns

 Physical Path Details:

      Data path u_cam_cfg/u_rom/mux_839 to u_cam_cfg/SLICE_106:

   Name    Fanout   Delay (ns)          Site               Resource
C2Q_DEL     ---     5.740 *R_R25C39.CLKR to *R_R25C39.DO17 u_cam_cfg/u_rom/mux_839 (from SD_CLK_c)
ROUTE         1     1.110 *R_R25C39.DO17 to     R24C39A.A1 u_cam_cfg/u_rom/n28077
CTOOFX_DEL  ---     0.401     R24C39A.A1 to   R24C39A.OFX0 u_cam_cfg/SLICE_114
ROUTE         2     1.088   R24C39A.OFX0 to     R26C39B.B0 u_cam_cfg/rom_entry_18
CTOF_DEL    ---     0.236     R26C39B.B0 to     R26C39B.F0 u_cam_cfg/SLICE_551
ROUTE         1     1.013     R26C39B.F0 to     R28C38D.B1 u_cam_cfg/n59283
CTOF_DEL    ---     0.236     R28C38D.B1 to     R28C38D.F1 u_cam_cfg/SLICE_525
ROUTE         2     0.435     R28C38D.F1 to     R27C38D.D0 u_cam_cfg/n29_adj_12135
CTOF_DEL    ---     0.236     R27C38D.D0 to     R27C38D.F0 u_cam_cfg/SLICE_524
ROUTE         2     0.660     R27C38D.F0 to     R28C39B.D1 u_cam_cfg/n59739
CTOF_DEL    ---     0.236     R28C39B.D1 to     R28C39B.F1 u_cam_cfg/SLICE_510
ROUTE         2     0.383     R28C39B.F1 to     R28C39B.D0 u_cam_cfg/n54127
CTOF_DEL    ---     0.236     R28C39B.D0 to     R28C39B.F0 u_cam_cfg/SLICE_510
ROUTE        19     3.248     R28C39B.F0 to     R27C39A.CE u_cam_cfg/SD_CLK_c_enable_243 (to SD_CLK_c)
                  --------
                   15.258   (48.0% logic, 52.0% route), 7 logic levels.

 Clock Skew Details: 

      Source Clock Path u_pll/PLLInst_0 to u_cam_cfg/u_rom/mux_839:

   Name    Fanout   Delay (ns)          Site               Resource
ROUTE       287     2.237  PLL_BL0.CLKOP to *R_R25C39.CLKR SD_CLK_c
                  --------
                    2.237   (0.0% logic, 100.0% route), 0 logic levels.

      Destination Clock Path u_pll/PLLInst_0 to u_cam_cfg/SLICE_106:

   Name    Fanout   Delay (ns)          Site               Resource
ROUTE       287     2.137  PLL_BL0.CLKOP to    R27C39A.CLK SD_CLK_c
                  --------
                    2.137   (0.0% logic, 100.0% route), 0 logic levels.


Passed: The following path meets requirements by 5.602ns

 Logical Details:  Cell type  Pin type       Cell/ASIC name  (clock net +/-)

   Source:         PDPW16KD   Port           u_cam_cfg/u_rom/mux_839(ASIC)  (from SD_CLK_c +)
   Destination:    FF         Data in        u_cam_cfg/cur_val_i0_i1  (to SD_CLK_c +)
                   FF                        u_cam_cfg/cur_val_i0_i0

   Delay:              15.258ns  (48.0% logic, 52.0% route), 7 logic levels.

 Constraint Details:

     15.258ns physical path delay u_cam_cfg/u_rom/mux_839 to u_cam_cfg/SLICE_120 meets
     20.833ns delay constraint less
      0.100ns skew and
     -0.127ns CE_SET requirement (totaling 20.860ns) by 5.602ns

 Physical Path Details:

      Data path u_cam_cfg/u_rom/mux_839 to u_cam_cfg/SLICE_120:

   Name    Fanout   Delay (ns)          Site               Resource
C2Q_DEL     ---     5.740 *R_R25C39.CLKR to *R_R25C39.DO17 u_cam_cfg/u_rom/mux_839 (from SD_CLK_c)
ROUTE         1     1.110 *R_R25C39.DO17 to     R24C39A.A1 u_cam_cfg/u_rom/n28077
CTOOFX_DEL  ---     0.401     R24C39A.A1 to   R24C39A.OFX0 u_cam_cfg/SLICE_114
ROUTE         2     1.088   R24C39A.OFX0 to     R26C39B.B0 u_cam_cfg/rom_entry_18
CTOF_DEL    ---     0.236     R26C39B.B0 to     R26C39B.F0 u_cam_cfg/SLICE_551
ROUTE         1     1.013     R26C39B.F0 to     R28C38D.B1 u_cam_cfg/n59283
CTOF_DEL    ---     0.236     R28C38D.B1 to     R28C38D.F1 u_cam_cfg/SLICE_525
ROUTE         2     0.435     R28C38D.F1 to     R27C38D.D0 u_cam_cfg/n29_adj_12135
CTOF_DEL    ---     0.236     R27C38D.D0 to     R27C38D.F0 u_cam_cfg/SLICE_524
ROUTE         2     0.660     R27C38D.F0 to     R28C39B.D1 u_cam_cfg/n59739
CTOF_DEL    ---     0.236     R28C39B.D1 to     R28C39B.F1 u_cam_cfg/SLICE_510
ROUTE         2     0.383     R28C39B.F1 to     R28C39B.D0 u_cam_cfg/n54127
CTOF_DEL    ---     0.236     R28C39B.D0 to     R28C39B.F0 u_cam_cfg/SLICE_510
ROUTE        19     3.248     R28C39B.F0 to     R26C44A.CE u_cam_cfg/SD_CLK_c_enable_243 (to SD_CLK_c)
                  --------
                   15.258   (48.0% logic, 52.0% route), 7 logic levels.

 Clock Skew Details: 

      Source Clock Path u_pll/PLLInst_0 to u_cam_cfg/u_rom/mux_839:

   Name    Fanout   Delay (ns)          Site               Resource
ROUTE       287     2.237  PLL_BL0.CLKOP to *R_R25C39.CLKR SD_CLK_c
                  --------
                    2.237   (0.0% logic, 100.0% route), 0 logic levels.

      Destination Clock Path u_pll/PLLInst_0 to u_cam_cfg/SLICE_120:

   Name    Fanout   Delay (ns)          Site               Resource
ROUTE       287     2.137  PLL_BL0.CLKOP to    R26C44A.CLK SD_CLK_c
                  --------
                    2.137   (0.0% logic, 100.0% route), 0 logic levels.


Passed: The following path meets requirements by 5.602ns

 Logical Details:  Cell type  Pin type       Cell/ASIC name  (clock net +/-)

   Source:         PDPW16KD   Port           u_cam_cfg/u_rom/mux_839(ASIC)  (from SD_CLK_c +)
   Destination:    FF         Data in        u_cam_cfg/cur_reg__i14  (to SD_CLK_c +)

   Delay:              15.258ns  (48.0% logic, 52.0% route), 7 logic levels.

 Constraint Details:

     15.258ns physical path delay u_cam_cfg/u_rom/mux_839 to u_cam_cfg/SLICE_118 meets
     20.833ns delay constraint less
      0.100ns skew and
     -0.127ns CE_SET requirement (totaling 20.860ns) by 5.602ns

 Physical Path Details:

      Data path u_cam_cfg/u_rom/mux_839 to u_cam_cfg/SLICE_118:

   Name    Fanout   Delay (ns)          Site               Resource
C2Q_DEL     ---     5.740 *R_R25C39.CLKR to *R_R25C39.DO17 u_cam_cfg/u_rom/mux_839 (from SD_CLK_c)
ROUTE         1     1.110 *R_R25C39.DO17 to     R24C39A.A1 u_cam_cfg/u_rom/n28077
CTOOFX_DEL  ---     0.401     R24C39A.A1 to   R24C39A.OFX0 u_cam_cfg/SLICE_114
ROUTE         2     1.088   R24C39A.OFX0 to     R26C39B.B0 u_cam_cfg/rom_entry_18
CTOF_DEL    ---     0.236     R26C39B.B0 to     R26C39B.F0 u_cam_cfg/SLICE_551
ROUTE         1     1.013     R26C39B.F0 to     R28C38D.B1 u_cam_cfg/n59283
CTOF_DEL    ---     0.236     R28C38D.B1 to     R28C38D.F1 u_cam_cfg/SLICE_525
ROUTE         2     0.435     R28C38D.F1 to     R27C38D.D0 u_cam_cfg/n29_adj_12135
CTOF_DEL    ---     0.236     R27C38D.D0 to     R27C38D.F0 u_cam_cfg/SLICE_524
ROUTE         2     0.660     R27C38D.F0 to     R28C39B.D1 u_cam_cfg/n59739
CTOF_DEL    ---     0.236     R28C39B.D1 to     R28C39B.F1 u_cam_cfg/SLICE_510
ROUTE         2     0.383     R28C39B.F1 to     R28C39B.D0 u_cam_cfg/n54127
CTOF_DEL    ---     0.236     R28C39B.D0 to     R28C39B.F0 u_cam_cfg/SLICE_510
ROUTE        19     3.248     R28C39B.F0 to     R26C38C.CE u_cam_cfg/SD_CLK_c_enable_243 (to SD_CLK_c)
                  --------
                   15.258   (48.0% logic, 52.0% route), 7 logic levels.

 Clock Skew Details: 

      Source Clock Path u_pll/PLLInst_0 to u_cam_cfg/u_rom/mux_839:

   Name    Fanout   Delay (ns)          Site               Resource
ROUTE       287     2.237  PLL_BL0.CLKOP to *R_R25C39.CLKR SD_CLK_c
                  --------
                    2.237   (0.0% logic, 100.0% route), 0 logic levels.

      Destination Clock Path u_pll/PLLInst_0 to u_cam_cfg/SLICE_118:

   Name    Fanout   Delay (ns)          Site               Resource
ROUTE       287     2.137  PLL_BL0.CLKOP to    R26C38C.CLK SD_CLK_c
                  --------
                    2.137   (0.0% logic, 100.0% route), 0 logic levels.


Passed: The following path meets requirements by 5.602ns

 Logical Details:  Cell type  Pin type       Cell/ASIC name  (clock net +/-)

   Source:         PDPW16KD   Port           u_cam_cfg/u_rom/mux_839(ASIC)  (from SD_CLK_c +)
   Destination:    FF         Data in        u_cam_cfg/cur_reg__i12  (to SD_CLK_c +)

   Delay:              15.258ns  (48.0% logic, 52.0% route), 7 logic levels.

 Constraint Details:

     15.258ns physical path delay u_cam_cfg/u_rom/mux_839 to u_cam_cfg/SLICE_116 meets
     20.833ns delay constraint less
      0.100ns skew and
     -0.127ns CE_SET requirement (totaling 20.860ns) by 5.602ns

 Physical Path Details:

      Data path u_cam_cfg/u_rom/mux_839 to u_cam_cfg/SLICE_116:

   Name    Fanout   Delay (ns)          Site               Resource
C2Q_DEL     ---     5.740 *R_R25C39.CLKR to *R_R25C39.DO17 u_cam_cfg/u_rom/mux_839 (from SD_CLK_c)
ROUTE         1     1.110 *R_R25C39.DO17 to     R24C39A.A1 u_cam_cfg/u_rom/n28077
CTOOFX_DEL  ---     0.401     R24C39A.A1 to   R24C39A.OFX0 u_cam_cfg/SLICE_114
ROUTE         2     1.088   R24C39A.OFX0 to     R26C39B.B0 u_cam_cfg/rom_entry_18
CTOF_DEL    ---     0.236     R26C39B.B0 to     R26C39B.F0 u_cam_cfg/SLICE_551
ROUTE         1     1.013     R26C39B.F0 to     R28C38D.B1 u_cam_cfg/n59283
CTOF_DEL    ---     0.236     R28C38D.B1 to     R28C38D.F1 u_cam_cfg/SLICE_525
ROUTE         2     0.435     R28C38D.F1 to     R27C38D.D0 u_cam_cfg/n29_adj_12135
CTOF_DEL    ---     0.236     R27C38D.D0 to     R27C38D.F0 u_cam_cfg/SLICE_524
ROUTE         2     0.660     R27C38D.F0 to     R28C39B.D1 u_cam_cfg/n59739
CTOF_DEL    ---     0.236     R28C39B.D1 to     R28C39B.F1 u_cam_cfg/SLICE_510
ROUTE         2     0.383     R28C39B.F1 to     R28C39B.D0 u_cam_cfg/n54127
CTOF_DEL    ---     0.236     R28C39B.D0 to     R28C39B.F0 u_cam_cfg/SLICE_510
ROUTE        19     3.248     R28C39B.F0 to     R27C38C.CE u_cam_cfg/SD_CLK_c_enable_243 (to SD_CLK_c)
                  --------
                   15.258   (48.0% logic, 52.0% route), 7 logic levels.

 Clock Skew Details: 

      Source Clock Path u_pll/PLLInst_0 to u_cam_cfg/u_rom/mux_839:

   Name    Fanout   Delay (ns)          Site               Resource
ROUTE       287     2.237  PLL_BL0.CLKOP to *R_R25C39.CLKR SD_CLK_c
                  --------
                    2.237   (0.0% logic, 100.0% route), 0 logic levels.

      Destination Clock Path u_pll/PLLInst_0 to u_cam_cfg/SLICE_116:

   Name    Fanout   Delay (ns)          Site               Resource
ROUTE       287     2.137  PLL_BL0.CLKOP to    R27C38C.CLK SD_CLK_c
                  --------
                    2.137   (0.0% logic, 100.0% route), 0 logic levels.


Passed: The following path meets requirements by 5.602ns

 Logical Details:  Cell type  Pin type       Cell/ASIC name  (clock net +/-)

   Source:         PDPW16KD   Port           u_cam_cfg/u_rom/mux_839(ASIC)  (from SD_CLK_c +)
   Destination:    FF         Data in        u_cam_cfg/cur_val_i0_i5  (to SD_CLK_c +)
                   FF                        u_cam_cfg/cur_val_i0_i4

   Delay:              15.258ns  (48.0% logic, 52.0% route), 7 logic levels.

 Constraint Details:

     15.258ns physical path delay u_cam_cfg/u_rom/mux_839 to u_cam_cfg/SLICE_122 meets
     20.833ns delay constraint less
      0.100ns skew and
     -0.127ns CE_SET requirement (totaling 20.860ns) by 5.602ns

 Physical Path Details:

      Data path u_cam_cfg/u_rom/mux_839 to u_cam_cfg/SLICE_122:

   Name    Fanout   Delay (ns)          Site               Resource
C2Q_DEL     ---     5.740 *R_R25C39.CLKR to *R_R25C39.DO17 u_cam_cfg/u_rom/mux_839 (from SD_CLK_c)
ROUTE         1     1.110 *R_R25C39.DO17 to     R24C39A.A1 u_cam_cfg/u_rom/n28077
CTOOFX_DEL  ---     0.401     R24C39A.A1 to   R24C39A.OFX0 u_cam_cfg/SLICE_114
ROUTE         2     1.088   R24C39A.OFX0 to     R26C39B.B0 u_cam_cfg/rom_entry_18
CTOF_DEL    ---     0.236     R26C39B.B0 to     R26C39B.F0 u_cam_cfg/SLICE_551
ROUTE         1     1.013     R26C39B.F0 to     R28C38D.B1 u_cam_cfg/n59283
CTOF_DEL    ---     0.236     R28C38D.B1 to     R28C38D.F1 u_cam_cfg/SLICE_525
ROUTE         2     0.435     R28C38D.F1 to     R27C38D.D0 u_cam_cfg/n29_adj_12135
CTOF_DEL    ---     0.236     R27C38D.D0 to     R27C38D.F0 u_cam_cfg/SLICE_524
ROUTE         2     0.660     R27C38D.F0 to     R28C39B.D1 u_cam_cfg/n59739
CTOF_DEL    ---     0.236     R28C39B.D1 to     R28C39B.F1 u_cam_cfg/SLICE_510
ROUTE         2     0.383     R28C39B.F1 to     R28C39B.D0 u_cam_cfg/n54127
CTOF_DEL    ---     0.236     R28C39B.D0 to     R28C39B.F0 u_cam_cfg/SLICE_510
ROUTE        19     3.248     R28C39B.F0 to     R26C44C.CE u_cam_cfg/SD_CLK_c_enable_243 (to SD_CLK_c)
                  --------
                   15.258   (48.0% logic, 52.0% route), 7 logic levels.

 Clock Skew Details: 

      Source Clock Path u_pll/PLLInst_0 to u_cam_cfg/u_rom/mux_839:

   Name    Fanout   Delay (ns)          Site               Resource
ROUTE       287     2.237  PLL_BL0.CLKOP to *R_R25C39.CLKR SD_CLK_c
                  --------
                    2.237   (0.0% logic, 100.0% route), 0 logic levels.

      Destination Clock Path u_pll/PLLInst_0 to u_cam_cfg/SLICE_122:

   Name    Fanout   Delay (ns)          Site               Resource
ROUTE       287     2.137  PLL_BL0.CLKOP to    R26C44C.CLK SD_CLK_c
                  --------
                    2.137   (0.0% logic, 100.0% route), 0 logic levels.


Passed: The following path meets requirements by 5.602ns

 Logical Details:  Cell type  Pin type       Cell/ASIC name  (clock net +/-)

   Source:         PDPW16KD   Port           u_cam_cfg/u_rom/mux_839(ASIC)  (from SD_CLK_c +)
   Destination:    FF         Data in        u_cam_cfg/cur_val_i0_i7  (to SD_CLK_c +)
                   FF                        u_cam_cfg/cur_val_i0_i6

   Delay:              15.258ns  (48.0% logic, 52.0% route), 7 logic levels.

 Constraint Details:

     15.258ns physical path delay u_cam_cfg/u_rom/mux_839 to u_cam_cfg/SLICE_123 meets
     20.833ns delay constraint less
      0.100ns skew and
     -0.127ns CE_SET requirement (totaling 20.860ns) by 5.602ns

 Physical Path Details:

      Data path u_cam_cfg/u_rom/mux_839 to u_cam_cfg/SLICE_123:

   Name    Fanout   Delay (ns)          Site               Resource
C2Q_DEL     ---     5.740 *R_R25C39.CLKR to *R_R25C39.DO17 u_cam_cfg/u_rom/mux_839 (from SD_CLK_c)
ROUTE         1     1.110 *R_R25C39.DO17 to     R24C39A.A1 u_cam_cfg/u_rom/n28077
CTOOFX_DEL  ---     0.401     R24C39A.A1 to   R24C39A.OFX0 u_cam_cfg/SLICE_114
ROUTE         2     1.088   R24C39A.OFX0 to     R26C39B.B0 u_cam_cfg/rom_entry_18
CTOF_DEL    ---     0.236     R26C39B.B0 to     R26C39B.F0 u_cam_cfg/SLICE_551
ROUTE         1     1.013     R26C39B.F0 to     R28C38D.B1 u_cam_cfg/n59283
CTOF_DEL    ---     0.236     R28C38D.B1 to     R28C38D.F1 u_cam_cfg/SLICE_525
ROUTE         2     0.435     R28C38D.F1 to     R27C38D.D0 u_cam_cfg/n29_adj_12135
CTOF_DEL    ---     0.236     R27C38D.D0 to     R27C38D.F0 u_cam_cfg/SLICE_524
ROUTE         2     0.660     R27C38D.F0 to     R28C39B.D1 u_cam_cfg/n59739
CTOF_DEL    ---     0.236     R28C39B.D1 to     R28C39B.F1 u_cam_cfg/SLICE_510
ROUTE         2     0.383     R28C39B.F1 to     R28C39B.D0 u_cam_cfg/n54127
CTOF_DEL    ---     0.236     R28C39B.D0 to     R28C39B.F0 u_cam_cfg/SLICE_510
ROUTE        19     3.248     R28C39B.F0 to     R26C44D.CE u_cam_cfg/SD_CLK_c_enable_243 (to SD_CLK_c)
                  --------
                   15.258   (48.0% logic, 52.0% route), 7 logic levels.

 Clock Skew Details: 

      Source Clock Path u_pll/PLLInst_0 to u_cam_cfg/u_rom/mux_839:

   Name    Fanout   Delay (ns)          Site               Resource
ROUTE       287     2.237  PLL_BL0.CLKOP to *R_R25C39.CLKR SD_CLK_c
                  --------
                    2.237   (0.0% logic, 100.0% route), 0 logic levels.

      Destination Clock Path u_pll/PLLInst_0 to u_cam_cfg/SLICE_123:

   Name    Fanout   Delay (ns)          Site               Resource
ROUTE       287     2.137  PLL_BL0.CLKOP to    R26C44D.CLK SD_CLK_c
                  --------
                    2.137   (0.0% logic, 100.0% route), 0 logic levels.


Passed: The following path meets requirements by 5.602ns

 Logical Details:  Cell type  Pin type       Cell/ASIC name  (clock net +/-)

   Source:         PDPW16KD   Port           u_cam_cfg/u_rom/mux_839(ASIC)  (from SD_CLK_c +)
   Destination:    FF         Data in        u_cam_cfg/cur_reg__i8  (to SD_CLK_c +)

   Delay:              15.258ns  (48.0% logic, 52.0% route), 7 logic levels.

 Constraint Details:

     15.258ns physical path delay u_cam_cfg/u_rom/mux_839 to u_cam_cfg/SLICE_112 meets
     20.833ns delay constraint less
      0.100ns skew and
     -0.127ns CE_SET requirement (totaling 20.860ns) by 5.602ns

 Physical Path Details:

      Data path u_cam_cfg/u_rom/mux_839 to u_cam_cfg/SLICE_112:

   Name    Fanout   Delay (ns)          Site               Resource
C2Q_DEL     ---     5.740 *R_R25C39.CLKR to *R_R25C39.DO17 u_cam_cfg/u_rom/mux_839 (from SD_CLK_c)
ROUTE         1     1.110 *R_R25C39.DO17 to     R24C39A.A1 u_cam_cfg/u_rom/n28077
CTOOFX_DEL  ---     0.401     R24C39A.A1 to   R24C39A.OFX0 u_cam_cfg/SLICE_114
ROUTE         2     1.088   R24C39A.OFX0 to     R26C39B.B0 u_cam_cfg/rom_entry_18
CTOF_DEL    ---     0.236     R26C39B.B0 to     R26C39B.F0 u_cam_cfg/SLICE_551
ROUTE         1     1.013     R26C39B.F0 to     R28C38D.B1 u_cam_cfg/n59283
CTOF_DEL    ---     0.236     R28C38D.B1 to     R28C38D.F1 u_cam_cfg/SLICE_525
ROUTE         2     0.435     R28C38D.F1 to     R27C38D.D0 u_cam_cfg/n29_adj_12135
CTOF_DEL    ---     0.236     R27C38D.D0 to     R27C38D.F0 u_cam_cfg/SLICE_524
ROUTE         2     0.660     R27C38D.F0 to     R28C39B.D1 u_cam_cfg/n59739
CTOF_DEL    ---     0.236     R28C39B.D1 to     R28C39B.F1 u_cam_cfg/SLICE_510
ROUTE         2     0.383     R28C39B.F1 to     R28C39B.D0 u_cam_cfg/n54127
CTOF_DEL    ---     0.236     R28C39B.D0 to     R28C39B.F0 u_cam_cfg/SLICE_510
ROUTE        19     3.248     R28C39B.F0 to     R26C40A.CE u_cam_cfg/SD_CLK_c_enable_243 (to SD_CLK_c)
                  --------
                   15.258   (48.0% logic, 52.0% route), 7 logic levels.

 Clock Skew Details: 

      Source Clock Path u_pll/PLLInst_0 to u_cam_cfg/u_rom/mux_839:

   Name    Fanout   Delay (ns)          Site               Resource
ROUTE       287     2.237  PLL_BL0.CLKOP to *R_R25C39.CLKR SD_CLK_c
                  --------
                    2.237   (0.0% logic, 100.0% route), 0 logic levels.

      Destination Clock Path u_pll/PLLInst_0 to u_cam_cfg/SLICE_112:

   Name    Fanout   Delay (ns)          Site               Resource
ROUTE       287     2.137  PLL_BL0.CLKOP to    R26C40A.CLK SD_CLK_c
                  --------
                    2.137   (0.0% logic, 100.0% route), 0 logic levels.


Passed: The following path meets requirements by 5.602ns

 Logical Details:  Cell type  Pin type       Cell/ASIC name  (clock net +/-)

   Source:         PDPW16KD   Port           u_cam_cfg/u_rom/mux_839(ASIC)  (from SD_CLK_c +)
   Destination:    FF         Data in        u_cam_cfg/cur_reg__i6  (to SD_CLK_c +)

   Delay:              15.258ns  (48.0% logic, 52.0% route), 7 logic levels.

 Constraint Details:

     15.258ns physical path delay u_cam_cfg/u_rom/mux_839 to u_cam_cfg/SLICE_110 meets
     20.833ns delay constraint less
      0.100ns skew and
     -0.127ns CE_SET requirement (totaling 20.860ns) by 5.602ns

 Physical Path Details:

      Data path u_cam_cfg/u_rom/mux_839 to u_cam_cfg/SLICE_110:

   Name    Fanout   Delay (ns)          Site               Resource
C2Q_DEL     ---     5.740 *R_R25C39.CLKR to *R_R25C39.DO17 u_cam_cfg/u_rom/mux_839 (from SD_CLK_c)
ROUTE         1     1.110 *R_R25C39.DO17 to     R24C39A.A1 u_cam_cfg/u_rom/n28077
CTOOFX_DEL  ---     0.401     R24C39A.A1 to   R24C39A.OFX0 u_cam_cfg/SLICE_114
ROUTE         2     1.088   R24C39A.OFX0 to     R26C39B.B0 u_cam_cfg/rom_entry_18
CTOF_DEL    ---     0.236     R26C39B.B0 to     R26C39B.F0 u_cam_cfg/SLICE_551
ROUTE         1     1.013     R26C39B.F0 to     R28C38D.B1 u_cam_cfg/n59283
CTOF_DEL    ---     0.236     R28C38D.B1 to     R28C38D.F1 u_cam_cfg/SLICE_525
ROUTE         2     0.435     R28C38D.F1 to     R27C38D.D0 u_cam_cfg/n29_adj_12135
CTOF_DEL    ---     0.236     R27C38D.D0 to     R27C38D.F0 u_cam_cfg/SLICE_524
ROUTE         2     0.660     R27C38D.F0 to     R28C39B.D1 u_cam_cfg/n59739
CTOF_DEL    ---     0.236     R28C39B.D1 to     R28C39B.F1 u_cam_cfg/SLICE_510
ROUTE         2     0.383     R28C39B.F1 to     R28C39B.D0 u_cam_cfg/n54127
CTOF_DEL    ---     0.236     R28C39B.D0 to     R28C39B.F0 u_cam_cfg/SLICE_510
ROUTE        19     3.248     R28C39B.F0 to     R26C38A.CE u_cam_cfg/SD_CLK_c_enable_243 (to SD_CLK_c)
                  --------
                   15.258   (48.0% logic, 52.0% route), 7 logic levels.

 Clock Skew Details: 

      Source Clock Path u_pll/PLLInst_0 to u_cam_cfg/u_rom/mux_839:

   Name    Fanout   Delay (ns)          Site               Resource
ROUTE       287     2.237  PLL_BL0.CLKOP to *R_R25C39.CLKR SD_CLK_c
                  --------
                    2.237   (0.0% logic, 100.0% route), 0 logic levels.

      Destination Clock Path u_pll/PLLInst_0 to u_cam_cfg/SLICE_110:

   Name    Fanout   Delay (ns)          Site               Resource
ROUTE       287     2.137  PLL_BL0.CLKOP to    R26C38A.CLK SD_CLK_c
                  --------
                    2.137   (0.0% logic, 100.0% route), 0 logic levels.


Passed: The following path meets requirements by 5.602ns

 Logical Details:  Cell type  Pin type       Cell/ASIC name  (clock net +/-)

   Source:         PDPW16KD   Port           u_cam_cfg/u_rom/mux_839(ASIC)  (from SD_CLK_c +)
   Destination:    FF         Data in        u_cam_cfg/cur_reg__i4  (to SD_CLK_c +)

   Delay:              15.258ns  (48.0% logic, 52.0% route), 7 logic levels.

 Constraint Details:

     15.258ns physical path delay u_cam_cfg/u_rom/mux_839 to u_cam_cfg/SLICE_108 meets
     20.833ns delay constraint less
      0.100ns skew and
     -0.127ns CE_SET requirement (totaling 20.860ns) by 5.602ns

 Physical Path Details:

      Data path u_cam_cfg/u_rom/mux_839 to u_cam_cfg/SLICE_108:

   Name    Fanout   Delay (ns)          Site               Resource
C2Q_DEL     ---     5.740 *R_R25C39.CLKR to *R_R25C39.DO17 u_cam_cfg/u_rom/mux_839 (from SD_CLK_c)
ROUTE         1     1.110 *R_R25C39.DO17 to     R24C39A.A1 u_cam_cfg/u_rom/n28077
CTOOFX_DEL  ---     0.401     R24C39A.A1 to   R24C39A.OFX0 u_cam_cfg/SLICE_114
ROUTE         2     1.088   R24C39A.OFX0 to     R26C39B.B0 u_cam_cfg/rom_entry_18
CTOF_DEL    ---     0.236     R26C39B.B0 to     R26C39B.F0 u_cam_cfg/SLICE_551
ROUTE         1     1.013     R26C39B.F0 to     R28C38D.B1 u_cam_cfg/n59283
CTOF_DEL    ---     0.236     R28C38D.B1 to     R28C38D.F1 u_cam_cfg/SLICE_525
ROUTE         2     0.435     R28C38D.F1 to     R27C38D.D0 u_cam_cfg/n29_adj_12135
CTOF_DEL    ---     0.236     R27C38D.D0 to     R27C38D.F0 u_cam_cfg/SLICE_524
ROUTE         2     0.660     R27C38D.F0 to     R28C39B.D1 u_cam_cfg/n59739
CTOF_DEL    ---     0.236     R28C39B.D1 to     R28C39B.F1 u_cam_cfg/SLICE_510
ROUTE         2     0.383     R28C39B.F1 to     R28C39B.D0 u_cam_cfg/n54127
CTOF_DEL    ---     0.236     R28C39B.D0 to     R28C39B.F0 u_cam_cfg/SLICE_510
ROUTE        19     3.248     R28C39B.F0 to     R27C38B.CE u_cam_cfg/SD_CLK_c_enable_243 (to SD_CLK_c)
                  --------
                   15.258   (48.0% logic, 52.0% route), 7 logic levels.

 Clock Skew Details: 

      Source Clock Path u_pll/PLLInst_0 to u_cam_cfg/u_rom/mux_839:

   Name    Fanout   Delay (ns)          Site               Resource
ROUTE       287     2.237  PLL_BL0.CLKOP to *R_R25C39.CLKR SD_CLK_c
                  --------
                    2.237   (0.0% logic, 100.0% route), 0 logic levels.

      Destination Clock Path u_pll/PLLInst_0 to u_cam_cfg/SLICE_108:

   Name    Fanout   Delay (ns)          Site               Resource
ROUTE       287     2.137  PLL_BL0.CLKOP to    R27C38B.CLK SD_CLK_c
                  --------
                    2.137   (0.0% logic, 100.0% route), 0 logic levels.


Passed: The following path meets requirements by 5.602ns

 Logical Details:  Cell type  Pin type       Cell/ASIC name  (clock net +/-)

   Source:         PDPW16KD   Port           u_cam_cfg/u_rom/mux_839(ASIC)  (from SD_CLK_c +)
   Destination:    FF         Data in        u_cam_cfg/cur_reg__i10  (to SD_CLK_c +)

   Delay:              15.258ns  (48.0% logic, 52.0% route), 7 logic levels.

 Constraint Details:

     15.258ns physical path delay u_cam_cfg/u_rom/mux_839 to u_cam_cfg/SLICE_114 meets
     20.833ns delay constraint less
      0.100ns skew and
     -0.127ns CE_SET requirement (totaling 20.860ns) by 5.602ns

 Physical Path Details:

      Data path u_cam_cfg/u_rom/mux_839 to u_cam_cfg/SLICE_114:

   Name    Fanout   Delay (ns)          Site               Resource
C2Q_DEL     ---     5.740 *R_R25C39.CLKR to *R_R25C39.DO17 u_cam_cfg/u_rom/mux_839 (from SD_CLK_c)
ROUTE         1     1.110 *R_R25C39.DO17 to     R24C39A.A1 u_cam_cfg/u_rom/n28077
CTOOFX_DEL  ---     0.401     R24C39A.A1 to   R24C39A.OFX0 u_cam_cfg/SLICE_114
ROUTE         2     1.088   R24C39A.OFX0 to     R26C39B.B0 u_cam_cfg/rom_entry_18
CTOF_DEL    ---     0.236     R26C39B.B0 to     R26C39B.F0 u_cam_cfg/SLICE_551
ROUTE         1     1.013     R26C39B.F0 to     R28C38D.B1 u_cam_cfg/n59283
CTOF_DEL    ---     0.236     R28C38D.B1 to     R28C38D.F1 u_cam_cfg/SLICE_525
ROUTE         2     0.435     R28C38D.F1 to     R27C38D.D0 u_cam_cfg/n29_adj_12135
CTOF_DEL    ---     0.236     R27C38D.D0 to     R27C38D.F0 u_cam_cfg/SLICE_524
ROUTE         2     0.660     R27C38D.F0 to     R28C39B.D1 u_cam_cfg/n59739
CTOF_DEL    ---     0.236     R28C39B.D1 to     R28C39B.F1 u_cam_cfg/SLICE_510
ROUTE         2     0.383     R28C39B.F1 to     R28C39B.D0 u_cam_cfg/n54127
CTOF_DEL    ---     0.236     R28C39B.D0 to     R28C39B.F0 u_cam_cfg/SLICE_510
ROUTE        19     3.248     R28C39B.F0 to     R24C39A.CE u_cam_cfg/SD_CLK_c_enable_243 (to SD_CLK_c)
                  --------
                   15.258   (48.0% logic, 52.0% route), 7 logic levels.

 Clock Skew Details: 

      Source Clock Path u_pll/PLLInst_0 to u_cam_cfg/u_rom/mux_839:

   Name    Fanout   Delay (ns)          Site               Resource
ROUTE       287     2.237  PLL_BL0.CLKOP to *R_R25C39.CLKR SD_CLK_c
                  --------
                    2.237   (0.0% logic, 100.0% route), 0 logic levels.

      Destination Clock Path u_pll/PLLInst_0 to u_cam_cfg/SLICE_114:

   Name    Fanout   Delay (ns)          Site               Resource
ROUTE       287     2.137  PLL_BL0.CLKOP to    R24C39A.CLK SD_CLK_c
                  --------
                    2.137   (0.0% logic, 100.0% route), 0 logic levels.

Report:   65.656MHz is the maximum frequency for this preference.


================================================================================
Preference: FREQUENCY NET "MCLK_c" 24.000000 MHz ;
            0 items scored, 0 timing errors detected.
--------------------------------------------------------------------------------


================================================================================
Preference: FREQUENCY NET "CRYSTAL_c" 24.000000 MHz ;
            0 items scored, 0 timing errors detected.
--------------------------------------------------------------------------------

Report Summary
--------------
----------------------------------------------------------------------------
Preference                              |   Constraint|       Actual|Levels
----------------------------------------------------------------------------
                                        |             |             |
FREQUENCY NET "SD_CLK_c" 48.000000 MHz  |             |             |
;                                       |   48.000 MHz|   65.656 MHz|   7  
                                        |             |             |
FREQUENCY NET "MCLK_c" 24.000000 MHz ;  |            -|            -|   0  
                                        |             |             |
FREQUENCY NET "CRYSTAL_c" 24.000000 MHz |             |             |
;                                       |            -|            -|   0  
                                        |             |             |
----------------------------------------------------------------------------


All preferences were met.


Clock Domains Analysis
------------------------

Found 2 clocks:

Clock Domain: SD_CLK_c   Source: u_pll/PLLInst_0.CLKOP   Loads: 287
   Covered under: FREQUENCY NET "SD_CLK_c" 48.000000 MHz ;

Clock Domain: CRYSTAL_c   Source: CRYSTAL.PAD   Loads: 1
   No transfer within this clock domain is found


Timing summary (Setup):
---------------

Timing errors: 0  Score: 0
Cumulative negative slack: 0

Constraints cover 100402 paths, 3 nets, and 4508 connections (99.71% coverage)

--------------------------------------------------------------------------------
Lattice TRACE Report - Hold, Version Diamond (64-bit) 3.14.0.75.2
Wed Mar 18 08:22:24 2026

Copyright (c) 1991-1994 by NeoCAD Inc. All rights reserved.
Copyright (c) 1995 AT&T Corp.   All rights reserved.
Copyright (c) 1995-2001 Lucent Technologies Inc.  All rights reserved.
Copyright (c) 2001 Agere Systems   All rights reserved.
Copyright (c) 2002-2024 Lattice Semiconductor Corporation,  All rights reserved.

Report Information
------------------
Command line:    trce -v 10 -gt -sethld -sp 6 -sphld m -o AICAM_impl1.twr -gui -msgset C:/Users/kunsh/Desktop/AiCamera/Lattice Diamond/promote.xml AICAM_impl1.ncd AICAM_impl1.prf 
Design file:     aicam_impl1.ncd
Preference file: aicam_impl1.prf
Device,speed:    LFE5U-25F,m
Report level:    verbose report, limited to 10 items per preference
--------------------------------------------------------------------------------



================================================================================
Preference: FREQUENCY NET "SD_CLK_c" 48.000000 MHz ;
            4096 items scored, 0 timing errors detected.
--------------------------------------------------------------------------------


Passed: The following path meets requirements by 0.175ns

 Logical Details:  Cell type  Pin type       Cell/ASIC name  (clock net +/-)

   Source:         FF         Q              u_ctrl/u_rx/rx_s1_64  (from SD_CLK_c +)
   Destination:    FF         Data in        u_ctrl/u_rx/rx_s2_65  (to SD_CLK_c +)

   Delay:               0.293ns  (56.0% logic, 44.0% route), 1 logic levels.

 Constraint Details:

      0.293ns physical path delay u_ctrl/u_rx/SLICE_234 to u_ctrl/u_rx/SLICE_234 meets
      0.118ns M_HLD and
      0.000ns delay constraint less
      0.000ns skew requirement (totaling 0.118ns) by 0.175ns

 Physical Path Details:

      Data path u_ctrl/u_rx/SLICE_234 to u_ctrl/u_rx/SLICE_234:

   Name    Fanout   Delay (ns)          Site               Resource
REG_DEL     ---     0.164    R23C42A.CLK to     R23C42A.Q0 u_ctrl/u_rx/SLICE_234 (from SD_CLK_c)
ROUTE         1     0.129     R23C42A.Q0 to     R23C42A.M1 u_ctrl/u_rx/rx_s1 (to SD_CLK_c)
                  --------
                    0.293   (56.0% logic, 44.0% route), 1 logic levels.

 Clock Skew Details: 

      Source Clock Path u_pll/PLLInst_0 to u_ctrl/u_rx/SLICE_234:

   Name    Fanout   Delay (ns)          Site               Resource
ROUTE       287     0.653  PLL_BL0.CLKOP to    R23C42A.CLK SD_CLK_c
                  --------
                    0.653   (0.0% logic, 100.0% route), 0 logic levels.

      Destination Clock Path u_pll/PLLInst_0 to u_ctrl/u_rx/SLICE_234:

   Name    Fanout   Delay (ns)          Site               Resource
ROUTE       287     0.653  PLL_BL0.CLKOP to    R23C42A.CLK SD_CLK_c
                  --------
                    0.653   (0.0% logic, 100.0% route), 0 logic levels.


Passed: The following path meets requirements by 0.176ns

 Logical Details:  Cell type  Pin type       Cell/ASIC name  (clock net +/-)

   Source:         FF         Q              u_ctrl/u_regs/ack_seq_i0_i7  (from SD_CLK_c +)
   Destination:    FF         Data in        u_ctrl/u_ack/pkt_7___i16  (to SD_CLK_c +)

   Delay:               0.294ns  (55.4% logic, 44.6% route), 1 logic levels.

 Constraint Details:

      0.294ns physical path delay u_ctrl/u_regs/SLICE_136 to u_ctrl/u_ack/SLICE_190 meets
      0.118ns M_HLD and
      0.000ns delay constraint less
      0.000ns skew requirement (totaling 0.118ns) by 0.176ns

 Physical Path Details:

      Data path u_ctrl/u_regs/SLICE_136 to u_ctrl/u_ack/SLICE_190:

   Name    Fanout   Delay (ns)          Site               Resource
REG_DEL     ---     0.163    R38C30C.CLK to     R38C30C.Q1 u_ctrl/u_regs/SLICE_136 (from SD_CLK_c)
ROUTE         2     0.131     R38C30C.Q1 to     R38C30D.M1 u_ctrl/ack_seq_7 (to SD_CLK_c)
                  --------
                    0.294   (55.4% logic, 44.6% route), 1 logic levels.

 Clock Skew Details: 

      Source Clock Path u_pll/PLLInst_0 to u_ctrl/u_regs/SLICE_136:

   Name    Fanout   Delay (ns)          Site               Resource
ROUTE       287     0.653  PLL_BL0.CLKOP to    R38C30C.CLK SD_CLK_c
                  --------
                    0.653   (0.0% logic, 100.0% route), 0 logic levels.

      Destination Clock Path u_pll/PLLInst_0 to u_ctrl/u_ack/SLICE_190:

   Name    Fanout   Delay (ns)          Site               Resource
ROUTE       287     0.653  PLL_BL0.CLKOP to    R38C30D.CLK SD_CLK_c
                  --------
                    0.653   (0.0% logic, 100.0% route), 0 logic levels.


Passed: The following path meets requirements by 0.176ns

 Logical Details:  Cell type  Pin type       Cell/ASIC name  (clock net +/-)

   Source:         FF         Q              u_ctrl/u_cmd/bytes_7___i44  (from SD_CLK_c +)
   Destination:    FF         Data in        u_ctrl/u_cmd/cmd_arg__i4  (to SD_CLK_c +)

   Delay:               0.294ns  (55.4% logic, 44.6% route), 1 logic levels.

 Constraint Details:

      0.294ns physical path delay u_ctrl/u_cmd/SLICE_201 to u_ctrl/u_cmd/SLICE_150 meets
      0.118ns M_HLD and
      0.000ns delay constraint less
      0.000ns skew requirement (totaling 0.118ns) by 0.176ns

 Physical Path Details:

      Data path u_ctrl/u_cmd/SLICE_201 to u_ctrl/u_cmd/SLICE_150:

   Name    Fanout   Delay (ns)          Site               Resource
REG_DEL     ---     0.163    R32C34C.CLK to     R32C34C.Q1 u_ctrl/u_cmd/SLICE_201 (from SD_CLK_c)
ROUTE         2     0.131     R32C34C.Q1 to     R32C34A.M0 u_ctrl/u_cmd/bytes_2_3 (to SD_CLK_c)
                  --------
                    0.294   (55.4% logic, 44.6% route), 1 logic levels.

 Clock Skew Details: 

      Source Clock Path u_pll/PLLInst_0 to u_ctrl/u_cmd/SLICE_201:

   Name    Fanout   Delay (ns)          Site               Resource
ROUTE       287     0.653  PLL_BL0.CLKOP to    R32C34C.CLK SD_CLK_c
                  --------
                    0.653   (0.0% logic, 100.0% route), 0 logic levels.

      Destination Clock Path u_pll/PLLInst_0 to u_ctrl/u_cmd/SLICE_150:

   Name    Fanout   Delay (ns)          Site               Resource
ROUTE       287     0.653  PLL_BL0.CLKOP to    R32C34A.CLK SD_CLK_c
                  --------
                    0.653   (0.0% logic, 100.0% route), 0 logic levels.


Passed: The following path meets requirements by 0.177ns

 Logical Details:  Cell type  Pin type       Cell/ASIC name  (clock net +/-)

   Source:         FF         Q              u_ctrl/u_cmd/idx_FSM_i0_i2  (from SD_CLK_c +)
   Destination:    FF         Data in        u_ctrl/u_cmd/idx_FSM_i0_i3  (to SD_CLK_c +)

   Delay:               0.295ns  (55.3% logic, 44.7% route), 1 logic levels.

 Constraint Details:

      0.295ns physical path delay u_ctrl/u_cmd/SLICE_224 to u_ctrl/u_cmd/SLICE_224 meets
      0.118ns M_HLD and
      0.000ns delay constraint less
      0.000ns skew requirement (totaling 0.118ns) by 0.177ns

 Physical Path Details:

      Data path u_ctrl/u_cmd/SLICE_224 to u_ctrl/u_cmd/SLICE_224:

   Name    Fanout   Delay (ns)          Site               Resource
REG_DEL     ---     0.163    R32C37D.CLK to     R32C37D.Q1 u_ctrl/u_cmd/SLICE_224 (from SD_CLK_c)
ROUTE         3     0.132     R32C37D.Q1 to     R32C37D.M0 u_ctrl/u_cmd/n24336 (to SD_CLK_c)
                  --------
                    0.295   (55.3% logic, 44.7% route), 1 logic levels.

 Clock Skew Details: 

      Source Clock Path u_pll/PLLInst_0 to u_ctrl/u_cmd/SLICE_224:

   Name    Fanout   Delay (ns)          Site               Resource
ROUTE       287     0.653  PLL_BL0.CLKOP to    R32C37D.CLK SD_CLK_c
                  --------
                    0.653   (0.0% logic, 100.0% route), 0 logic levels.

      Destination Clock Path u_pll/PLLInst_0 to u_ctrl/u_cmd/SLICE_224:

   Name    Fanout   Delay (ns)          Site               Resource
ROUTE       287     0.653  PLL_BL0.CLKOP to    R32C37D.CLK SD_CLK_c
                  --------
                    0.653   (0.0% logic, 100.0% route), 0 logic levels.


Passed: The following path meets requirements by 0.177ns

 Logical Details:  Cell type  Pin type       Cell/ASIC name  (clock net +/-)

   Source:         FF         Q              u_ctrl/u_cmd/idx_FSM_i0_i6  (from SD_CLK_c +)
   Destination:    FF         Data in        u_ctrl/u_cmd/idx_FSM_i0_i7  (to SD_CLK_c +)

   Delay:               0.295ns  (55.3% logic, 44.7% route), 1 logic levels.

 Constraint Details:

      0.295ns physical path delay u_ctrl/u_cmd/SLICE_222 to u_ctrl/u_cmd/SLICE_222 meets
      0.118ns M_HLD and
      0.000ns delay constraint less
      0.000ns skew requirement (totaling 0.118ns) by 0.177ns

 Physical Path Details:

      Data path u_ctrl/u_cmd/SLICE_222 to u_ctrl/u_cmd/SLICE_222:

   Name    Fanout   Delay (ns)          Site               Resource
REG_DEL     ---     0.163    R33C37B.CLK to     R33C37B.Q1 u_ctrl/u_cmd/SLICE_222 (from SD_CLK_c)
ROUTE         6     0.132     R33C37B.Q1 to     R33C37B.M0 u_ctrl/u_cmd/n24332 (to SD_CLK_c)
                  --------
                    0.295   (55.3% logic, 44.7% route), 1 logic levels.

 Clock Skew Details: 

      Source Clock Path u_pll/PLLInst_0 to u_ctrl/u_cmd/SLICE_222:

   Name    Fanout   Delay (ns)          Site               Resource
ROUTE       287     0.653  PLL_BL0.CLKOP to    R33C37B.CLK SD_CLK_c
                  --------
                    0.653   (0.0% logic, 100.0% route), 0 logic levels.

      Destination Clock Path u_pll/PLLInst_0 to u_ctrl/u_cmd/SLICE_222:

   Name    Fanout   Delay (ns)          Site               Resource
ROUTE       287     0.653  PLL_BL0.CLKOP to    R33C37B.CLK SD_CLK_c
                  --------
                    0.653   (0.0% logic, 100.0% route), 0 logic levels.


Passed: The following path meets requirements by 0.177ns

 Logical Details:  Cell type  Pin type       Cell/ASIC name  (clock net +/-)

   Source:         FF         Q              u_ctrl/u_regs/ack_seq_i0_i2  (from SD_CLK_c +)
   Destination:    FF         Data in        u_ctrl/u_ack/pkt_7___i11  (to SD_CLK_c +)

   Delay:               0.295ns  (55.6% logic, 44.4% route), 1 logic levels.

 Constraint Details:

      0.295ns physical path delay u_ctrl/u_regs/SLICE_134 to u_ctrl/u_ack/SLICE_188 meets
      0.118ns M_HLD and
      0.000ns delay constraint less
      0.000ns skew requirement (totaling 0.118ns) by 0.177ns

 Physical Path Details:

      Data path u_ctrl/u_regs/SLICE_134 to u_ctrl/u_ack/SLICE_188:

   Name    Fanout   Delay (ns)          Site               Resource
REG_DEL     ---     0.164    R35C33D.CLK to     R35C33D.Q0 u_ctrl/u_regs/SLICE_134 (from SD_CLK_c)
ROUTE         2     0.131     R35C33D.Q0 to     R35C33C.M0 u_ctrl/ack_seq_2 (to SD_CLK_c)
                  --------
                    0.295   (55.6% logic, 44.4% route), 1 logic levels.

 Clock Skew Details: 

      Source Clock Path u_pll/PLLInst_0 to u_ctrl/u_regs/SLICE_134:

   Name    Fanout   Delay (ns)          Site               Resource
ROUTE       287     0.653  PLL_BL0.CLKOP to    R35C33D.CLK SD_CLK_c
                  --------
                    0.653   (0.0% logic, 100.0% route), 0 logic levels.

      Destination Clock Path u_pll/PLLInst_0 to u_ctrl/u_ack/SLICE_188:

   Name    Fanout   Delay (ns)          Site               Resource
ROUTE       287     0.653  PLL_BL0.CLKOP to    R35C33C.CLK SD_CLK_c
                  --------
                    0.653   (0.0% logic, 100.0% route), 0 logic levels.


Passed: The following path meets requirements by 0.178ns

 Logical Details:  Cell type  Pin type       Cell/ASIC name  (clock net +/-)

   Source:         FF         Q              u_cam_cfg/rom_addr_r_i0_i1  (from SD_CLK_c +)
   Destination:    FF         Data in        u_cam_cfg/rom_addr_r_i0_i1  (to SD_CLK_c +)

   Delay:               0.297ns  (80.8% logic, 19.2% route), 2 logic levels.

 Constraint Details:

      0.297ns physical path delay SLICE_21 to SLICE_21 meets
      0.119ns DIN_HLD and
      0.000ns delay constraint less
      0.000ns skew requirement (totaling 0.119ns) by 0.178ns

 Physical Path Details:

      Data path SLICE_21 to SLICE_21:

   Name    Fanout   Delay (ns)          Site               Resource
REG_DEL     ---     0.164    R24C40B.CLK to     R24C40B.Q0 SLICE_21 (from SD_CLK_c)
ROUTE         1     0.055     R24C40B.Q0 to     R24C40B.D0 rom_addr_1
CTOF_DEL    ---     0.076     R24C40B.D0 to     R24C40B.F0 SLICE_21
ROUTE         6     0.002     R24C40B.F0 to    R24C40B.DI0 n317 (to SD_CLK_c)
                  --------
                    0.297   (80.8% logic, 19.2% route), 2 logic levels.

 Clock Skew Details: 

      Source Clock Path u_pll/PLLInst_0 to SLICE_21:

   Name    Fanout   Delay (ns)          Site               Resource
ROUTE       287     0.653  PLL_BL0.CLKOP to    R24C40B.CLK SD_CLK_c
                  --------
                    0.653   (0.0% logic, 100.0% route), 0 logic levels.

      Destination Clock Path u_pll/PLLInst_0 to SLICE_21:

   Name    Fanout   Delay (ns)          Site               Resource
ROUTE       287     0.653  PLL_BL0.CLKOP to    R24C40B.CLK SD_CLK_c
                  --------
                    0.653   (0.0% logic, 100.0% route), 0 logic levels.


Passed: The following path meets requirements by 0.178ns

 Logical Details:  Cell type  Pin type       Cell/ASIC name  (clock net +/-)

   Source:         FF         Q              u_cam_cfg/rom_addr_r_i0_i7  (from SD_CLK_c +)
   Destination:    FF         Data in        u_cam_cfg/rom_addr_r_i0_i7  (to SD_CLK_c +)

   Delay:               0.297ns  (80.8% logic, 19.2% route), 2 logic levels.

 Constraint Details:

      0.297ns physical path delay SLICE_55 to SLICE_55 meets
      0.119ns DIN_HLD and
      0.000ns delay constraint less
      0.000ns skew requirement (totaling 0.119ns) by 0.178ns

 Physical Path Details:

      Data path SLICE_55 to SLICE_55:

   Name    Fanout   Delay (ns)          Site               Resource
REG_DEL     ---     0.164    R24C41A.CLK to     R24C41A.Q0 SLICE_55 (from SD_CLK_c)
ROUTE         1     0.055     R24C41A.Q0 to     R24C41A.D0 rom_addr_7
CTOF_DEL    ---     0.076     R24C41A.D0 to     R24C41A.F0 SLICE_55
ROUTE         6     0.002     R24C41A.F0 to    R24C41A.DI0 n311 (to SD_CLK_c)
                  --------
                    0.297   (80.8% logic, 19.2% route), 2 logic levels.

 Clock Skew Details: 

      Source Clock Path u_pll/PLLInst_0 to SLICE_55:

   Name    Fanout   Delay (ns)          Site               Resource
ROUTE       287     0.653  PLL_BL0.CLKOP to    R24C41A.CLK SD_CLK_c
                  --------
                    0.653   (0.0% logic, 100.0% route), 0 logic levels.

      Destination Clock Path u_pll/PLLInst_0 to SLICE_55:

   Name    Fanout   Delay (ns)          Site               Resource
ROUTE       287     0.653  PLL_BL0.CLKOP to    R24C41A.CLK SD_CLK_c
                  --------
                    0.653   (0.0% logic, 100.0% route), 0 logic levels.


Passed: The following path meets requirements by 0.178ns

 Logical Details:  Cell type  Pin type       Cell/ASIC name  (clock net +/-)

   Source:         FF         Q              u_sd/sck_577  (from SD_CLK_c +)
   Destination:    FF         Data in        u_sd/sck_577  (to SD_CLK_c +)

   Delay:               0.297ns  (80.8% logic, 19.2% route), 2 logic levels.

 Constraint Details:

      0.297ns physical path delay u_sd/SLICE_69 to u_sd/SLICE_69 meets
      0.119ns DIN_HLD and
      0.000ns delay constraint less
      0.000ns skew requirement (totaling 0.119ns) by 0.178ns

 Physical Path Details:

      Data path u_sd/SLICE_69 to u_sd/SLICE_69:

   Name    Fanout   Delay (ns)          Site               Resource
REG_DEL     ---     0.164    R22C27A.CLK to     R22C27A.Q0 u_sd/SLICE_69 (from SD_CLK_c)
ROUTE         2     0.057     R22C27A.Q0 to     R22C27A.D0 M_CLK_c
CTOF_DEL    ---     0.076     R22C27A.D0 to     R22C27A.F0 u_sd/SLICE_69
ROUTE         1     0.000     R22C27A.F0 to    R22C27A.DI0 u_sd/sck_N_10228 (to SD_CLK_c)
                  --------
                    0.297   (80.8% logic, 19.2% route), 2 logic levels.

 Clock Skew Details: 

      Source Clock Path u_pll/PLLInst_0 to u_sd/SLICE_69:

   Name    Fanout   Delay (ns)          Site               Resource
ROUTE       287     0.653  PLL_BL0.CLKOP to    R22C27A.CLK SD_CLK_c
                  --------
                    0.653   (0.0% logic, 100.0% route), 0 logic levels.

      Destination Clock Path u_pll/PLLInst_0 to u_sd/SLICE_69:

   Name    Fanout   Delay (ns)          Site               Resource
ROUTE       287     0.653  PLL_BL0.CLKOP to    R22C27A.CLK SD_CLK_c
                  --------
                    0.653   (0.0% logic, 100.0% route), 0 logic levels.


Passed: The following path meets requirements by 0.178ns

 Logical Details:  Cell type  Pin type       Cell/ASIC name  (clock net +/-)

   Source:         FF         Q              u_ctrl/u_tx/st_FSM_i3  (from SD_CLK_c +)
   Destination:    FF         Data in        u_ctrl/u_tx/st_FSM_i3  (to SD_CLK_c +)

   Delay:               0.297ns  (80.8% logic, 19.2% route), 2 logic levels.

 Constraint Details:

      0.297ns physical path delay u_ctrl/u_tx/SLICE_244 to u_ctrl/u_tx/SLICE_244 meets
      0.119ns DIN_HLD and
      0.000ns delay constraint less
      0.000ns skew requirement (totaling 0.119ns) by 0.178ns

 Physical Path Details:

      Data path u_ctrl/u_tx/SLICE_244 to u_ctrl/u_tx/SLICE_244:

   Name    Fanout   Delay (ns)          Site               Resource
REG_DEL     ---     0.164    R35C38A.CLK to     R35C38A.Q0 u_ctrl/u_tx/SLICE_244 (from SD_CLK_c)
ROUTE         2     0.057     R35C38A.Q0 to     R35C38A.D0 u_ctrl/u_tx/n24555
CTOF_DEL    ---     0.076     R35C38A.D0 to     R35C38A.F0 u_ctrl/u_tx/SLICE_244
ROUTE         1     0.000     R35C38A.F0 to    R35C38A.DI0 u_ctrl/u_tx/n57932 (to SD_CLK_c)
                  --------
                    0.297   (80.8% logic, 19.2% route), 2 logic levels.

 Clock Skew Details: 

      Source Clock Path u_pll/PLLInst_0 to u_ctrl/u_tx/SLICE_244:

   Name    Fanout   Delay (ns)          Site               Resource
ROUTE       287     0.653  PLL_BL0.CLKOP to    R35C38A.CLK SD_CLK_c
                  --------
                    0.653   (0.0% logic, 100.0% route), 0 logic levels.

      Destination Clock Path u_pll/PLLInst_0 to u_ctrl/u_tx/SLICE_244:

   Name    Fanout   Delay (ns)          Site               Resource
ROUTE       287     0.653  PLL_BL0.CLKOP to    R35C38A.CLK SD_CLK_c
                  --------
                    0.653   (0.0% logic, 100.0% route), 0 logic levels.


================================================================================
Preference: FREQUENCY NET "MCLK_c" 24.000000 MHz ;
            0 items scored, 0 timing errors detected.
--------------------------------------------------------------------------------


================================================================================
Preference: FREQUENCY NET "CRYSTAL_c" 24.000000 MHz ;
            0 items scored, 0 timing errors detected.
--------------------------------------------------------------------------------

Report Summary
--------------
----------------------------------------------------------------------------
Preference(MIN Delays)                  |   Constraint|       Actual|Levels
----------------------------------------------------------------------------
                                        |             |             |
FREQUENCY NET "SD_CLK_c" 48.000000 MHz  |             |             |
;                                       |     0.000 ns|     0.175 ns|   1  
                                        |             |             |
FREQUENCY NET "MCLK_c" 24.000000 MHz ;  |            -|            -|   0  
                                        |             |             |
FREQUENCY NET "CRYSTAL_c" 24.000000 MHz |             |             |
;                                       |            -|            -|   0  
                                        |             |             |
----------------------------------------------------------------------------


All preferences were met.


Clock Domains Analysis
------------------------

Found 2 clocks:

Clock Domain: SD_CLK_c   Source: u_pll/PLLInst_0.CLKOP   Loads: 287
   Covered under: FREQUENCY NET "SD_CLK_c" 48.000000 MHz ;

Clock Domain: CRYSTAL_c   Source: CRYSTAL.PAD   Loads: 1
   No transfer within this clock domain is found


Timing summary (Hold):
---------------

Timing errors: 0  Score: 0
Cumulative negative slack: 0

Constraints cover 100402 paths, 3 nets, and 4508 connections (99.71% coverage)



Timing summary (Setup and Hold):
---------------

Timing errors: 0 (setup), 0 (hold)
Score: 0 (setup), 0 (hold)
Cumulative negative slack: 0 (0+0)
--------------------------------------------------------------------------------

--------------------------------------------------------------------------------

