--------------------------------------------------------------------------------
Lattice Synthesis Timing Report, Version  
Sat Mar 07 23:07:09 2026

Copyright (c) 1991-1994 by NeoCAD Inc. All rights reserved.
Copyright (c) 1995 AT&T Corp.   All rights reserved.
Copyright (c) 1995-2001 Lucent Technologies Inc.  All rights reserved.
Copyright (c) 2001 Agere Systems   All rights reserved.
Copyright (c) 2002-2024 Lattice Semiconductor Corporation,  All rights reserved.

Report Information
------------------
Design:     fpga_top
Constraint file:  
Report level:    verbose report, limited to 3 items per constraint
--------------------------------------------------------------------------------



================================================================================
Constraint: create_clock -period 5.000000 -name clk0 [get_nets SD_CLK_c]
            4096 items scored, 4096 timing errors detected.
--------------------------------------------------------------------------------


Error:  The following path violates requirements by 9.856ns

 Logical Details:  Cell type  Pin type       Cell name  (clock net +/-)

   Source:         FD1P3AX    CK             \u_cam_cfg/st_i0_i2  (from SD_CLK_c +)
   Destination:    FD1P3AX    SP             \u_cam_cfg/cur_reg__i1  (to SD_CLK_c +)

   Delay:                  14.935ns  (16.4% logic, 83.6% route), 14 logic levels.

 Constraint Details:

     14.935ns data_path \u_cam_cfg/st_i0_i2 to \u_cam_cfg/cur_reg__i1 violates
      5.000ns delay constraint less
     -0.079ns LCE_S requirement (totaling 5.079ns) by 9.856ns

 Path Details: \u_cam_cfg/st_i0_i2 to \u_cam_cfg/cur_reg__i1

   Name    Fanout   Delay (ns)          Pins               Resource(Cell.Net)
L_CO        ---     0.365             CK to Q              \u_cam_cfg/st_i0_i2 (from SD_CLK_c)
Route        37   e 1.842                                  \u_cam_cfg/st[2]
LUT4        ---     0.166              B to Z              \u_cam_cfg/i20921_2_lut_rep_307
Route        15   e 1.561                                  n61777
A1_TO_FCO   ---     0.329           A[2] to COUT           _add_1_11931_add_4_3
Route         1   e 0.020                                  n56203
FCI_TO_FCO  ---     0.051            CIN to COUT           _add_1_11931_add_4_5
Route         1   e 0.020                                  n56204
FCI_TO_FCO  ---     0.051            CIN to COUT           _add_1_11931_add_4_7
Route         1   e 0.020                                  n56205
FCI_TO_FCO  ---     0.051            CIN to COUT           _add_1_11931_add_4_9
Route         1   e 0.020                                  n56206
FCI_TO_F    ---     0.322            CIN to S[2]           _add_1_11931_add_4_11
Route        45   e 1.881                                  n309
LUT4        ---     0.166              C to Z              \u_cam_cfg/u_rom/i23017_3_lut
Route         1   e 0.020                                  \u_cam_cfg/u_rom/n60164
MUXL5       ---     0.116           BLUT to Z              \u_cam_cfg/u_rom/i23019
Route         1   e 1.020                                  \u_cam_cfg/u_rom/rom_entry[2]
LUT4        ---     0.166              C to Z              \u_cam_cfg/u_rom/i1_4_lut_adj_626
Route         1   e 1.020                                  \u_cam_cfg/u_rom/n58987
LUT4        ---     0.166              A to Z              \u_cam_cfg/u_rom/i1_4_lut_adj_624
Route         1   e 1.020                                  \u_cam_cfg/u_rom/n58993
LUT4        ---     0.166              B to Z              \u_cam_cfg/u_rom/i1_4_lut_adj_622
Route         3   e 1.239                                  \u_cam_cfg/n58276
LUT4        ---     0.166              B to Z              \u_cam_cfg/u_rom/i1_3_lut_rep_230
Route         2   e 1.158                                  \u_cam_cfg/n61700
LUT4        ---     0.166              B to Z              \u_cam_cfg/i1_4_lut_adj_630
Route        23   e 1.647                                  \u_cam_cfg/SD_CLK_c_enable_237
                  --------
                   14.935  (16.4% logic, 83.6% route), 14 logic levels.


Error:  The following path violates requirements by 9.856ns

 Logical Details:  Cell type  Pin type       Cell name  (clock net +/-)

   Source:         FD1P3AX    CK             \u_cam_cfg/st_i0_i2  (from SD_CLK_c +)
   Destination:    FD1P3AX    SP             \u_cam_cfg/cur_reg__i1  (to SD_CLK_c +)

   Delay:                  14.935ns  (16.4% logic, 83.6% route), 14 logic levels.

 Constraint Details:

     14.935ns data_path \u_cam_cfg/st_i0_i2 to \u_cam_cfg/cur_reg__i1 violates
      5.000ns delay constraint less
     -0.079ns LCE_S requirement (totaling 5.079ns) by 9.856ns

 Path Details: \u_cam_cfg/st_i0_i2 to \u_cam_cfg/cur_reg__i1

   Name    Fanout   Delay (ns)          Pins               Resource(Cell.Net)
L_CO        ---     0.365             CK to Q              \u_cam_cfg/st_i0_i2 (from SD_CLK_c)
Route        37   e 1.842                                  \u_cam_cfg/st[2]
LUT4        ---     0.166              B to Z              \u_cam_cfg/i20921_2_lut_rep_307
Route        15   e 1.561                                  n61777
A1_TO_FCO   ---     0.329           A[2] to COUT           _add_1_11931_add_4_3
Route         1   e 0.020                                  n56203
FCI_TO_FCO  ---     0.051            CIN to COUT           _add_1_11931_add_4_5
Route         1   e 0.020                                  n56204
FCI_TO_FCO  ---     0.051            CIN to COUT           _add_1_11931_add_4_7
Route         1   e 0.020                                  n56205
FCI_TO_FCO  ---     0.051            CIN to COUT           _add_1_11931_add_4_9
Route         1   e 0.020                                  n56206
FCI_TO_F    ---     0.322            CIN to S[2]           _add_1_11931_add_4_11
Route        45   e 1.881                                  n309
LUT4        ---     0.166              C to Z              \u_cam_cfg/u_rom/i23015_3_lut
Route         1   e 0.020                                  \u_cam_cfg/u_rom/n60162
MUXL5       ---     0.116           ALUT to Z              \u_cam_cfg/u_rom/i23016
Route         1   e 1.020                                  \u_cam_cfg/u_rom/rom_entry[3]
LUT4        ---     0.166              A to Z              \u_cam_cfg/u_rom/i1_4_lut_adj_626
Route         1   e 1.020                                  \u_cam_cfg/u_rom/n58987
LUT4        ---     0.166              A to Z              \u_cam_cfg/u_rom/i1_4_lut_adj_624
Route         1   e 1.020                                  \u_cam_cfg/u_rom/n58993
LUT4        ---     0.166              B to Z              \u_cam_cfg/u_rom/i1_4_lut_adj_622
Route         3   e 1.239                                  \u_cam_cfg/n58276
LUT4        ---     0.166              B to Z              \u_cam_cfg/u_rom/i1_3_lut_rep_230
Route         2   e 1.158                                  \u_cam_cfg/n61700
LUT4        ---     0.166              B to Z              \u_cam_cfg/i1_4_lut_adj_630
Route        23   e 1.647                                  \u_cam_cfg/SD_CLK_c_enable_237
                  --------
                   14.935  (16.4% logic, 83.6% route), 14 logic levels.


Error:  The following path violates requirements by 9.856ns

 Logical Details:  Cell type  Pin type       Cell name  (clock net +/-)

   Source:         FD1P3AX    CK             \u_cam_cfg/st_i0_i2  (from SD_CLK_c +)
   Destination:    FD1P3AX    SP             \u_cam_cfg/cur_reg__i1  (to SD_CLK_c +)

   Delay:                  14.935ns  (16.4% logic, 83.6% route), 14 logic levels.

 Constraint Details:

     14.935ns data_path \u_cam_cfg/st_i0_i2 to \u_cam_cfg/cur_reg__i1 violates
      5.000ns delay constraint less
     -0.079ns LCE_S requirement (totaling 5.079ns) by 9.856ns

 Path Details: \u_cam_cfg/st_i0_i2 to \u_cam_cfg/cur_reg__i1

   Name    Fanout   Delay (ns)          Pins               Resource(Cell.Net)
L_CO        ---     0.365             CK to Q              \u_cam_cfg/st_i0_i2 (from SD_CLK_c)
Route        37   e 1.842                                  \u_cam_cfg/st[2]
LUT4        ---     0.166              B to Z              \u_cam_cfg/i20921_2_lut_rep_307
Route        15   e 1.561                                  n61777
A1_TO_FCO   ---     0.329           A[2] to COUT           _add_1_11931_add_4_3
Route         1   e 0.020                                  n56203
FCI_TO_FCO  ---     0.051            CIN to COUT           _add_1_11931_add_4_5
Route         1   e 0.020                                  n56204
FCI_TO_FCO  ---     0.051            CIN to COUT           _add_1_11931_add_4_7
Route         1   e 0.020                                  n56205
FCI_TO_FCO  ---     0.051            CIN to COUT           _add_1_11931_add_4_9
Route         1   e 0.020                                  n56206
FCI_TO_F    ---     0.322            CIN to S[2]           _add_1_11931_add_4_11
Route        45   e 1.881                                  n309
LUT4        ---     0.166              C to Z              \u_cam_cfg/u_rom/i23008_3_lut
Route         1   e 0.020                                  \u_cam_cfg/u_rom/n60155
MUXL5       ---     0.116           BLUT to Z              \u_cam_cfg/u_rom/i23010
Route         1   e 1.020                                  \u_cam_cfg/u_rom/rom_entry[5]
LUT4        ---     0.166              B to Z              \u_cam_cfg/u_rom/i1_4_lut_adj_626
Route         1   e 1.020                                  \u_cam_cfg/u_rom/n58987
LUT4        ---     0.166              A to Z              \u_cam_cfg/u_rom/i1_4_lut_adj_624
Route         1   e 1.020                                  \u_cam_cfg/u_rom/n58993
LUT4        ---     0.166              B to Z              \u_cam_cfg/u_rom/i1_4_lut_adj_622
Route         3   e 1.239                                  \u_cam_cfg/n58276
LUT4        ---     0.166              B to Z              \u_cam_cfg/u_rom/i1_3_lut_rep_230
Route         2   e 1.158                                  \u_cam_cfg/n61700
LUT4        ---     0.166              B to Z              \u_cam_cfg/i1_4_lut_adj_630
Route        23   e 1.647                                  \u_cam_cfg/SD_CLK_c_enable_237
                  --------
                   14.935  (16.4% logic, 83.6% route), 14 logic levels.

Warning: 14.856 ns is the maximum delay for this constraint.


Timing Report Summary
--------------
--------------------------------------------------------------------------------
Constraint                              |   Constraint|       Actual|Levels
--------------------------------------------------------------------------------
                                        |             |             |
create_clock -period 5.000000 -name     |             |             |
clk0 [get_nets SD_CLK_c]                |     5.000 ns|    14.856 ns|    14 *
                                        |             |             |
--------------------------------------------------------------------------------


1 constraints not met.

--------------------------------------------------------------------------------
Critical Nets                           |   Loads|  Errors| % of total
--------------------------------------------------------------------------------
\u_cam_cfg/SD_CLK_c_enable_237          |      23|    4096|     99.00%
                                        |        |        |
\u_cam_cfg/n58276                       |       3|    4096|     99.00%
                                        |        |        |
\u_cam_cfg/n61700                       |       2|    4096|     99.00%
                                        |        |        |
\u_cam_cfg/u_rom/n58987                 |       1|    4096|     99.00%
                                        |        |        |
\u_cam_cfg/u_rom/n58993                 |       1|    4096|     99.00%
                                        |        |        |
n56206                                  |       1|    4096|     99.00%
                                        |        |        |
n61777                                  |      15|    4048|     98.83%
                                        |        |        |
n56205                                  |       1|    3360|     82.03%
                                        |        |        |
n309                                    |      45|    2992|     73.05%
                                        |        |        |
n56204                                  |       1|    2256|     55.08%
                                        |        |        |
\u_cam_cfg/st[1]                        |      30|    2024|     49.41%
                                        |        |        |
\u_cam_cfg/st[2]                        |      37|    2024|     49.41%
                                        |        |        |
n56203                                  |       1|    1152|     28.13%
                                        |        |        |
n308                                    |      25|    1104|     26.95%
                                        |        |        |
\u_cam_cfg/u_rom/rom_entry[5]           |       1|    1048|     25.59%
                                        |        |        |
\u_cam_cfg/u_rom/rom_entry[2]           |       1|    1016|     24.80%
                                        |        |        |
\u_cam_cfg/u_rom/rom_entry[3]           |       1|    1016|     24.80%
                                        |        |        |
\u_cam_cfg/u_rom/rom_entry[4]           |       1|    1016|     24.80%
                                        |        |        |
--------------------------------------------------------------------------------


Timing summary:
---------------

Timing errors: 4096  Score: 39606496

Constraints cover  119861 paths, 1754 nets, and 4683 connections (90.7% coverage)


Peak memory: 289480704 bytes, TRCE: 0 bytes, DLYMAN: 0 bytes
CPU_TIME_REPORT: 0 secs 
