N_POLYGONS 146
B_POLYGON 1
facet 142
facet 193
E_POLYGON 1
B_POLYGON 2
facet 68
E_POLYGON 2
B_POLYGON 3
facet 33
facet 107
facet 41
E_POLYGON 3
B_POLYGON 4
facet 135
E_POLYGON 4
B_POLYGON 5
facet 80
E_POLYGON 5
B_POLYGON 6
facet 138
E_POLYGON 6
B_POLYGON 7
facet 51
E_POLYGON 7
B_POLYGON 8
facet 91
E_POLYGON 8
B_POLYGON 9
facet 65
E_POLYGON 9
B_POLYGON 10
facet 134
E_POLYGON 10
B_POLYGON 11
facet 81
E_POLYGON 11
B_POLYGON 12
facet 61
E_POLYGON 12
B_POLYGON 13
facet 132
E_POLYGON 13
B_POLYGON 14
facet 108
facet 101
facet 106
E_POLYGON 14
B_POLYGON 15
facet 104
facet 82
E_POLYGON 15
B_POLYGON 16
facet 159
facet 55
E_POLYGON 16
B_POLYGON 17
facet 131
E_POLYGON 17
B_POLYGON 18
facet 109
facet 70
E_POLYGON 18
B_POLYGON 19
facet 133
E_POLYGON 19
B_POLYGON 20
facet 58
E_POLYGON 20
B_POLYGON 21
facet 57
E_POLYGON 21
B_POLYGON 22
facet 67
E_POLYGON 22
B_POLYGON 23
facet 66
E_POLYGON 23
B_POLYGON 24
facet 123
facet 130
E_POLYGON 24
B_POLYGON 25
facet 137
E_POLYGON 25
B_POLYGON 26
facet 23
E_POLYGON 26
B_POLYGON 27
facet 35
E_POLYGON 27
B_POLYGON 28
facet 16
E_POLYGON 28
B_POLYGON 29
facet 37
facet 40
facet 13
facet 10
facet 86
facet 11
facet 12
facet 49
E_POLYGON 29
B_POLYGON 30
facet 77
facet 140
facet 27
E_POLYGON 30
B_POLYGON 31
facet 69
E_POLYGON 31
B_POLYGON 32
facet 136
E_POLYGON 32
B_POLYGON 33
facet 63
E_POLYGON 33
B_POLYGON 34
facet 116
E_POLYGON 34
B_POLYGON 35
facet 89
E_POLYGON 35
B_POLYGON 36
facet 88
E_POLYGON 36
B_POLYGON 37
facet 164
E_POLYGON 37
B_POLYGON 38
facet 56
E_POLYGON 38
B_POLYGON 39
facet 121
facet 125
E_POLYGON 39
B_POLYGON 40
facet 141
facet 98
facet 192
facet 8
E_POLYGON 40
B_POLYGON 41
facet 163
E_POLYGON 41
B_POLYGON 42
facet 25
E_POLYGON 42
B_POLYGON 43
facet 115
E_POLYGON 43
B_POLYGON 44
facet 96
facet 4
E_POLYGON 44
B_POLYGON 45
facet 114
E_POLYGON 45
B_POLYGON 46
facet 32
E_POLYGON 46
B_POLYGON 47
facet 62
E_POLYGON 47
B_POLYGON 48
facet 60
E_POLYGON 48
B_POLYGON 49
facet 117
E_POLYGON 49
B_POLYGON 50
facet 153
E_POLYGON 50
B_POLYGON 51
facet 127
facet 152
E_POLYGON 51
B_POLYGON 52
facet 139
facet 47
E_POLYGON 52
B_POLYGON 53
facet 124
E_POLYGON 53
B_POLYGON 54
facet 90
E_POLYGON 54
B_POLYGON 55
facet 143
E_POLYGON 55
B_POLYGON 56
facet 111
E_POLYGON 56
B_POLYGON 57
facet 186
E_POLYGON 57
B_POLYGON 58
facet 78
E_POLYGON 58
B_POLYGON 59
facet 64
E_POLYGON 59
B_POLYGON 60
facet 95
E_POLYGON 60
B_POLYGON 61
facet 97
E_POLYGON 61
B_POLYGON 62
facet 103
E_POLYGON 62
B_POLYGON 63
facet 18
E_POLYGON 63
B_POLYGON 64
facet 162
E_POLYGON 64
B_POLYGON 65
facet 19
E_POLYGON 65
B_POLYGON 66
facet 45
E_POLYGON 66
B_POLYGON 67
facet 196
facet 190
facet 198
facet 178
facet 81
facet 193
facet 169
facet 142
facet 91
facet 171
facet 181
facet 159
facet 200
facet 102
facet 199
facet 166
facet 72
facet 129
facet 107
facet 55
facet 149
facet 27
facet 33
facet 140
facet 77
facet 51
facet 133
facet 123
facet 22
facet 138
facet 41
facet 131
facet 135
facet 106
facet 154
facet 151
facet 17
facet 108
facet 137
facet 150
facet 134
facet 101
facet 132
facet 130
facet 73
facet 164
facet 80
facet 79
facet 104
facet 88
facet 160
facet 82
facet 94
facet 109
facet 191
facet 145
facet 121
facet 163
facet 116
facet 83
facet 76
facet 125
facet 165
facet 70
facet 194
facet 184
facet 115
facet 62
facet 148
facet 136
facet 195
facet 68
facet 177
facet 183
facet 158
facet 89
facet 147
facet 141
facet 192
facet 111
facet 87
facet 167
facet 143
facet 103
facet 98
facet 156
facet 90
facet 189
facet 162
facet 32
facet 48
facet 186
facet 127
facet 197
facet 153
facet 180
facet 8
facet 78
facet 95
facet 124
facet 152
facet 113
facet 52
facet 74
facet 139
facet 47
facet 118
facet 56
facet 168
facet 30
facet 6
facet 31
facet 61
facet 128
facet 161
facet 119
facet 117
facet 112
facet 38
facet 28
facet 15
facet 29
facet 65
facet 144
facet 43
facet 75
facet 93
facet 18
facet 45
facet 182
facet 174
facet 187
facet 53
facet 19
facet 120
facet 110
facet 172
facet 100
facet 176
facet 179
facet 175
facet 71
facet 49
facet 86
facet 188
facet 122
facet 170
facet 21
facet 44
facet 146
facet 50
facet 9
facet 40
facet 64
facet 97
facet 173
facet 20
facet 126
facet 14
facet 37
facet 185
facet 155
facet 92
facet 7
facet 39
facet 10
facet 11
facet 63
facet 25
facet 157
facet 26
facet 114
facet 67
facet 59
facet 13
facet 84
facet 60
facet 99
facet 5
facet 2
facet 57
facet 34
facet 58
facet 36
facet 12
facet 69
facet 105
facet 96
facet 85
facet 54
facet 46
facet 66
facet 4
facet 35
facet 24
facet 16
facet 42
facet 23
facet 3
E_POLYGON 67
B_POLYGON 68
facet 190
E_POLYGON 68
B_POLYGON 69
facet 156
E_POLYGON 69
B_POLYGON 70
facet 145
facet 68
E_POLYGON 70
B_POLYGON 71
facet 158
E_POLYGON 71
B_POLYGON 72
facet 166
E_POLYGON 72
B_POLYGON 73
facet 148
E_POLYGON 73
B_POLYGON 74
facet 171
E_POLYGON 74
B_POLYGON 75
facet 147
E_POLYGON 75
B_POLYGON 76
facet 113
facet 93
facet 118
facet 128
facet 112
facet 126
facet 71
facet 20
facet 7
facet 39
E_POLYGON 76
B_POLYGON 77
facet 155
E_POLYGON 77
B_POLYGON 78
facet 179
E_POLYGON 78
B_POLYGON 79
facet 146
facet 122
facet 67
facet 57
facet 5
facet 85
facet 105
facet 46
facet 66
E_POLYGON 79
B_POLYGON 80
facet 177
facet 87
facet 52
facet 183
E_POLYGON 80
B_POLYGON 81
facet 129
facet 123
E_POLYGON 81
B_POLYGON 82
facet 149
E_POLYGON 82
B_POLYGON 83
facet 165
E_POLYGON 83
B_POLYGON 84
facet 187
E_POLYGON 84
B_POLYGON 85
facet 154
E_POLYGON 85
B_POLYGON 86
facet 185
facet 4
E_POLYGON 86
B_POLYGON 87
facet 168
E_POLYGON 87
B_POLYGON 88
facet 188
E_POLYGON 88
B_POLYGON 89
facet 189
E_POLYGON 89
B_POLYGON 90
facet 182
E_POLYGON 90
B_POLYGON 91
facet 174
E_POLYGON 91
B_POLYGON 92
facet 172
E_POLYGON 92
B_POLYGON 93
facet 176
E_POLYGON 93
B_POLYGON 94
facet 175
E_POLYGON 94
B_POLYGON 95
facet 200
facet 135
facet 80
facet 106
facet 79
facet 101
facet 108
facet 151
facet 145
facet 73
facet 138
facet 109
facet 134
facet 51
facet 83
facet 76
facet 165
facet 70
facet 132
facet 68
facet 148
facet 131
facet 158
facet 104
facet 82
facet 89
facet 136
facet 133
facet 147
facet 156
facet 137
facet 180
facet 88
facet 30
facet 31
facet 61
facet 29
facet 65
facet 6
facet 144
facet 124
facet 192
facet 139
facet 186
facet 179
facet 155
facet 105
facet 167
facet 23
facet 16
facet 3
facet 56
facet 85
facet 66
facet 75
facet 36
facet 49
facet 63
facet 21
facet 44
facet 9
facet 40
facet 37
facet 11
facet 13
facet 2
facet 126
facet 170
facet 96
facet 185
facet 4
facet 25
facet 92
facet 60
facet 100
facet 97
facet 64
facet 117
facet 53
facet 168
facet 118
facet 18
facet 38
facet 195
facet 95
facet 78
facet 90
facet 153
facet 152
facet 143
facet 162
facet 127
facet 163
facet 189
facet 103
facet 115
facet 62
facet 111
facet 164
facet 116
facet 140
facet 154
facet 160
facet 22
facet 130
facet 149
facet 182
facet 174
facet 45
facet 129
facet 123
facet 172
facet 121
facet 19
facet 176
facet 175
facet 173
facet 17
facet 188
facet 48
facet 32
facet 54
E_POLYGON 95
B_POLYGON 96
facet 145
facet 68
E_POLYGON 96
B_POLYGON 97
facet 73
facet 101
facet 151
facet 82
facet 70
E_POLYGON 97
B_POLYGON 98
facet 180
E_POLYGON 98
B_POLYGON 99
facet 144
facet 155
E_POLYGON 99
B_POLYGON 100
facet 147
facet 6
E_POLYGON 100
B_POLYGON 101
facet 179
E_POLYGON 101
B_POLYGON 102
facet 149
facet 160
E_POLYGON 102
B_POLYGON 103
facet 165
E_POLYGON 103
B_POLYGON 104
facet 167
E_POLYGON 104
B_POLYGON 105
facet 185
facet 4
facet 92
facet 60
facet 100
facet 64
E_POLYGON 105
B_POLYGON 106
facet 195
facet 95
facet 152
E_POLYGON 106
B_POLYGON 107
facet 168
E_POLYGON 107
B_POLYGON 108
facet 188
E_POLYGON 108
B_POLYGON 109
facet 189
E_POLYGON 109
B_POLYGON 110
facet 182
E_POLYGON 110
B_POLYGON 111
facet 174
E_POLYGON 111
B_POLYGON 112
facet 172
E_POLYGON 112
B_POLYGON 113
facet 176
E_POLYGON 113
B_POLYGON 114
facet 173
E_POLYGON 114
B_POLYGON 115
facet 198
facet 178
facet 193
facet 81
facet 91
facet 181
facet 159
facet 107
facet 33
facet 41
facet 72
E_POLYGON 115
B_POLYGON 116
facet 178
E_POLYGON 116
B_POLYGON 117
facet 181
facet 41
facet 33
E_POLYGON 117
B_POLYGON 118
facet 93
facet 120
facet 122
facet 67
facet 157
facet 35
E_POLYGON 118
B_POLYGON 119
facet 161
facet 177
facet 112
facet 15
facet 194
facet 71
facet 20
facet 141
E_POLYGON 119
B_POLYGON 120
facet 84
E_POLYGON 120
B_POLYGON 121
facet 119
E_POLYGON 121
B_POLYGON 122
facet 94
E_POLYGON 122
B_POLYGON 123
facet 29
E_POLYGON 123
B_POLYGON 124
facet 31
E_POLYGON 124
B_POLYGON 125
facet 30
E_POLYGON 125
B_POLYGON 126
facet 79
E_POLYGON 126
B_POLYGON 127
facet 43
E_POLYGON 127
B_POLYGON 128
facet 28
E_POLYGON 128
B_POLYGON 129
facet 71
facet 7
E_POLYGON 129
B_POLYGON 130
facet 17
E_POLYGON 130
B_POLYGON 131
facet 42
facet 3
E_POLYGON 131
B_POLYGON 132
facet 34
facet 2
facet 13
facet 12
E_POLYGON 132
B_POLYGON 133
facet 9
facet 40
facet 21
facet 10
E_POLYGON 133
B_POLYGON 134
facet 75
E_POLYGON 134
B_POLYGON 135
facet 83
E_POLYGON 135
B_POLYGON 136
facet 26
E_POLYGON 136
B_POLYGON 137
facet 54
facet 24
E_POLYGON 137
B_POLYGON 138
facet 59
E_POLYGON 138
B_POLYGON 139
facet 76
E_POLYGON 139
B_POLYGON 140
facet 44
E_POLYGON 140
B_POLYGON 141
facet 48
E_POLYGON 141
B_POLYGON 142
facet 53
E_POLYGON 142
B_POLYGON 143
facet 201
facet 200
facet 196
facet 103
facet 190
facet 198
facet 111
facet 150
facet 189
facet 62
facet 162
facet 171
facet 176
facet 175
facet 143
facet 188
facet 172
facet 115
facet 17
facet 173
facet 135
facet 169
facet 197
facet 174
facet 163
facet 116
facet 178
facet 149
facet 164
facet 195
facet 182
facet 80
facet 81
facet 199
facet 160
facet 106
facet 142
facet 114
facet 140
facet 79
facet 65
facet 179
facet 154
facet 101
facet 108
facet 151
facet 145
facet 193
facet 19
facet 73
facet 138
facet 90
facet 181
facet 191
facet 109
facet 77
facet 51
facet 134
facet 83
facet 76
facet 91
facet 97
facet 45
facet 166
facet 194
facet 165
facet 70
facet 156
facet 100
facet 144
facet 61
facet 22
facet 27
facet 130
facet 125
facet 95
facet 78
facet 132
facet 68
facet 30
facet 153
facet 184
facet 64
facet 168
facet 94
facet 148
facet 131
facet 177
facet 158
facet 159
facet 185
facet 152
facet 104
facet 31
facet 129
facet 123
facet 121
facet 183
facet 53
facet 127
facet 72
facet 102
facet 82
facet 89
facet 180
facet 147
facet 141
facet 192
facet 136
facet 155
facet 107
facet 133
facet 87
facet 167
facet 29
facet 55
facet 48
facet 33
facet 41
facet 98
facet 18
facet 117
facet 187
facet 25
facet 137
facet 186
facet 32
facet 88
facet 99
facet 92
facet 47
facet 8
facet 96
facet 139
facet 124
facet 119
facet 113
facet 52
facet 74
facet 58
facet 4
facet 60
facet 105
facet 118
facet 56
facet 46
facet 6
facet 120
facet 128
facet 161
facet 146
facet 122
facet 16
facet 93
facet 112
facet 38
facet 28
facet 15
facet 36
facet 43
facet 75
facet 23
facet 57
facet 67
facet 85
facet 42
facet 110
facet 3
facet 66
facet 157
facet 44
facet 170
facet 71
facet 49
facet 86
facet 5
facet 59
facet 21
facet 84
facet 50
facet 9
facet 40
facet 54
facet 63
facet 126
facet 20
facet 14
facet 37
facet 7
facet 39
facet 10
facet 11
facet 24
facet 35
facet 26
facet 69
facet 13
facet 2
facet 34
facet 12
E_POLYGON 143
B_POLYGON 144
facet 201
facet 200
facet 196
facet 103
facet 190
facet 198
facet 111
facet 150
facet 189
facet 62
facet 162
facet 171
facet 176
facet 175
facet 143
facet 188
facet 172
facet 115
facet 17
facet 173
facet 135
facet 169
facet 197
facet 174
facet 163
facet 116
facet 178
facet 149
facet 164
facet 195
facet 182
facet 80
facet 81
facet 199
facet 160
facet 106
facet 142
facet 114
facet 140
facet 79
facet 65
facet 179
facet 154
facet 101
facet 108
facet 151
facet 145
facet 193
facet 19
facet 73
facet 138
facet 90
facet 181
facet 191
facet 109
facet 77
facet 51
facet 134
facet 83
facet 76
facet 91
facet 97
facet 45
facet 166
facet 194
facet 165
facet 70
facet 156
facet 100
facet 144
facet 61
facet 22
facet 27
facet 130
facet 125
facet 95
facet 78
facet 132
facet 68
facet 30
facet 153
facet 184
facet 64
facet 168
facet 94
facet 148
facet 131
facet 177
facet 158
facet 159
facet 185
facet 152
facet 104
facet 31
facet 129
facet 123
facet 121
facet 183
facet 53
facet 127
facet 72
facet 102
facet 82
facet 89
facet 180
facet 147
facet 141
facet 192
facet 136
facet 155
facet 107
facet 133
facet 87
facet 167
facet 29
facet 55
facet 48
facet 33
facet 41
facet 98
facet 18
facet 117
facet 187
facet 25
facet 137
facet 186
facet 32
facet 88
facet 99
facet 92
facet 47
facet 8
facet 96
facet 139
facet 124
facet 119
facet 113
facet 52
facet 74
facet 58
facet 4
facet 60
facet 105
facet 118
facet 56
facet 46
facet 6
facet 120
facet 128
facet 161
facet 146
facet 122
facet 16
facet 93
facet 112
facet 38
facet 28
facet 15
facet 36
facet 43
facet 75
facet 23
facet 57
facet 67
facet 85
facet 42
facet 110
facet 3
facet 66
facet 157
facet 44
facet 170
facet 71
facet 49
facet 86
facet 5
facet 59
facet 21
facet 84
facet 50
facet 9
facet 40
facet 54
facet 63
facet 126
facet 20
facet 14
facet 37
facet 7
facet 39
facet 10
facet 11
facet 24
facet 35
facet 26
facet 69
facet 13
facet 2
facet 34
facet 12
E_POLYGON 144
B_POLYGON 145
facet 201
facet 200
facet 196
facet 103
facet 190
facet 198
facet 111
facet 150
facet 189
facet 62
facet 162
facet 171
facet 176
facet 175
facet 143
facet 188
facet 172
facet 115
facet 17
facet 173
facet 135
facet 169
facet 197
facet 174
facet 163
facet 116
facet 178
facet 149
facet 164
facet 195
facet 182
facet 80
facet 81
facet 199
facet 160
facet 106
facet 142
facet 114
facet 140
facet 79
facet 65
facet 179
facet 154
facet 101
facet 108
facet 151
facet 145
facet 193
facet 19
facet 73
facet 138
facet 90
facet 181
facet 191
facet 109
facet 77
facet 51
facet 134
facet 83
facet 76
facet 91
facet 97
facet 45
facet 166
facet 194
facet 165
facet 70
facet 156
facet 100
facet 144
facet 61
facet 22
facet 27
facet 130
facet 125
facet 95
facet 78
facet 132
facet 68
facet 30
facet 153
facet 184
facet 64
facet 168
facet 94
facet 148
facet 131
facet 177
facet 158
facet 159
facet 185
facet 152
facet 104
facet 31
facet 129
facet 123
facet 121
facet 183
facet 53
facet 127
facet 72
facet 102
facet 82
facet 89
facet 180
facet 147
facet 141
facet 192
facet 136
facet 155
facet 107
facet 133
facet 87
facet 167
facet 29
facet 55
facet 48
facet 33
facet 41
facet 98
facet 18
facet 117
facet 187
facet 25
facet 137
facet 186
facet 32
facet 88
facet 99
facet 92
facet 47
facet 8
facet 96
facet 139
facet 124
facet 119
facet 113
facet 52
facet 74
facet 58
facet 4
facet 60
facet 105
facet 118
facet 56
facet 46
facet 6
facet 120
facet 128
facet 161
facet 146
facet 122
facet 16
facet 93
facet 112
facet 38
facet 28
facet 15
facet 36
facet 43
facet 75
facet 23
facet 57
facet 67
facet 85
facet 42
facet 110
facet 3
facet 66
facet 157
facet 44
facet 170
facet 71
facet 49
facet 86
facet 5
facet 59
facet 21
facet 84
facet 50
facet 9
facet 40
facet 54
facet 63
facet 126
facet 20
facet 14
facet 37
facet 7
facet 39
facet 10
facet 11
facet 24
facet 35
facet 26
facet 69
facet 13
facet 2
facet 34
facet 12
E_POLYGON 145
B_POLYGON 146
facet 202
facet 201
facet 200
facet 196
facet 135
facet 176
facet 103
facet 197
facet 175
facet 190
facet 198
facet 111
facet 199
facet 189
facet 188
facet 172
facet 150
facet 62
facet 65
facet 80
facet 173
facet 174
facet 179
facet 106
facet 162
facet 114
facet 79
facet 182
facet 171
facet 101
facet 108
facet 151
facet 145
facet 143
facet 144
facet 61
facet 73
facet 138
facet 115
facet 30
facet 156
facet 181
facet 191
facet 109
facet 142
facet 17
facet 51
facet 134
facet 83
facet 76
facet 169
facet 163
facet 116
facet 97
facet 166
facet 194
facet 165
facet 70
facet 193
facet 19
facet 178
facet 149
facet 164
facet 195
facet 100
facet 132
facet 68
facet 31
facet 184
facet 81
facet 64
facet 148
facet 160
facet 158
facet 180
facet 131
facet 177
facet 45
facet 140
facet 155
facet 185
facet 104
facet 154
facet 29
facet 183
facet 53
facet 72
facet 102
facet 82
facet 89
facet 91
facet 168
facet 90
facet 187
facet 147
facet 141
facet 192
facet 136
facet 77
facet 107
facet 133
facet 87
facet 167
facet 159
facet 55
facet 22
facet 27
facet 130
facet 125
facet 95
facet 78
facet 99
facet 25
facet 33
facet 41
facet 98
facet 153
facet 18
facet 117
facet 94
facet 92
facet 137
facet 32
facet 48
facet 186
facet 152
facet 58
facet 129
facet 123
facet 121
facet 8
facet 127
facet 105
facet 96
facet 124
facet 60
facet 113
facet 52
facet 74
facet 46
facet 139
facet 4
facet 88
facet 47
facet 120
facet 118
facet 56
facet 146
facet 122
facet 119
facet 16
facet 93
facet 6
facet 36
facet 128
facet 161
facet 23
facet 112
facet 38
facet 28
facet 15
facet 57
facet 67
facet 85
facet 43
facet 75
facet 42
facet 3
facet 66
facet 157
facet 170
facet 110
facet 5
facet 54
facet 71
facet 49
facet 86
facet 126
facet 59
facet 21
facet 44
facet 50
facet 9
facet 40
facet 24
facet 35
facet 20
facet 14
facet 37
facet 84
facet 7
facet 39
facet 10
facet 11
facet 63
facet 69
facet 26
facet 13
facet 2
facet 34
facet 12
E_POLYGON 146
